Archive member included to satisfy reference by file (symbol)

c:/progra~1/raspbe~1/picosd~1.1/gcc-ar~1/bin/../lib/gcc/arm-none-eabi/10.3.1/thumb/v6-m/nofp\libgcc.a(_dvmd_tls.o)
                              CMakeFiles/pwmAdcC.dir/C_/Program_Files/Raspberry_Pi/Pico_SDK_v1.5.1/pico-sdk/src/rp2_common/pico_divider/divider.S.obj (__aeabi_idiv0)
c:/progra~1/raspbe~1/picosd~1.1/gcc-ar~1/bin/../lib/gcc/arm-none-eabi/10.3.1/../../../../arm-none-eabi/lib/thumb/v6-m/nofp\libg.a(lib_a-calloc.o)
                              CMakeFiles/pwmAdcC.dir/C_/Program_Files/Raspberry_Pi/Pico_SDK_v1.5.1/pico-sdk/src/rp2_common/pico_malloc/pico_malloc.c.obj (calloc)
c:/progra~1/raspbe~1/picosd~1.1/gcc-ar~1/bin/../lib/gcc/arm-none-eabi/10.3.1/../../../../arm-none-eabi/lib/thumb/v6-m/nofp\libg.a(lib_a-callocr.o)
                              c:/progra~1/raspbe~1/picosd~1.1/gcc-ar~1/bin/../lib/gcc/arm-none-eabi/10.3.1/../../../../arm-none-eabi/lib/thumb/v6-m/nofp\libg.a(lib_a-calloc.o) (_calloc_r)
c:/progra~1/raspbe~1/picosd~1.1/gcc-ar~1/bin/../lib/gcc/arm-none-eabi/10.3.1/../../../../arm-none-eabi/lib/thumb/v6-m/nofp\libg.a(lib_a-errno.o)
                              c:/progra~1/raspbe~1/picosd~1.1/gcc-ar~1/bin/../lib/gcc/arm-none-eabi/10.3.1/../../../../arm-none-eabi/lib/thumb/v6-m/nofp\libg.a(lib_a-callocr.o) (__errno)
c:/progra~1/raspbe~1/picosd~1.1/gcc-ar~1/bin/../lib/gcc/arm-none-eabi/10.3.1/../../../../arm-none-eabi/lib/thumb/v6-m/nofp\libg.a(lib_a-impure.o)
                              c:/progra~1/raspbe~1/picosd~1.1/gcc-ar~1/bin/../lib/gcc/arm-none-eabi/10.3.1/../../../../arm-none-eabi/lib/thumb/v6-m/nofp\libg.a(lib_a-calloc.o) (_impure_ptr)
c:/progra~1/raspbe~1/picosd~1.1/gcc-ar~1/bin/../lib/gcc/arm-none-eabi/10.3.1/../../../../arm-none-eabi/lib/thumb/v6-m/nofp\libg.a(lib_a-init.o)
                              c:/progra~1/raspbe~1/picosd~1.1/gcc-ar~1/bin/../lib/gcc/arm-none-eabi/10.3.1/../../../../arm-none-eabi/lib/thumb/v6-m/nofp/crt0.o (__libc_init_array)
c:/progra~1/raspbe~1/picosd~1.1/gcc-ar~1/bin/../lib/gcc/arm-none-eabi/10.3.1/../../../../arm-none-eabi/lib/thumb/v6-m/nofp\libg.a(lib_a-malloc.o)
                              CMakeFiles/pwmAdcC.dir/C_/Program_Files/Raspberry_Pi/Pico_SDK_v1.5.1/pico-sdk/src/rp2_common/pico_malloc/pico_malloc.c.obj (malloc)
c:/progra~1/raspbe~1/picosd~1.1/gcc-ar~1/bin/../lib/gcc/arm-none-eabi/10.3.1/../../../../arm-none-eabi/lib/thumb/v6-m/nofp\libg.a(lib_a-mallocr.o)
                              c:/progra~1/raspbe~1/picosd~1.1/gcc-ar~1/bin/../lib/gcc/arm-none-eabi/10.3.1/../../../../arm-none-eabi/lib/thumb/v6-m/nofp\libg.a(lib_a-callocr.o) (_malloc_r)
c:/progra~1/raspbe~1/picosd~1.1/gcc-ar~1/bin/../lib/gcc/arm-none-eabi/10.3.1/../../../../arm-none-eabi/lib/thumb/v6-m/nofp\libg.a(lib_a-mlock.o)
                              c:/progra~1/raspbe~1/picosd~1.1/gcc-ar~1/bin/../lib/gcc/arm-none-eabi/10.3.1/../../../../arm-none-eabi/lib/thumb/v6-m/nofp\libg.a(lib_a-mallocr.o) (__malloc_lock)
c:/progra~1/raspbe~1/picosd~1.1/gcc-ar~1/bin/../lib/gcc/arm-none-eabi/10.3.1/../../../../arm-none-eabi/lib/thumb/v6-m/nofp\libg.a(lib_a-realloc.o)
                              CMakeFiles/pwmAdcC.dir/C_/Program_Files/Raspberry_Pi/Pico_SDK_v1.5.1/pico-sdk/src/rp2_common/pico_malloc/pico_malloc.c.obj (realloc)
c:/progra~1/raspbe~1/picosd~1.1/gcc-ar~1/bin/../lib/gcc/arm-none-eabi/10.3.1/../../../../arm-none-eabi/lib/thumb/v6-m/nofp\libg.a(lib_a-reallocr.o)
                              c:/progra~1/raspbe~1/picosd~1.1/gcc-ar~1/bin/../lib/gcc/arm-none-eabi/10.3.1/../../../../arm-none-eabi/lib/thumb/v6-m/nofp\libg.a(lib_a-realloc.o) (_realloc_r)
c:/progra~1/raspbe~1/picosd~1.1/gcc-ar~1/bin/../lib/gcc/arm-none-eabi/10.3.1/../../../../arm-none-eabi/lib/thumb/v6-m/nofp\libg.a(lib_a-sbrkr.o)
                              c:/progra~1/raspbe~1/picosd~1.1/gcc-ar~1/bin/../lib/gcc/arm-none-eabi/10.3.1/../../../../arm-none-eabi/lib/thumb/v6-m/nofp\libg.a(lib_a-mallocr.o) (_sbrk_r)
c:/progra~1/raspbe~1/picosd~1.1/gcc-ar~1/bin/../lib/gcc/arm-none-eabi/10.3.1/../../../../arm-none-eabi/lib/thumb/v6-m/nofp\libg.a(lib_a-strlen-stub.o)
                              CMakeFiles/pwmAdcC.dir/C_/Program_Files/Raspberry_Pi/Pico_SDK_v1.5.1/pico-sdk/src/rp2_common/pico_stdio/stdio.c.obj (strlen)
c:/progra~1/raspbe~1/picosd~1.1/gcc-ar~1/bin/../lib/gcc/arm-none-eabi/10.3.1/../../../../arm-none-eabi/lib/thumb/v6-m/nofp\libg.a(lib_a-freer.o)
                              c:/progra~1/raspbe~1/picosd~1.1/gcc-ar~1/bin/../lib/gcc/arm-none-eabi/10.3.1/../../../../arm-none-eabi/lib/thumb/v6-m/nofp\libg.a(lib_a-malloc.o) (_free_r)
c:/progra~1/raspbe~1/picosd~1.1/gcc-ar~1/bin/../lib/gcc/arm-none-eabi/10.3.1/../../../../arm-none-eabi/lib/thumb/v6-m/nofp\libg.a(lib_a-lock.o)
                              c:/progra~1/raspbe~1/picosd~1.1/gcc-ar~1/bin/../lib/gcc/arm-none-eabi/10.3.1/../../../../arm-none-eabi/lib/thumb/v6-m/nofp\libg.a(lib_a-mlock.o) (__retarget_lock_acquire_recursive)
[...]
Memory Configuration

Name             Origin             Length             Attributes
FLASH            0x10000000         0x00200000         xr
RAM              0x20000000         0x00040000         xrw
SCRATCH_X        0x20040000         0x00001000         xrw
SCRATCH_Y        0x20041000         0x00001000         xrw
*default*        0x00000000         0xffffffff

Linker script and memory map

LOAD c:/progra~1/raspbe~1/picosd~1.1/gcc-ar~1/bin/../lib/gcc/arm-none-eabi/10.3.1/thumb/v6-m/nofp/crti.o
LOAD c:/progra~1/raspbe~1/picosd~1.1/gcc-ar~1/bin/../lib/gcc/arm-none-eabi/10.3.1/thumb/v6-m/nofp/crtbegin.o
LOAD c:/progra~1/raspbe~1/picosd~1.1/gcc-ar~1/bin/../lib/gcc/arm-none-eabi/10.3.1/../../../../arm-none-eabi/lib/thumb/v6-m/nofp/crt0.o

.flash_begin    0x10000000        0x0
                0x10000000                __flash_binary_start = .

.boot2          0x10000000      0x100
                0x10000000                __boot2_start__ = .
 *(.boot2)
 .boot2         0x10000000      0x100 C:\Users\DAVINC~1\AppData\Local\Temp\ccCCRq6E.o
                0x10000100                __boot2_end__ = .
                0x00000001                ASSERT (((__boot2_end__ - __boot2_start__) == 0x100), ERROR: Pico second stage bootloader must be 256 bytes in size)

.text           0x10000100     0x6e48
                0x10000100                __logical_binary_start = .
 *(.vectors)
 .vectors       0x10000100       0xd4 CMakeFiles/pwmAdcC.dir/C_/Program_Files/Raspberry_Pi/Pico_SDK_v1.5.1/pico-sdk/src/rp2_common/pico_standard_link/crt0.S.obj
                0x10000100                __VECTOR_TABLE
                0x10000100                __vectors
                0x100001c0                isr_invalid
                0x100001c0                __default_isrs_start
                0x100001c2                isr_nmi
                0x100001c4                isr_hardfault
                0x100001c6                isr_svcall
                0x100001c8                isr_pendsv
                0x100001ca                isr_systick
                0x100001cc                isr_irq23
                0x100001cc                isr_irq18
                0x100001cc                isr_irq11
                0x100001cc                isr_irq28
                0x100001cc                isr_irq19
                0x100001cc                isr_irq0
                0x100001cc                isr_irq6
                0x100001cc                isr_irq5
                0x100001cc                isr_irq12
                0x100001cc                isr_irq22
                0x100001cc                isr_irq31
                0x100001cc                isr_irq17
                0x100001cc                isr_irq27
                0x100001cc                isr_irq30
                0x100001cc                isr_irq2
                0x100001cc                isr_irq10
                0x100001cc                isr_irq8
                0x100001cc                isr_irq24
                0x100001cc                isr_irq1
                0x100001cc                isr_irq7
                0x100001cc                isr_irq21
                0x100001cc                isr_irq20
                0x100001cc                isr_irq15
                0x100001cc                isr_irq25
                0x100001cc                isr_irq13
                0x100001cc                __unhandled_user_irq
                0x100001cc                isr_irq4
                0x100001cc                isr_irq16
                0x100001cc                isr_irq29
                0x100001cc                isr_irq26
                0x100001cc                __default_isrs_end
                0x100001cc                isr_irq3
                0x100001cc                isr_irq14
                0x100001cc                isr_irq9
                0x100001d2                unhandled_user_irq_num_in_r0
 *(.binary_info_header)
 .binary_info_header
                0x100001d4       0x14 CMakeFiles/pwmAdcC.dir/C_/Program_Files/Raspberry_Pi/Pico_SDK_v1.5.1/pico-sdk/src/rp2_common/pico_standard_link/crt0.S.obj
                0x100001e8                __binary_info_header_end = .
 *(.reset)
 .reset         0x100001e8       0xa0 CMakeFiles/pwmAdcC.dir/C_/Program_Files/Raspberry_Pi/Pico_SDK_v1.5.1/pico-sdk/src/rp2_common/pico_standard_link/crt0.S.obj
                0x100001e8                _entry_point
 .reset         0x10000288       0x30 CMakeFiles/pwmAdcC.dir/C_/Program_Files/Raspberry_Pi/Pico_SDK_v1.5.1/pico-sdk/src/rp2_common/pico_standard_link/binary_info.c.obj
 *(.init)
 .init          0x100002b8        0x4 c:/progra~1/raspbe~1/picosd~1.1/gcc-ar~1/bin/../lib/gcc/arm-none-eabi/10.3.1/thumb/v6-m/nofp/crti.o
                0x100002b8                _init
 *(EXCLUDE_FILE(*libm.a: *libc.a:*lib_a-mem*.o *libgcc.a:) .text*)
 .text          0x100002bc       0x48 c:/progra~1/raspbe~1/picosd~1.1/gcc-ar~1/bin/../lib/gcc/arm-none-eabi/10.3.1/thumb/v6-m/nofp/crtbegin.o
 .text.main     0x10000304        0xe CMakeFiles/pwmAdcC.dir/src/main.c.obj
                0x10000304                main
 *fill*         0x10000312        0x2 
 .text          0x10000314       0xe8 CMakeFiles/pwmAdcC.dir/src/main.s.obj
                0x10000314                main_asm
 .text          0x100003fc       0x20 CMakeFiles/pwmAdcC.dir/src/adc.s.obj
                0x100003fc                project_adc_init_asm
                0x10000410                project_adc_read_asm
 .text.adc_init_wrapper
                0x1000041c        0x8 CMakeFiles/pwmAdcC.dir/src/adc.c.obj
                0x1000041c                adc_init_wrapper
 .text.adc_gpio_init_wrapper
                0x10000424       0x1e CMakeFiles/pwmAdcC.dir/src/adc.c.obj
                0x10000424                adc_gpio_init_wrapper
 *fill*         0x10000442        0x2 
 .text.adc_select_input_wrapper
                0x10000444       0x1c CMakeFiles/pwmAdcC.dir/src/adc.c.obj
                0x10000444                adc_select_input_wrapper
 .text.adc_read_wrapper
                0x10000460       0x20 CMakeFiles/pwmAdcC.dir/src/adc.c.obj
                0x10000460                adc_read_wrapper
 .text          0x10000480       0x68 CMakeFiles/pwmAdcC.dir/src/gpio.s.obj
                0x10000480                gpio_init_asm
                0x100004aa                gpio_set_dir_asm
                0x100004bc                gpio_put_asm
                0x100004ce                delay_asm
 .text          0x100004e8       0x9c CMakeFiles/pwmAdcC.dir/src/pwm.s.obj
                0x10000508                setFunction_pwm_asm
                0x10000512                Cal_slices_asm
                0x1000051a                Config_div_asm
                0x10000530                Config_CC_asm
                0x10000548                Config_TOP_asm
                0x1000055c                Enable_PWM_asm
 .text          0x10000584       0x70 CMakeFiles/pwmAdcC.dir/src/uart.s.obj
                0x100005d4                uart_text_Foto_Resistors
 .text.gpio_set_function
                0x100005f4       0x30 CMakeFiles/pwmAdcC.dir/C_/Program_Files/Raspberry_Pi/Pico_SDK_v1.5.1/pico-sdk/src/rp2_common/hardware_gpio/gpio.c.obj
                0x100005f4                gpio_set_function
 .text.gpio_set_pulls
                0x10000624       0x34 CMakeFiles/pwmAdcC.dir/C_/Program_Files/Raspberry_Pi/Pico_SDK_v1.5.1/pico-sdk/src/rp2_common/hardware_gpio/gpio.c.obj
                0x10000624                gpio_set_pulls
 .text.gpio_set_input_enabled
                0x10000658       0x30 CMakeFiles/pwmAdcC.dir/C_/Program_Files/Raspberry_Pi/Pico_SDK_v1.5.1/pico-sdk/src/rp2_common/hardware_gpio/gpio.c.obj
                0x10000658                gpio_set_input_enabled
 .text.running_on_fpga
                0x10000688       0x14 CMakeFiles/pwmAdcC.dir/C_/Program_Files/Raspberry_Pi/Pico_SDK_v1.5.1/pico-sdk/src/rp2_common/pico_platform/platform.c.obj
                0x10000688                running_on_fpga
 .text.hw_claim_lock
                0x1000069c       0x18 CMakeFiles/pwmAdcC.dir/C_/Program_Files/Raspberry_Pi/Pico_SDK_v1.5.1/pico-sdk/src/rp2_common/hardware_claim/claim.c.obj
                0x1000069c                hw_claim_lock
 .text.hw_claim_unlock
                0x100006b4       0x14 CMakeFiles/pwmAdcC.dir/C_/Program_Files/Raspberry_Pi/Pico_SDK_v1.5.1/pico-sdk/src/rp2_common/hardware_claim/claim.c.obj
                0x100006b4                hw_claim_unlock
 .text.hw_claim_or_assert
                0x100006c8       0x32 CMakeFiles/pwmAdcC.dir/C_/Program_Files/Raspberry_Pi/Pico_SDK_v1.5.1/pico-sdk/src/rp2_common/hardware_claim/claim.c.obj
                0x100006c8                hw_claim_or_assert
 .text.hw_claim_unused_from_range
                0x100006fa       0x50 CMakeFiles/pwmAdcC.dir/C_/Program_Files/Raspberry_Pi/Pico_SDK_v1.5.1/pico-sdk/src/rp2_common/hardware_claim/claim.c.obj
                0x100006fa                hw_claim_unused_from_range
 *fill*         0x1000074a        0x2 
 .text.spin_locks_reset
                0x1000074c       0x20 CMakeFiles/pwmAdcC.dir/C_/Program_Files/Raspberry_Pi/Pico_SDK_v1.5.1/pico-sdk/src/rp2_common/hardware_sync/sync.c.obj
                0x1000074c                spin_locks_reset
 .text.next_striped_spin_lock_num
                0x1000076c       0x1c CMakeFiles/pwmAdcC.dir/C_/Program_Files/Raspberry_Pi/Pico_SDK_v1.5.1/pico-sdk/src/rp2_common/hardware_sync/sync.c.obj
                0x1000076c                next_striped_spin_lock_num
 .text.spin_lock_claim_unused
                0x10000788       0x20 CMakeFiles/pwmAdcC.dir/C_/Program_Files/Raspberry_Pi/Pico_SDK_v1.5.1/pico-sdk/src/rp2_common/hardware_sync/sync.c.obj
                0x10000788                spin_lock_claim_unused
 .text.set_raw_irq_handler_and_unlock
                0x100007a8       0x28 CMakeFiles/pwmAdcC.dir/C_/Program_Files/Raspberry_Pi/Pico_SDK_v1.5.1/pico-sdk/src/rp2_common/hardware_irq/irq.c.obj
 .text.make_branch
                0x100007d0       0x48 CMakeFiles/pwmAdcC.dir/C_/Program_Files/Raspberry_Pi/Pico_SDK_v1.5.1/pico-sdk/src/rp2_common/hardware_irq/irq.c.obj
 .text.insert_branch_and_link
                0x10000818       0x40 CMakeFiles/pwmAdcC.dir/C_/Program_Files/Raspberry_Pi/Pico_SDK_v1.5.1/pico-sdk/src/rp2_common/hardware_irq/irq.c.obj
 .text.irq_is_enabled
                0x10000858       0x18 CMakeFiles/pwmAdcC.dir/C_/Program_Files/Raspberry_Pi/Pico_SDK_v1.5.1/pico-sdk/src/rp2_common/hardware_irq/irq.c.obj
                0x10000858                irq_is_enabled
 .text.irq_set_mask_enabled
                0x10000870       0x20 CMakeFiles/pwmAdcC.dir/C_/Program_Files/Raspberry_Pi/Pico_SDK_v1.5.1/pico-sdk/src/rp2_common/hardware_irq/irq.c.obj
                0x10000870                irq_set_mask_enabled
 .text.irq_set_enabled
                0x10000890        0xe CMakeFiles/pwmAdcC.dir/C_/Program_Files/Raspberry_Pi/Pico_SDK_v1.5.1/pico-sdk/src/rp2_common/hardware_irq/irq.c.obj
                0x10000890                irq_set_enabled
 *fill*         0x1000089e        0x2 
 .text.irq_set_pending
                0x100008a0       0x10 CMakeFiles/pwmAdcC.dir/C_/Program_Files/Raspberry_Pi/Pico_SDK_v1.5.1/pico-sdk/src/rp2_common/hardware_irq/irq.c.obj
                0x100008a0                irq_set_pending
 .text.irq_get_vtable_handler
                0x100008b0       0x10 CMakeFiles/pwmAdcC.dir/C_/Program_Files/Raspberry_Pi/Pico_SDK_v1.5.1/pico-sdk/src/rp2_common/hardware_irq/irq.c.obj
                0x100008b0                irq_get_vtable_handler
 .text.irq_has_shared_handler
                0x100008c0       0x24 CMakeFiles/pwmAdcC.dir/C_/Program_Files/Raspberry_Pi/Pico_SDK_v1.5.1/pico-sdk/src/rp2_common/hardware_irq/irq.c.obj
                0x100008c0                irq_has_shared_handler
 .text.irq_set_exclusive_handler
                0x100008e4       0x54 CMakeFiles/pwmAdcC.dir/C_/Program_Files/Raspberry_Pi/Pico_SDK_v1.5.1/pico-sdk/src/rp2_common/hardware_irq/irq.c.obj
                0x100008e4                irq_set_exclusive_handler
 .text.irq_add_shared_handler
                0x10000938      0x234 CMakeFiles/pwmAdcC.dir/C_/Program_Files/Raspberry_Pi/Pico_SDK_v1.5.1/pico-sdk/src/rp2_common/hardware_irq/irq.c.obj
                0x10000938                irq_add_shared_handler
 .text.irq_remove_handler
                0x10000b6c      0x1ac CMakeFiles/pwmAdcC.dir/C_/Program_Files/Raspberry_Pi/Pico_SDK_v1.5.1/pico-sdk/src/rp2_common/hardware_irq/irq.c.obj
                0x10000b6c                irq_remove_handler
 .text.irq_add_tail_to_free_list
                0x10000d18       0xf0 CMakeFiles/pwmAdcC.dir/C_/Program_Files/Raspberry_Pi/Pico_SDK_v1.5.1/pico-sdk/src/rp2_common/hardware_irq/irq.c.obj
                0x10000d18                irq_add_tail_to_free_list
 .text.irq_init_priorities
                0x10000e08       0x1c CMakeFiles/pwmAdcC.dir/C_/Program_Files/Raspberry_Pi/Pico_SDK_v1.5.1/pico-sdk/src/rp2_common/hardware_irq/irq.c.obj
                0x10000e08                irq_init_priorities
 .text.user_irq_claim_unused
                0x10000e24       0x28 CMakeFiles/pwmAdcC.dir/C_/Program_Files/Raspberry_Pi/Pico_SDK_v1.5.1/pico-sdk/src/rp2_common/hardware_irq/irq.c.obj
                0x10000e24                user_irq_claim_unused
 .text.lock_init
                0x10000e4c       0x10 CMakeFiles/pwmAdcC.dir/C_/Program_Files/Raspberry_Pi/Pico_SDK_v1.5.1/pico-sdk/src/common/pico_sync/lock_core.c.obj
                0x10000e4c                lock_init
 .text.mutex_init
                0x10000e5c       0x1a CMakeFiles/pwmAdcC.dir/C_/Program_Files/Raspberry_Pi/Pico_SDK_v1.5.1/pico-sdk/src/common/pico_sync/mutex.c.obj
                0x10000e5c                mutex_init
 .text.recursive_mutex_init
                0x10000e76       0x1e CMakeFiles/pwmAdcC.dir/C_/Program_Files/Raspberry_Pi/Pico_SDK_v1.5.1/pico-sdk/src/common/pico_sync/mutex.c.obj
                0x10000e76                recursive_mutex_init
 .text.critical_section_init_with_lock_num
                0x10000e94       0x14 CMakeFiles/pwmAdcC.dir/C_/Program_Files/Raspberry_Pi/Pico_SDK_v1.5.1/pico-sdk/src/common/pico_sync/critical_section.c.obj
                0x10000e94                critical_section_init_with_lock_num
 .text.critical_section_init
                0x10000ea8       0x14 CMakeFiles/pwmAdcC.dir/C_/Program_Files/Raspberry_Pi/Pico_SDK_v1.5.1/pico-sdk/src/common/pico_sync/critical_section.c.obj
                0x10000ea8                critical_section_init
 .text.alarm_pool_post_alloc_init
                0x10000ebc       0x40 CMakeFiles/pwmAdcC.dir/C_/Program_Files/Raspberry_Pi/Pico_SDK_v1.5.1/pico-sdk/src/common/pico_time/time.c.obj
 .text.sleep_until_callback
                0x10000efc       0x30 CMakeFiles/pwmAdcC.dir/C_/Program_Files/Raspberry_Pi/Pico_SDK_v1.5.1/pico-sdk/src/common/pico_time/time.c.obj
 .text.timer_pool_entry_comparator
                0x10000f2c       0x7c CMakeFiles/pwmAdcC.dir/C_/Program_Files/Raspberry_Pi/Pico_SDK_v1.5.1/pico-sdk/src/common/pico_time/time.c.obj
                0x10000f2c                timer_pool_entry_comparator
 .text.ph_add_child_node
                0x10000fa8       0xa4 CMakeFiles/pwmAdcC.dir/C_/Program_Files/Raspberry_Pi/Pico_SDK_v1.5.1/pico-sdk/src/common/pico_time/time.c.obj
 .text.ph_merge_nodes
                0x1000104c       0x3e CMakeFiles/pwmAdcC.dir/C_/Program_Files/Raspberry_Pi/Pico_SDK_v1.5.1/pico-sdk/src/common/pico_time/time.c.obj
 *fill*         0x1000108a        0x2 
 .text.add_alarm_under_lock
                0x1000108c      0x174 CMakeFiles/pwmAdcC.dir/C_/Program_Files/Raspberry_Pi/Pico_SDK_v1.5.1/pico-sdk/src/common/pico_time/time.c.obj
 .text.alarm_pool_alarm_callback
                0x10001200      0x33c CMakeFiles/pwmAdcC.dir/C_/Program_Files/Raspberry_Pi/Pico_SDK_v1.5.1/pico-sdk/src/common/pico_time/time.c.obj
 .text.alarm_pool_init_default
                0x1000153c       0x40 CMakeFiles/pwmAdcC.dir/C_/Program_Files/Raspberry_Pi/Pico_SDK_v1.5.1/pico-sdk/src/common/pico_time/time.c.obj
                0x1000153c                alarm_pool_init_default
 .text.alarm_pool_get_default
                0x1000157c       0x2c CMakeFiles/pwmAdcC.dir/C_/Program_Files/Raspberry_Pi/Pico_SDK_v1.5.1/pico-sdk/src/common/pico_time/time.c.obj
                0x1000157c                alarm_pool_get_default
 .text.alarm_pool_add_alarm_at
                0x100015a8      0x168 CMakeFiles/pwmAdcC.dir/C_/Program_Files/Raspberry_Pi/Pico_SDK_v1.5.1/pico-sdk/src/common/pico_time/time.c.obj
                0x100015a8                alarm_pool_add_alarm_at
 .text.alarm_pool_cancel_alarm
                0x10001710       0xf8 CMakeFiles/pwmAdcC.dir/C_/Program_Files/Raspberry_Pi/Pico_SDK_v1.5.1/pico-sdk/src/common/pico_time/time.c.obj
                0x10001710                alarm_pool_cancel_alarm
 .text.alarm_pool_core_num
                0x10001808        0x4 CMakeFiles/pwmAdcC.dir/C_/Program_Files/Raspberry_Pi/Pico_SDK_v1.5.1/pico-sdk/src/common/pico_time/time.c.obj
                0x10001808                alarm_pool_core_num
 .text.best_effort_wfe_or_timeout
                0x1000180c       0xac CMakeFiles/pwmAdcC.dir/C_/Program_Files/Raspberry_Pi/Pico_SDK_v1.5.1/pico-sdk/src/common/pico_time/time.c.obj
                0x1000180c                best_effort_wfe_or_timeout
 .text.hardware_alarm_irq_handler
                0x100018b8       0x90 CMakeFiles/pwmAdcC.dir/C_/Program_Files/Raspberry_Pi/Pico_SDK_v1.5.1/pico-sdk/src/rp2_common/hardware_timer/timer.c.obj
 .text.hardware_alarm_claim
                0x10001948       0x18 CMakeFiles/pwmAdcC.dir/C_/Program_Files/Raspberry_Pi/Pico_SDK_v1.5.1/pico-sdk/src/rp2_common/hardware_timer/timer.c.obj
                0x10001948                hardware_alarm_claim
 .text.time_us_64
                0x10001960       0x18 CMakeFiles/pwmAdcC.dir/C_/Program_Files/Raspberry_Pi/Pico_SDK_v1.5.1/pico-sdk/src/rp2_common/hardware_timer/timer.c.obj
                0x10001960                time_us_64
 .text.hardware_alarm_set_callback
                0x10001978       0x90 CMakeFiles/pwmAdcC.dir/C_/Program_Files/Raspberry_Pi/Pico_SDK_v1.5.1/pico-sdk/src/rp2_common/hardware_timer/timer.c.obj
                0x10001978                hardware_alarm_set_callback
 .text.hardware_alarm_set_target
                0x10001a08       0xe8 CMakeFiles/pwmAdcC.dir/C_/Program_Files/Raspberry_Pi/Pico_SDK_v1.5.1/pico-sdk/src/rp2_common/hardware_timer/timer.c.obj
                0x10001a08                hardware_alarm_set_target
 .text.hardware_alarm_cancel
                0x10001af0       0x40 CMakeFiles/pwmAdcC.dir/C_/Program_Files/Raspberry_Pi/Pico_SDK_v1.5.1/pico-sdk/src/rp2_common/hardware_timer/timer.c.obj
                0x10001af0                hardware_alarm_cancel
 .text.ph_add_child_node
                0x10001b30       0xa4 CMakeFiles/pwmAdcC.dir/C_/Program_Files/Raspberry_Pi/Pico_SDK_v1.5.1/pico-sdk/src/common/pico_util/pheap.c.obj
 .text.ph_merge_nodes
                0x10001bd4       0x3e CMakeFiles/pwmAdcC.dir/C_/Program_Files/Raspberry_Pi/Pico_SDK_v1.5.1/pico-sdk/src/common/pico_util/pheap.c.obj
 *fill*         0x10001c12        0x2 
 .text.ph_clear
                0x10001c14       0x70 CMakeFiles/pwmAdcC.dir/C_/Program_Files/Raspberry_Pi/Pico_SDK_v1.5.1/pico-sdk/src/common/pico_util/pheap.c.obj
                0x10001c14                ph_clear
 .text.ph_post_alloc_init
                0x10001c84        0xe CMakeFiles/pwmAdcC.dir/C_/Program_Files/Raspberry_Pi/Pico_SDK_v1.5.1/pico-sdk/src/common/pico_util/pheap.c.obj
                0x10001c84                ph_post_alloc_init
 *fill*         0x10001c92        0x2 
 .text.ph_merge_two_pass
                0x10001c94       0xa8 CMakeFiles/pwmAdcC.dir/C_/Program_Files/Raspberry_Pi/Pico_SDK_v1.5.1/pico-sdk/src/common/pico_util/pheap.c.obj
                0x10001c94                ph_merge_two_pass
 .text.ph_remove_any_head
                0x10001d3c      0x128 CMakeFiles/pwmAdcC.dir/C_/Program_Files/Raspberry_Pi/Pico_SDK_v1.5.1/pico-sdk/src/common/pico_util/pheap.c.obj
 .text.ph_remove_head
                0x10001e64       0x14 CMakeFiles/pwmAdcC.dir/C_/Program_Files/Raspberry_Pi/Pico_SDK_v1.5.1/pico-sdk/src/common/pico_util/pheap.c.obj
                0x10001e64                ph_remove_head
 .text.ph_remove_and_free_node
                0x10001e78       0xf8 CMakeFiles/pwmAdcC.dir/C_/Program_Files/Raspberry_Pi/Pico_SDK_v1.5.1/pico-sdk/src/common/pico_util/pheap.c.obj
                0x10001e78                ph_remove_and_free_node
 .text.clock_configure
                0x10001f70      0x108 CMakeFiles/pwmAdcC.dir/C_/Program_Files/Raspberry_Pi/Pico_SDK_v1.5.1/pico-sdk/src/rp2_common/hardware_clocks/clocks.c.obj
                0x10001f70                clock_configure
 .text.clocks_init
                0x10002078      0x100 CMakeFiles/pwmAdcC.dir/C_/Program_Files/Raspberry_Pi/Pico_SDK_v1.5.1/pico-sdk/src/rp2_common/hardware_clocks/clocks.c.obj
                0x10002078                clocks_init
 .text.pll_init
                0x10002178      0x120 CMakeFiles/pwmAdcC.dir/C_/Program_Files/Raspberry_Pi/Pico_SDK_v1.5.1/pico-sdk/src/rp2_common/hardware_pll/pll.c.obj
                0x10002178                pll_init
 .text.watchdog_start_tick
                0x10002298       0x10 CMakeFiles/pwmAdcC.dir/C_/Program_Files/Raspberry_Pi/Pico_SDK_v1.5.1/pico-sdk/src/rp2_common/hardware_watchdog/watchdog.c.obj
                0x10002298                watchdog_start_tick
 .text.watchdog_update
                0x100022a8       0x14 CMakeFiles/pwmAdcC.dir/C_/Program_Files/Raspberry_Pi/Pico_SDK_v1.5.1/pico-sdk/src/rp2_common/hardware_watchdog/watchdog.c.obj
                0x100022a8                watchdog_update
 .text._watchdog_enable
                0x100022bc       0x78 CMakeFiles/pwmAdcC.dir/C_/Program_Files/Raspberry_Pi/Pico_SDK_v1.5.1/pico-sdk/src/rp2_common/hardware_watchdog/watchdog.c.obj
                0x100022bc                _watchdog_enable
 .text.watchdog_reboot
                0x10002334       0x48 CMakeFiles/pwmAdcC.dir/C_/Program_Files/Raspberry_Pi/Pico_SDK_v1.5.1/pico-sdk/src/rp2_common/hardware_watchdog/watchdog.c.obj
                0x10002334                watchdog_reboot
 .text.xosc_init
                0x1000237c       0x28 CMakeFiles/pwmAdcC.dir/C_/Program_Files/Raspberry_Pi/Pico_SDK_v1.5.1/pico-sdk/src/rp2_common/hardware_xosc/xosc.c.obj
                0x1000237c                xosc_init
 .text._exit    0x100023a4        0x4 CMakeFiles/pwmAdcC.dir/C_/Program_Files/Raspberry_Pi/Pico_SDK_v1.5.1/pico-sdk/src/rp2_common/pico_runtime/runtime.c.obj
                0x100023a4                _exit
 .text.exit     0x100023a8        0x6 CMakeFiles/pwmAdcC.dir/C_/Program_Files/Raspberry_Pi/Pico_SDK_v1.5.1/pico-sdk/src/rp2_common/pico_runtime/runtime.c.obj
                0x100023a8                exit
 *fill*         0x100023ae        0x2 
 .text.__assert_func
                0x100023b0       0x3c CMakeFiles/pwmAdcC.dir/C_/Program_Files/Raspberry_Pi/Pico_SDK_v1.5.1/pico-sdk/src/rp2_common/pico_runtime/runtime.c.obj
                0x100023b0                __assert_func
 .text.runtime_init
                0x100023ec       0xf8 CMakeFiles/pwmAdcC.dir/C_/Program_Files/Raspberry_Pi/Pico_SDK_v1.5.1/pico-sdk/src/rp2_common/pico_runtime/runtime.c.obj
                0x100023ec                runtime_init
 .text.panic    0x100024e4       0x30 CMakeFiles/pwmAdcC.dir/C_/Program_Files/Raspberry_Pi/Pico_SDK_v1.5.1/pico-sdk/src/rp2_common/pico_runtime/runtime.c.obj
                0x100024e4                panic
 .text._out_null
                0x10002514        0x2 CMakeFiles/pwmAdcC.dir/C_/Program_Files/Raspberry_Pi/Pico_SDK_v1.5.1/pico-sdk/src/rp2_common/pico_printf/printf.c.obj
 .text._out_fct
                0x10002516        0xe CMakeFiles/pwmAdcC.dir/C_/Program_Files/Raspberry_Pi/Pico_SDK_v1.5.1/pico-sdk/src/rp2_common/pico_printf/printf.c.obj
 .text._atoi    0x10002524       0x24 CMakeFiles/pwmAdcC.dir/C_/Program_Files/Raspberry_Pi/Pico_SDK_v1.5.1/pico-sdk/src/rp2_common/pico_printf/printf.c.obj
 .text._out_rev
                0x10002548       0xae CMakeFiles/pwmAdcC.dir/C_/Program_Files/Raspberry_Pi/Pico_SDK_v1.5.1/pico-sdk/src/rp2_common/pico_printf/printf.c.obj
 .text._ntoa_format
                0x100025f6      0x112 CMakeFiles/pwmAdcC.dir/C_/Program_Files/Raspberry_Pi/Pico_SDK_v1.5.1/pico-sdk/src/rp2_common/pico_printf/printf.c.obj
 .text._ntoa_long
                0x10002708       0xbc CMakeFiles/pwmAdcC.dir/C_/Program_Files/Raspberry_Pi/Pico_SDK_v1.5.1/pico-sdk/src/rp2_common/pico_printf/printf.c.obj
 .text._ntoa_long_long
                0x100027c4       0xe2 CMakeFiles/pwmAdcC.dir/C_/Program_Files/Raspberry_Pi/Pico_SDK_v1.5.1/pico-sdk/src/rp2_common/pico_printf/printf.c.obj
 *fill*         0x100028a6        0x2 
 .text._etoa    0x100028a8      0x414 CMakeFiles/pwmAdcC.dir/C_/Program_Files/Raspberry_Pi/Pico_SDK_v1.5.1/pico-sdk/src/rp2_common/pico_printf/printf.c.obj
 .text._ftoa    0x10002cbc      0x354 CMakeFiles/pwmAdcC.dir/C_/Program_Files/Raspberry_Pi/Pico_SDK_v1.5.1/pico-sdk/src/rp2_common/pico_printf/printf.c.obj
 .text._vsnprintf
                0x10003010      0x624 CMakeFiles/pwmAdcC.dir/C_/Program_Files/Raspberry_Pi/Pico_SDK_v1.5.1/pico-sdk/src/rp2_common/pico_printf/printf.c.obj
 .text.vfctprintf
                0x10003634       0x20 CMakeFiles/pwmAdcC.dir/C_/Program_Files/Raspberry_Pi/Pico_SDK_v1.5.1/pico-sdk/src/rp2_common/pico_printf/printf.c.obj
                0x10003634                vfctprintf
 .text          0x10003654       0x10 CMakeFiles/pwmAdcC.dir/C_/Program_Files/Raspberry_Pi/Pico_SDK_v1.5.1/pico-sdk/src/rp2_common/pico_bit_ops/bit_ops_aeabi.S.obj
 .text.rom_func_lookup
                0x10003664       0x10 CMakeFiles/pwmAdcC.dir/C_/Program_Files/Raspberry_Pi/Pico_SDK_v1.5.1/pico-sdk/src/rp2_common/pico_bootrom/bootrom.c.obj
                0x10003664                rom_func_lookup
 .text.rom_data_lookup
                0x10003674       0x10 CMakeFiles/pwmAdcC.dir/C_/Program_Files/Raspberry_Pi/Pico_SDK_v1.5.1/pico-sdk/src/rp2_common/pico_bootrom/bootrom.c.obj
                0x10003674                rom_data_lookup
 .text.rom_funcs_lookup
                0x10003684       0x36 CMakeFiles/pwmAdcC.dir/C_/Program_Files/Raspberry_Pi/Pico_SDK_v1.5.1/pico-sdk/src/rp2_common/pico_bootrom/bootrom.c.obj
                0x10003684                rom_funcs_lookup
 *fill*         0x100036ba        0x2 
 .text.__wrap___aeabi_idiv
                0x100036bc       0x50 CMakeFiles/pwmAdcC.dir/C_/Program_Files/Raspberry_Pi/Pico_SDK_v1.5.1/pico-sdk/src/rp2_common/pico_divider/divider.S.obj
                0x100036bc                __wrap___aeabi_idivmod
                0x100036bc                divmod_s32s32
                0x100036bc                div_s32s32
                0x100036bc                __wrap___aeabi_idiv
                0x100036c4                divmod_s32s32_unsafe
                0x100036f0                divmod_s32s32_savestate
 .text.__wrap___aeabi_uidiv
                0x1000370c       0x4c CMakeFiles/pwmAdcC.dir/C_/Program_Files/Raspberry_Pi/Pico_SDK_v1.5.1/pico-sdk/src/rp2_common/pico_divider/divider.S.obj
                0x1000370c                __wrap___aeabi_uidiv
                0x1000370c                __wrap___aeabi_uidivmod
                0x1000370c                div_u32u32
                0x1000370c                divmod_u32u32
                0x10003714                divmod_u32u32_unsafe
                0x1000373c                divmod_u32u32_savestate
 .text.__wrap___aeabi_ldiv
                0x10003758      0x424 CMakeFiles/pwmAdcC.dir/C_/Program_Files/Raspberry_Pi/Pico_SDK_v1.5.1/pico-sdk/src/rp2_common/pico_divider/divider.S.obj
                0x10003758                div_s64s64
                0x10003758                divmod_s64s64
                0x10003758                __wrap___aeabi_ldivmod
                0x10003788                divmod_u64u64
                0x10003788                div_u64u64
                0x10003788                __wrap___aeabi_uldivmod
                0x10003798                divmod_u64u64_savestate
                0x100037b8                divmod_s64s64_unsafe
                0x10003840                divmod_u64u64_unsafe
 .text.__wrap___aeabi_darithmetic
                0x10003b7c       0x80 CMakeFiles/pwmAdcC.dir/C_/Program_Files/Raspberry_Pi/Pico_SDK_v1.5.1/pico-sdk/src/rp2_common/pico_double/double_aeabi.S.obj
                0x10003b7c                __wrap___aeabi_drsub
                0x10003b82                __wrap___aeabi_dsub
                0x10003b94                __wrap___aeabi_dadd
                0x10003ba6                __wrap___aeabi_ddiv
                0x10003be2                __wrap___aeabi_dmul
 .text.__wrap___aeabi_cdcmple
                0x10003bfc       0x6c CMakeFiles/pwmAdcC.dir/C_/Program_Files/Raspberry_Pi/Pico_SDK_v1.5.1/pico-sdk/src/rp2_common/pico_double/double_aeabi.S.obj
                0x10003bfc                __wrap___aeabi_cdrcmple
                0x10003c0c                __wrap___aeabi_cdcmpeq
                0x10003c0c                __wrap___aeabi_cdcmple
 .text.__wrap___aeabi_dcmplt
                0x10003c68        0xc CMakeFiles/pwmAdcC.dir/C_/Program_Files/Raspberry_Pi/Pico_SDK_v1.5.1/pico-sdk/src/rp2_common/pico_double/double_aeabi.S.obj
                0x10003c68                __wrap___aeabi_dcmplt
 .text.__wrap___aeabi_dcmple
                0x10003c74       0x10 CMakeFiles/pwmAdcC.dir/C_/Program_Files/Raspberry_Pi/Pico_SDK_v1.5.1/pico-sdk/src/rp2_common/pico_double/double_aeabi.S.obj
                0x10003c74                __wrap___aeabi_dcmple
 .text.__wrap___aeabi_dcmpge
                0x10003c84       0x10 CMakeFiles/pwmAdcC.dir/C_/Program_Files/Raspberry_Pi/Pico_SDK_v1.5.1/pico-sdk/src/rp2_common/pico_double/double_aeabi.S.obj
                0x10003c84                __wrap___aeabi_dcmpge
 .text.__wrap___aeabi_dcmpgt
                0x10003c94        0xa CMakeFiles/pwmAdcC.dir/C_/Program_Files/Raspberry_Pi/Pico_SDK_v1.5.1/pico-sdk/src/rp2_common/pico_double/double_aeabi.S.obj
                0x10003c94                __wrap___aeabi_dcmpgt
 .text.__wrap___aeabi_dcmpun
                0x10003c9e       0x1c CMakeFiles/pwmAdcC.dir/C_/Program_Files/Raspberry_Pi/Pico_SDK_v1.5.1/pico-sdk/src/rp2_common/pico_double/double_aeabi.S.obj
                0x10003c9e                __wrap___aeabi_dcmpun
 *fill*         0x10003cba        0x2 
 .text.__wrap___aeabi_i2d
                0x10003cbc       0x38 CMakeFiles/pwmAdcC.dir/C_/Program_Files/Raspberry_Pi/Pico_SDK_v1.5.1/pico-sdk/src/rp2_common/pico_double/double_aeabi.S.obj
                0x10003cbc                __wrap___aeabi_ui2d
                0x10003cc4                __wrap___aeabi_i2d
 .text.__wrap___aeabi_d2iz
                0x10003cf4       0x48 CMakeFiles/pwmAdcC.dir/C_/Program_Files/Raspberry_Pi/Pico_SDK_v1.5.1/pico-sdk/src/rp2_common/pico_double/double_aeabi.S.obj
                0x10003cf4                double2int_z
                0x10003cf4                __wrap___aeabi_d2iz
 .text.__wrap___aeabi_d2uiz
                0x10003d3c       0x18 CMakeFiles/pwmAdcC.dir/C_/Program_Files/Raspberry_Pi/Pico_SDK_v1.5.1/pico-sdk/src/rp2_common/pico_double/double_aeabi.S.obj
                0x10003d3c                __wrap___aeabi_d2uiz
                0x10003d3c                double2uint
 .text.__aeabi_double_init
                0x10003d54       0xc8 CMakeFiles/pwmAdcC.dir/C_/Program_Files/Raspberry_Pi/Pico_SDK_v1.5.1/pico-sdk/src/rp2_common/pico_double/double_init_rom.c.obj
                0x10003d54                __aeabi_double_init
 .text.double_table_shim_on_use_helper
                0x10003e1c       0x34 CMakeFiles/pwmAdcC.dir/C_/Program_Files/Raspberry_Pi/Pico_SDK_v1.5.1/pico-sdk/src/rp2_common/pico_double/double_v1_rom_shim.S.obj
                0x10003e1c                double_table_shim_on_use_helper
 .text.__wrap___aeabi_dsub
                0x10003e50       0x10 CMakeFiles/pwmAdcC.dir/C_/Program_Files/Raspberry_Pi/Pico_SDK_v1.5.1/pico-sdk/src/rp2_common/pico_double/double_v1_rom_shim.S.obj
                0x10003e50                drsub_shim
                0x10003e56                dsub_shim
 .text.dadd_shim
                0x10003e60      0x15c CMakeFiles/pwmAdcC.dir/C_/Program_Files/Raspberry_Pi/Pico_SDK_v1.5.1/pico-sdk/src/rp2_common/pico_double/double_v1_rom_shim.S.obj
                0x10003e60                dadd_shim
 .text.dmul_shim
                0x10003fbc      0x15c CMakeFiles/pwmAdcC.dir/C_/Program_Files/Raspberry_Pi/Pico_SDK_v1.5.1/pico-sdk/src/rp2_common/pico_double/double_v1_rom_shim.S.obj
                0x10003fbc                dmul_shim
 .text.ddiv_shim
                0x10004118      0x1b0 CMakeFiles/pwmAdcC.dir/C_/Program_Files/Raspberry_Pi/Pico_SDK_v1.5.1/pico-sdk/src/rp2_common/pico_double/double_v1_rom_shim.S.obj
                0x10004118                ddiv_shim
 .text.double2uint_shim
                0x100042c8        0xe CMakeFiles/pwmAdcC.dir/C_/Program_Files/Raspberry_Pi/Pico_SDK_v1.5.1/pico-sdk/src/rp2_common/pico_double/double_v1_rom_shim.S.obj
                0x100042c8                double2uint_shim
                0x100042ca                double2ufix_shim
 *fill*         0x100042d6        0x2 
 .text.double2uint64_shim
                0x100042d8       0x70 CMakeFiles/pwmAdcC.dir/C_/Program_Files/Raspberry_Pi/Pico_SDK_v1.5.1/pico-sdk/src/rp2_common/pico_double/double_v1_rom_shim.S.obj
                0x100042d8                double2uint64_shim
                0x100042da                double2ufix64_shim
                0x100042fa                d2fix_a
 .text.dunpacks
                0x10004348       0x3c CMakeFiles/pwmAdcC.dir/C_/Program_Files/Raspberry_Pi/Pico_SDK_v1.5.1/pico-sdk/src/rp2_common/pico_double/double_v1_rom_shim.S.obj
                0x10004348                dunpacks
 .text.__aeabi_lmul
                0x10004384       0x32 CMakeFiles/pwmAdcC.dir/C_/Program_Files/Raspberry_Pi/Pico_SDK_v1.5.1/pico-sdk/src/rp2_common/pico_int64_ops/pico_int64_ops_aeabi.S.obj
                0x10004384                __wrap___aeabi_lmul
 *fill*         0x100043b6        0x2 
 .text.__aeabi_float_init
                0x100043b8       0xfc CMakeFiles/pwmAdcC.dir/C_/Program_Files/Raspberry_Pi/Pico_SDK_v1.5.1/pico-sdk/src/rp2_common/pico_float/float_init_rom.c.obj
                0x100043b8                __aeabi_float_init
 .text.float_table_shim_on_use_helper
                0x100044b4       0x34 CMakeFiles/pwmAdcC.dir/C_/Program_Files/Raspberry_Pi/Pico_SDK_v1.5.1/pico-sdk/src/rp2_common/pico_float/float_v1_rom_shim.S.obj
                0x100044b4                float_table_shim_on_use_helper
 .text          0x100044e8       0x10 CMakeFiles/pwmAdcC.dir/C_/Program_Files/Raspberry_Pi/Pico_SDK_v1.5.1/pico-sdk/src/rp2_common/pico_mem_ops/mem_ops_aeabi.S.obj
                0x100044e8                __aeabi_mem_init
 .text.memset   0x100044f8        0xc CMakeFiles/pwmAdcC.dir/C_/Program_Files/Raspberry_Pi/Pico_SDK_v1.5.1/pico-sdk/src/rp2_common/pico_mem_ops/mem_ops_aeabi.S.obj
                0x100044f8                __wrap_memset
 .text.memcpy   0x10004504        0xc CMakeFiles/pwmAdcC.dir/C_/Program_Files/Raspberry_Pi/Pico_SDK_v1.5.1/pico-sdk/src/rp2_common/pico_mem_ops/mem_ops_aeabi.S.obj
                0x10004504                __wrap_memcpy
                0x10004504                __wrap___aeabi_memcpy
 .text.stdio_out_chars_no_crlf
                0x10004510        0xe CMakeFiles/pwmAdcC.dir/C_/Program_Files/Raspberry_Pi/Pico_SDK_v1.5.1/pico-sdk/src/rp2_common/pico_stdio/stdio.c.obj
 *fill*         0x1000451e        0x2 
 .text.stdio_out_chars_crlf
                0x10004520       0x80 CMakeFiles/pwmAdcC.dir/C_/Program_Files/Raspberry_Pi/Pico_SDK_v1.5.1/pico-sdk/src/rp2_common/pico_stdio/stdio.c.obj
 .text.stdio_stack_buffer_flush
                0x100045a0       0x44 CMakeFiles/pwmAdcC.dir/C_/Program_Files/Raspberry_Pi/Pico_SDK_v1.5.1/pico-sdk/src/rp2_common/pico_stdio/stdio.c.obj
 .text.stdio_buffered_printer
                0x100045e4       0x20 CMakeFiles/pwmAdcC.dir/C_/Program_Files/Raspberry_Pi/Pico_SDK_v1.5.1/pico-sdk/src/rp2_common/pico_stdio/stdio.c.obj
 .text.stdout_serialize_begin
                0x10004604       0x5c CMakeFiles/pwmAdcC.dir/C_/Program_Files/Raspberry_Pi/Pico_SDK_v1.5.1/pico-sdk/src/rp2_common/pico_stdio/stdio.c.obj
                0x10004604                stdout_serialize_begin
 .text.stdout_serialize_end
                0x10004660       0x10 CMakeFiles/pwmAdcC.dir/C_/Program_Files/Raspberry_Pi/Pico_SDK_v1.5.1/pico-sdk/src/rp2_common/pico_stdio/stdio.c.obj
                0x10004660                stdout_serialize_end
 .text.stdio_put_string
                0x10004670       0x98 CMakeFiles/pwmAdcC.dir/C_/Program_Files/Raspberry_Pi/Pico_SDK_v1.5.1/pico-sdk/src/rp2_common/pico_stdio/stdio.c.obj
 .text.stdio_set_driver_enabled
                0x10004708       0x2c CMakeFiles/pwmAdcC.dir/C_/Program_Files/Raspberry_Pi/Pico_SDK_v1.5.1/pico-sdk/src/rp2_common/pico_stdio/stdio.c.obj
                0x10004708                stdio_set_driver_enabled
 .text.stdio_flush
                0x10004734       0x20 CMakeFiles/pwmAdcC.dir/C_/Program_Files/Raspberry_Pi/Pico_SDK_v1.5.1/pico-sdk/src/rp2_common/pico_stdio/stdio.c.obj
                0x10004734                stdio_flush
 .text.__wrap_puts
                0x10004754       0x1e CMakeFiles/pwmAdcC.dir/C_/Program_Files/Raspberry_Pi/Pico_SDK_v1.5.1/pico-sdk/src/rp2_common/pico_stdio/stdio.c.obj
                0x10004754                __wrap_puts
 *fill*         0x10004772        0x2 
 .text.__wrap_vprintf
                0x10004774       0x40 CMakeFiles/pwmAdcC.dir/C_/Program_Files/Raspberry_Pi/Pico_SDK_v1.5.1/pico-sdk/src/rp2_common/pico_stdio/stdio.c.obj
                0x10004774                __wrap_vprintf
 .text.__wrap_printf
                0x100047b4       0x18 CMakeFiles/pwmAdcC.dir/C_/Program_Files/Raspberry_Pi/Pico_SDK_v1.5.1/pico-sdk/src/rp2_common/pico_stdio/stdio.c.obj
                0x100047b4                __wrap_printf
 .text.stdio_init_all
                0x100047cc        0x8 CMakeFiles/pwmAdcC.dir/C_/Program_Files/Raspberry_Pi/Pico_SDK_v1.5.1/pico-sdk/src/rp2_common/pico_stdio/stdio.c.obj
                0x100047cc                stdio_init_all
 .text.resetd_init
                0x100047d4        0x2 CMakeFiles/pwmAdcC.dir/C_/Program_Files/Raspberry_Pi/Pico_SDK_v1.5.1/pico-sdk/src/rp2_common/pico_stdio_usb/reset_interface.c.obj
 *fill*         0x100047d6        0x2 
 .text.resetd_reset
                0x100047d8        0xc CMakeFiles/pwmAdcC.dir/C_/Program_Files/Raspberry_Pi/Pico_SDK_v1.5.1/pico-sdk/src/rp2_common/pico_stdio_usb/reset_interface.c.obj
 .text.resetd_open
                0x100047e4       0x34 CMakeFiles/pwmAdcC.dir/C_/Program_Files/Raspberry_Pi/Pico_SDK_v1.5.1/pico-sdk/src/rp2_common/pico_stdio_usb/reset_interface.c.obj
 .text.resetd_xfer_cb
                0x10004818        0x4 CMakeFiles/pwmAdcC.dir/C_/Program_Files/Raspberry_Pi/Pico_SDK_v1.5.1/pico-sdk/src/rp2_common/pico_stdio_usb/reset_interface.c.obj
 .text.reset_usb_boot
                0x1000481c       0x18 CMakeFiles/pwmAdcC.dir/C_/Program_Files/Raspberry_Pi/Pico_SDK_v1.5.1/pico-sdk/src/rp2_common/pico_stdio_usb/reset_interface.c.obj
 .text.resetd_control_xfer_cb
                0x10004834       0x5c CMakeFiles/pwmAdcC.dir/C_/Program_Files/Raspberry_Pi/Pico_SDK_v1.5.1/pico-sdk/src/rp2_common/pico_stdio_usb/reset_interface.c.obj
 .text.usbd_app_driver_get_cb
                0x10004890        0xc CMakeFiles/pwmAdcC.dir/C_/Program_Files/Raspberry_Pi/Pico_SDK_v1.5.1/pico-sdk/src/rp2_common/pico_stdio_usb/reset_interface.c.obj
                0x10004890                usbd_app_driver_get_cb
 .text.tud_cdc_line_coding_cb
                0x1000489c       0x28 CMakeFiles/pwmAdcC.dir/C_/Program_Files/Raspberry_Pi/Pico_SDK_v1.5.1/pico-sdk/src/rp2_common/pico_stdio_usb/reset_interface.c.obj
                0x1000489c                tud_cdc_line_coding_cb
 .text.stdio_usb_set_chars_available_callback
                0x100048c4       0x14 CMakeFiles/pwmAdcC.dir/C_/Program_Files/Raspberry_Pi/Pico_SDK_v1.5.1/pico-sdk/src/rp2_common/pico_stdio_usb/stdio_usb.c.obj
                0x100048c4                stdio_usb_set_chars_available_callback
 .text.usb_irq  0x100048d8       0x10 CMakeFiles/pwmAdcC.dir/C_/Program_Files/Raspberry_Pi/Pico_SDK_v1.5.1/pico-sdk/src/rp2_common/pico_stdio_usb/stdio_usb.c.obj
 .text.timer_task
                0x100048e8       0x5c CMakeFiles/pwmAdcC.dir/C_/Program_Files/Raspberry_Pi/Pico_SDK_v1.5.1/pico-sdk/src/rp2_common/pico_stdio_usb/stdio_usb.c.obj
 .text.low_priority_worker_irq
                0x10004944       0xdc CMakeFiles/pwmAdcC.dir/C_/Program_Files/Raspberry_Pi/Pico_SDK_v1.5.1/pico-sdk/src/rp2_common/pico_stdio_usb/stdio_usb.c.obj
 .text.tud_cdc_rx_cb
                0x10004a20       0x20 CMakeFiles/pwmAdcC.dir/C_/Program_Files/Raspberry_Pi/Pico_SDK_v1.5.1/pico-sdk/src/rp2_common/pico_stdio_usb/stdio_usb.c.obj
                0x10004a20                tud_cdc_rx_cb
 .text.stdio_usb_init
                0x10004a40      0x11c CMakeFiles/pwmAdcC.dir/C_/Program_Files/Raspberry_Pi/Pico_SDK_v1.5.1/pico-sdk/src/rp2_common/pico_stdio_usb/stdio_usb.c.obj
                0x10004a40                stdio_usb_init
 .text.stdio_usb_connected
                0x10004b5c        0xa CMakeFiles/pwmAdcC.dir/C_/Program_Files/Raspberry_Pi/Pico_SDK_v1.5.1/pico-sdk/src/rp2_common/pico_stdio_usb/stdio_usb.c.obj
                0x10004b5c                stdio_usb_connected
 *fill*         0x10004b66        0x2 
 .text.stdio_usb_in_chars
                0x10004b68       0xc4 CMakeFiles/pwmAdcC.dir/C_/Program_Files/Raspberry_Pi/Pico_SDK_v1.5.1/pico-sdk/src/rp2_common/pico_stdio_usb/stdio_usb.c.obj
                0x10004b68                stdio_usb_in_chars
 .text.stdio_usb_out_chars
                0x10004c2c      0x114 CMakeFiles/pwmAdcC.dir/C_/Program_Files/Raspberry_Pi/Pico_SDK_v1.5.1/pico-sdk/src/rp2_common/pico_stdio_usb/stdio_usb.c.obj
 .text.tud_descriptor_device_cb
                0x10004d40        0x8 CMakeFiles/pwmAdcC.dir/C_/Program_Files/Raspberry_Pi/Pico_SDK_v1.5.1/pico-sdk/src/rp2_common/pico_stdio_usb/stdio_usb_descriptors.c.obj
                0x10004d40                tud_descriptor_device_cb
 .text.tud_descriptor_configuration_cb
                0x10004d48        0x8 CMakeFiles/pwmAdcC.dir/C_/Program_Files/Raspberry_Pi/Pico_SDK_v1.5.1/pico-sdk/src/rp2_common/pico_stdio_usb/stdio_usb_descriptors.c.obj
                0x10004d48                tud_descriptor_configuration_cb
 .text.tud_descriptor_string_cb
                0x10004d50       0x6c CMakeFiles/pwmAdcC.dir/C_/Program_Files/Raspberry_Pi/Pico_SDK_v1.5.1/pico-sdk/src/rp2_common/pico_stdio_usb/stdio_usb_descriptors.c.obj
                0x10004d50                tud_descriptor_string_cb
 .text._retrieve_unique_id_on_boot
                0x10004dbc       0x10 CMakeFiles/pwmAdcC.dir/C_/Program_Files/Raspberry_Pi/Pico_SDK_v1.5.1/pico-sdk/src/rp2_common/pico_unique_id/unique_id.c.obj
 .text.pico_get_unique_board_id_string
                0x10004dcc       0x60 CMakeFiles/pwmAdcC.dir/C_/Program_Files/Raspberry_Pi/Pico_SDK_v1.5.1/pico-sdk/src/rp2_common/pico_unique_id/unique_id.c.obj
                0x10004dcc                pico_get_unique_board_id_string
 .text.flash_get_unique_id
                0x10004e2c       0x46 CMakeFiles/pwmAdcC.dir/C_/Program_Files/Raspberry_Pi/Pico_SDK_v1.5.1/pico-sdk/src/rp2_common/hardware_flash/flash.c.obj
                0x10004e2c                flash_get_unique_id
 *fill*         0x10004e72        0x2 
 .text.hw_endpoint_get_by_addr
                0x10004e74       0x18 CMakeFiles/pwmAdcC.dir/C_/Program_Files/Raspberry_Pi/Pico_SDK_v1.5.1/pico-sdk/lib/tinyusb/src/portable/raspberrypi/rp2040/dcd_rp2040.c.obj
 .text._hw_endpoint_alloc
                0x10004e8c       0x70 CMakeFiles/pwmAdcC.dir/C_/Program_Files/Raspberry_Pi/Pico_SDK_v1.5.1/pico-sdk/lib/tinyusb/src/portable/raspberrypi/rp2040/dcd_rp2040.c.obj
 .text.hw_endpoint_init
                0x10004efc       0x88 CMakeFiles/pwmAdcC.dir/C_/Program_Files/Raspberry_Pi/Pico_SDK_v1.5.1/pico-sdk/lib/tinyusb/src/portable/raspberrypi/rp2040/dcd_rp2040.c.obj
 .text.hw_endpoint_xfer
                0x10004f84       0x14 CMakeFiles/pwmAdcC.dir/C_/Program_Files/Raspberry_Pi/Pico_SDK_v1.5.1/pico-sdk/lib/tinyusb/src/portable/raspberrypi/rp2040/dcd_rp2040.c.obj
 .text.dcd_int_enable
                0x10004f98       0x2c CMakeFiles/pwmAdcC.dir/C_/Program_Files/Raspberry_Pi/Pico_SDK_v1.5.1/pico-sdk/lib/tinyusb/src/portable/raspberrypi/rp2040/dcd_rp2040.c.obj
                0x10004f98                dcd_int_enable
 .text.dcd_set_address
                0x10004fc4       0x2c CMakeFiles/pwmAdcC.dir/C_/Program_Files/Raspberry_Pi/Pico_SDK_v1.5.1/pico-sdk/lib/tinyusb/src/portable/raspberrypi/rp2040/dcd_rp2040.c.obj
                0x10004fc4                dcd_set_address
 .text.dcd_connect
                0x10004ff0       0x10 CMakeFiles/pwmAdcC.dir/C_/Program_Files/Raspberry_Pi/Pico_SDK_v1.5.1/pico-sdk/lib/tinyusb/src/portable/raspberrypi/rp2040/dcd_rp2040.c.obj
                0x10004ff0                dcd_connect
 .text.dcd_init
                0x10005000       0x80 CMakeFiles/pwmAdcC.dir/C_/Program_Files/Raspberry_Pi/Pico_SDK_v1.5.1/pico-sdk/lib/tinyusb/src/portable/raspberrypi/rp2040/dcd_rp2040.c.obj
                0x10005000                dcd_init
 .text.dcd_edpt0_status_complete
                0x10005080       0x1c CMakeFiles/pwmAdcC.dir/C_/Program_Files/Raspberry_Pi/Pico_SDK_v1.5.1/pico-sdk/lib/tinyusb/src/portable/raspberrypi/rp2040/dcd_rp2040.c.obj
                0x10005080                dcd_edpt0_status_complete
 .text.dcd_edpt_open
                0x1000509c       0x40 CMakeFiles/pwmAdcC.dir/C_/Program_Files/Raspberry_Pi/Pico_SDK_v1.5.1/pico-sdk/lib/tinyusb/src/portable/raspberrypi/rp2040/dcd_rp2040.c.obj
                0x1000509c                dcd_edpt_open
 .text.dcd_edpt_close_all
                0x100050dc        0x8 CMakeFiles/pwmAdcC.dir/C_/Program_Files/Raspberry_Pi/Pico_SDK_v1.5.1/pico-sdk/lib/tinyusb/src/portable/raspberrypi/rp2040/dcd_rp2040.c.obj
                0x100050dc                dcd_edpt_close_all
 .text.dcd_edpt_xfer
                0x100050e4       0x34 CMakeFiles/pwmAdcC.dir/C_/Program_Files/Raspberry_Pi/Pico_SDK_v1.5.1/pico-sdk/lib/tinyusb/src/portable/raspberrypi/rp2040/dcd_rp2040.c.obj
                0x100050e4                dcd_edpt_xfer
 .text.dcd_edpt_stall
                0x10005118       0x2c CMakeFiles/pwmAdcC.dir/C_/Program_Files/Raspberry_Pi/Pico_SDK_v1.5.1/pico-sdk/lib/tinyusb/src/portable/raspberrypi/rp2040/dcd_rp2040.c.obj
                0x10005118                dcd_edpt_stall
 .text.dcd_edpt_clear_stall
                0x10005144       0x20 CMakeFiles/pwmAdcC.dir/C_/Program_Files/Raspberry_Pi/Pico_SDK_v1.5.1/pico-sdk/lib/tinyusb/src/portable/raspberrypi/rp2040/dcd_rp2040.c.obj
                0x10005144                dcd_edpt_clear_stall
 .text.rp2040_usb_init
                0x10005164       0x4c CMakeFiles/pwmAdcC.dir/C_/Program_Files/Raspberry_Pi/Pico_SDK_v1.5.1/pico-sdk/lib/tinyusb/src/portable/raspberrypi/rp2040/rp2040_usb.c.obj
                0x10005164                rp2040_usb_init
 .text.hw_endpoint_xfer_start
                0x100051b0       0x50 CMakeFiles/pwmAdcC.dir/C_/Program_Files/Raspberry_Pi/Pico_SDK_v1.5.1/pico-sdk/lib/tinyusb/src/portable/raspberrypi/rp2040/rp2040_usb.c.obj
                0x100051b0                hw_endpoint_xfer_start
 .text.configuration_reset
                0x10005200       0x84 CMakeFiles/pwmAdcC.dir/C_/Program_Files/Raspberry_Pi/Pico_SDK_v1.5.1/pico-sdk/lib/tinyusb/src/device/usbd.c.obj
 .text.usbd_reset
                0x10005284        0xc CMakeFiles/pwmAdcC.dir/C_/Program_Files/Raspberry_Pi/Pico_SDK_v1.5.1/pico-sdk/lib/tinyusb/src/device/usbd.c.obj
 .text.invoke_class_control
                0x10005290       0x1a CMakeFiles/pwmAdcC.dir/C_/Program_Files/Raspberry_Pi/Pico_SDK_v1.5.1/pico-sdk/lib/tinyusb/src/device/usbd.c.obj
 *fill*         0x100052aa        0x2 
 .text.process_set_config
                0x100052ac      0x178 CMakeFiles/pwmAdcC.dir/C_/Program_Files/Raspberry_Pi/Pico_SDK_v1.5.1/pico-sdk/lib/tinyusb/src/device/usbd.c.obj
 .text.process_get_descriptor
                0x10005424       0xdc CMakeFiles/pwmAdcC.dir/C_/Program_Files/Raspberry_Pi/Pico_SDK_v1.5.1/pico-sdk/lib/tinyusb/src/device/usbd.c.obj
 .text.tud_mounted
                0x10005500       0x10 CMakeFiles/pwmAdcC.dir/C_/Program_Files/Raspberry_Pi/Pico_SDK_v1.5.1/pico-sdk/lib/tinyusb/src/device/usbd.c.obj
                0x10005500                tud_mounted
 .text.tud_suspended
                0x10005510       0x10 CMakeFiles/pwmAdcC.dir/C_/Program_Files/Raspberry_Pi/Pico_SDK_v1.5.1/pico-sdk/lib/tinyusb/src/device/usbd.c.obj
                0x10005510                tud_suspended
 .text.tud_inited
                0x10005520       0x14 CMakeFiles/pwmAdcC.dir/C_/Program_Files/Raspberry_Pi/Pico_SDK_v1.5.1/pico-sdk/lib/tinyusb/src/device/usbd.c.obj
                0x10005520                tud_inited
 .text.tud_init
                0x10005534       0xcc CMakeFiles/pwmAdcC.dir/C_/Program_Files/Raspberry_Pi/Pico_SDK_v1.5.1/pico-sdk/lib/tinyusb/src/device/usbd.c.obj
                0x10005534                tud_init
 .text.usbd_defer_func
                0x10005600       0x2a CMakeFiles/pwmAdcC.dir/C_/Program_Files/Raspberry_Pi/Pico_SDK_v1.5.1/pico-sdk/lib/tinyusb/src/device/usbd.c.obj
                0x10005600                usbd_defer_func
 *fill*         0x1000562a        0x2 
 .text.usbd_edpt_open
                0x1000562c       0x34 CMakeFiles/pwmAdcC.dir/C_/Program_Files/Raspberry_Pi/Pico_SDK_v1.5.1/pico-sdk/lib/tinyusb/src/device/usbd.c.obj
                0x1000562c                usbd_edpt_open
 .text.usbd_open_edpt_pair
                0x10005660       0x62 CMakeFiles/pwmAdcC.dir/C_/Program_Files/Raspberry_Pi/Pico_SDK_v1.5.1/pico-sdk/lib/tinyusb/src/device/usbd.c.obj
                0x10005660                usbd_open_edpt_pair
 *fill*         0x100056c2        0x2 
 .text.usbd_edpt_claim
                0x100056c4       0x28 CMakeFiles/pwmAdcC.dir/C_/Program_Files/Raspberry_Pi/Pico_SDK_v1.5.1/pico-sdk/lib/tinyusb/src/device/usbd.c.obj
                0x100056c4                usbd_edpt_claim
 .text.usbd_edpt_release
                0x100056ec       0x28 CMakeFiles/pwmAdcC.dir/C_/Program_Files/Raspberry_Pi/Pico_SDK_v1.5.1/pico-sdk/lib/tinyusb/src/device/usbd.c.obj
                0x100056ec                usbd_edpt_release
 .text.usbd_edpt_xfer
                0x10005714       0x78 CMakeFiles/pwmAdcC.dir/C_/Program_Files/Raspberry_Pi/Pico_SDK_v1.5.1/pico-sdk/lib/tinyusb/src/device/usbd.c.obj
                0x10005714                usbd_edpt_xfer
 .text.usbd_edpt_stall
                0x1000578c       0x48 CMakeFiles/pwmAdcC.dir/C_/Program_Files/Raspberry_Pi/Pico_SDK_v1.5.1/pico-sdk/lib/tinyusb/src/device/usbd.c.obj
                0x1000578c                usbd_edpt_stall
 .text.usbd_edpt_clear_stall
                0x100057d4       0x48 CMakeFiles/pwmAdcC.dir/C_/Program_Files/Raspberry_Pi/Pico_SDK_v1.5.1/pico-sdk/lib/tinyusb/src/device/usbd.c.obj
                0x100057d4                usbd_edpt_clear_stall
 .text.usbd_edpt_stalled
                0x1000581c       0x1c CMakeFiles/pwmAdcC.dir/C_/Program_Files/Raspberry_Pi/Pico_SDK_v1.5.1/pico-sdk/lib/tinyusb/src/device/usbd.c.obj
                0x1000581c                usbd_edpt_stalled
 .text.process_control_request
                0x10005838      0x37c CMakeFiles/pwmAdcC.dir/C_/Program_Files/Raspberry_Pi/Pico_SDK_v1.5.1/pico-sdk/lib/tinyusb/src/device/usbd.c.obj
 .text.tud_task_ext
                0x10005bb4      0x1b8 CMakeFiles/pwmAdcC.dir/C_/Program_Files/Raspberry_Pi/Pico_SDK_v1.5.1/pico-sdk/lib/tinyusb/src/device/usbd.c.obj
                0x10005bb4                tud_task_ext
 .text._data_stage_xact
                0x10005d6c       0x58 CMakeFiles/pwmAdcC.dir/C_/Program_Files/Raspberry_Pi/Pico_SDK_v1.5.1/pico-sdk/lib/tinyusb/src/device/usbd_control.c.obj
 .text.tud_control_status
                0x10005dc4       0x38 CMakeFiles/pwmAdcC.dir/C_/Program_Files/Raspberry_Pi/Pico_SDK_v1.5.1/pico-sdk/lib/tinyusb/src/device/usbd_control.c.obj
                0x10005dc4                tud_control_status
 .text.tud_control_xfer
                0x10005dfc       0x74 CMakeFiles/pwmAdcC.dir/C_/Program_Files/Raspberry_Pi/Pico_SDK_v1.5.1/pico-sdk/lib/tinyusb/src/device/usbd_control.c.obj
                0x10005dfc                tud_control_xfer
 .text.usbd_control_reset
                0x10005e70       0x14 CMakeFiles/pwmAdcC.dir/C_/Program_Files/Raspberry_Pi/Pico_SDK_v1.5.1/pico-sdk/lib/tinyusb/src/device/usbd_control.c.obj
                0x10005e70                usbd_control_reset
 .text.usbd_control_set_complete_callback
                0x10005e84        0xc CMakeFiles/pwmAdcC.dir/C_/Program_Files/Raspberry_Pi/Pico_SDK_v1.5.1/pico-sdk/lib/tinyusb/src/device/usbd_control.c.obj
                0x10005e84                usbd_control_set_complete_callback
 .text.usbd_control_set_request
                0x10005e90       0x1c CMakeFiles/pwmAdcC.dir/C_/Program_Files/Raspberry_Pi/Pico_SDK_v1.5.1/pico-sdk/lib/tinyusb/src/device/usbd_control.c.obj
                0x10005e90                usbd_control_set_request
 .text.usbd_control_xfer_cb
                0x10005eac       0xcc CMakeFiles/pwmAdcC.dir/C_/Program_Files/Raspberry_Pi/Pico_SDK_v1.5.1/pico-sdk/lib/tinyusb/src/device/usbd_control.c.obj
                0x10005eac                usbd_control_xfer_cb
 .text._prep_out_transaction
                0x10005f78       0x4a CMakeFiles/pwmAdcC.dir/C_/Program_Files/Raspberry_Pi/Pico_SDK_v1.5.1/pico-sdk/lib/tinyusb/src/class/cdc/cdc_device.c.obj
 *fill*         0x10005fc2        0x2 
 .text.tud_cdc_n_connected
                0x10005fc4       0x44 CMakeFiles/pwmAdcC.dir/C_/Program_Files/Raspberry_Pi/Pico_SDK_v1.5.1/pico-sdk/lib/tinyusb/src/class/cdc/cdc_device.c.obj
                0x10005fc4                tud_cdc_n_connected
 .text.tud_cdc_n_available
                0x10006008       0x18 CMakeFiles/pwmAdcC.dir/C_/Program_Files/Raspberry_Pi/Pico_SDK_v1.5.1/pico-sdk/lib/tinyusb/src/class/cdc/cdc_device.c.obj
                0x10006008                tud_cdc_n_available
 .text.tud_cdc_n_read
                0x10006020       0x28 CMakeFiles/pwmAdcC.dir/C_/Program_Files/Raspberry_Pi/Pico_SDK_v1.5.1/pico-sdk/lib/tinyusb/src/class/cdc/cdc_device.c.obj
                0x10006020                tud_cdc_n_read
 .text.tud_cdc_n_write_flush
                0x10006048       0xb8 CMakeFiles/pwmAdcC.dir/C_/Program_Files/Raspberry_Pi/Pico_SDK_v1.5.1/pico-sdk/lib/tinyusb/src/class/cdc/cdc_device.c.obj
                0x10006048                tud_cdc_n_write_flush
 .text.tud_cdc_n_write
                0x10006100       0x38 CMakeFiles/pwmAdcC.dir/C_/Program_Files/Raspberry_Pi/Pico_SDK_v1.5.1/pico-sdk/lib/tinyusb/src/class/cdc/cdc_device.c.obj
                0x10006100                tud_cdc_n_write
 .text.tud_cdc_n_write_available
                0x10006138       0x1c CMakeFiles/pwmAdcC.dir/C_/Program_Files/Raspberry_Pi/Pico_SDK_v1.5.1/pico-sdk/lib/tinyusb/src/class/cdc/cdc_device.c.obj
                0x10006138                tud_cdc_n_write_available
 .text.cdcd_init
                0x10006154       0xbc CMakeFiles/pwmAdcC.dir/C_/Program_Files/Raspberry_Pi/Pico_SDK_v1.5.1/pico-sdk/lib/tinyusb/src/class/cdc/cdc_device.c.obj
                0x10006154                cdcd_init
 .text.cdcd_reset
                0x10006210       0x44 CMakeFiles/pwmAdcC.dir/C_/Program_Files/Raspberry_Pi/Pico_SDK_v1.5.1/pico-sdk/lib/tinyusb/src/class/cdc/cdc_device.c.obj
                0x10006210                cdcd_reset
 .text.cdcd_open
                0x10006254       0xcc CMakeFiles/pwmAdcC.dir/C_/Program_Files/Raspberry_Pi/Pico_SDK_v1.5.1/pico-sdk/lib/tinyusb/src/class/cdc/cdc_device.c.obj
                0x10006254                cdcd_open
 .text.cdcd_control_xfer_cb
                0x10006320      0x134 CMakeFiles/pwmAdcC.dir/C_/Program_Files/Raspberry_Pi/Pico_SDK_v1.5.1/pico-sdk/lib/tinyusb/src/class/cdc/cdc_device.c.obj
                0x10006320                cdcd_control_xfer_cb
 .text.cdcd_xfer_cb
                0x10006454      0x130 CMakeFiles/pwmAdcC.dir/C_/Program_Files/Raspberry_Pi/Pico_SDK_v1.5.1/pico-sdk/lib/tinyusb/src/class/cdc/cdc_device.c.obj
                0x10006454                cdcd_xfer_cb
 .text.tusb_init
                0x10006584        0xa CMakeFiles/pwmAdcC.dir/C_/Program_Files/Raspberry_Pi/Pico_SDK_v1.5.1/pico-sdk/lib/tinyusb/src/tusb.c.obj
                0x10006584                tusb_init
 .text.tusb_inited
                0x1000658e        0xe CMakeFiles/pwmAdcC.dir/C_/Program_Files/Raspberry_Pi/Pico_SDK_v1.5.1/pico-sdk/lib/tinyusb/src/tusb.c.obj
                0x1000658e                tusb_inited
 .text.tu_edpt_claim
                0x1000659c       0x50 CMakeFiles/pwmAdcC.dir/C_/Program_Files/Raspberry_Pi/Pico_SDK_v1.5.1/pico-sdk/lib/tinyusb/src/tusb.c.obj
                0x1000659c                tu_edpt_claim
 .text.tu_edpt_release
                0x100065ec       0x3c CMakeFiles/pwmAdcC.dir/C_/Program_Files/Raspberry_Pi/Pico_SDK_v1.5.1/pico-sdk/lib/tinyusb/src/tusb.c.obj
                0x100065ec                tu_edpt_release
 .text.tu_edpt_validate
                0x10006628       0x78 CMakeFiles/pwmAdcC.dir/C_/Program_Files/Raspberry_Pi/Pico_SDK_v1.5.1/pico-sdk/lib/tinyusb/src/tusb.c.obj
                0x10006628                tu_edpt_validate
 .text.tu_edpt_bind_driver
                0x100066a0       0x26 CMakeFiles/pwmAdcC.dir/C_/Program_Files/Raspberry_Pi/Pico_SDK_v1.5.1/pico-sdk/lib/tinyusb/src/tusb.c.obj
                0x100066a0                tu_edpt_bind_driver
 .text.advance_index
                0x100066c6       0x1a CMakeFiles/pwmAdcC.dir/C_/Program_Files/Raspberry_Pi/Pico_SDK_v1.5.1/pico-sdk/lib/tinyusb/src/common/tusb_fifo.c.obj
 .text._tu_fifo_peek
                0x100066e0       0x56 CMakeFiles/pwmAdcC.dir/C_/Program_Files/Raspberry_Pi/Pico_SDK_v1.5.1/pico-sdk/lib/tinyusb/src/common/tusb_fifo.c.obj
 .text._ff_pull_const_addr
                0x10006736       0x4c CMakeFiles/pwmAdcC.dir/C_/Program_Files/Raspberry_Pi/Pico_SDK_v1.5.1/pico-sdk/lib/tinyusb/src/common/tusb_fifo.c.obj
 .text._ff_pull_n
                0x10006782      0x110 CMakeFiles/pwmAdcC.dir/C_/Program_Files/Raspberry_Pi/Pico_SDK_v1.5.1/pico-sdk/lib/tinyusb/src/common/tusb_fifo.c.obj
 .text._tu_fifo_peek_n
                0x10006892       0x6a CMakeFiles/pwmAdcC.dir/C_/Program_Files/Raspberry_Pi/Pico_SDK_v1.5.1/pico-sdk/lib/tinyusb/src/common/tusb_fifo.c.obj
 .text._tu_fifo_read_n
                0x100068fc       0x4e CMakeFiles/pwmAdcC.dir/C_/Program_Files/Raspberry_Pi/Pico_SDK_v1.5.1/pico-sdk/lib/tinyusb/src/common/tusb_fifo.c.obj
 .text._ff_push_const_addr
                0x1000694a       0x40 CMakeFiles/pwmAdcC.dir/C_/Program_Files/Raspberry_Pi/Pico_SDK_v1.5.1/pico-sdk/lib/tinyusb/src/common/tusb_fifo.c.obj
 .text._ff_push_n
                0x1000698a      0x10c CMakeFiles/pwmAdcC.dir/C_/Program_Files/Raspberry_Pi/Pico_SDK_v1.5.1/pico-sdk/lib/tinyusb/src/common/tusb_fifo.c.obj
 .text._tu_fifo_write_n
                0x10006a96       0xf0 CMakeFiles/pwmAdcC.dir/C_/Program_Files/Raspberry_Pi/Pico_SDK_v1.5.1/pico-sdk/lib/tinyusb/src/common/tusb_fifo.c.obj
 .text.tu_fifo_config
                0x10006b86       0x7c CMakeFiles/pwmAdcC.dir/C_/Program_Files/Raspberry_Pi/Pico_SDK_v1.5.1/pico-sdk/lib/tinyusb/src/common/tusb_fifo.c.obj
                0x10006b86                tu_fifo_config
 .text.tu_fifo_count
                0x10006c02       0x2a CMakeFiles/pwmAdcC.dir/C_/Program_Files/Raspberry_Pi/Pico_SDK_v1.5.1/pico-sdk/lib/tinyusb/src/common/tusb_fifo.c.obj
                0x10006c02                tu_fifo_count
 .text.tu_fifo_empty
                0x10006c2c       0x10 CMakeFiles/pwmAdcC.dir/C_/Program_Files/Raspberry_Pi/Pico_SDK_v1.5.1/pico-sdk/lib/tinyusb/src/common/tusb_fifo.c.obj
                0x10006c2c                tu_fifo_empty
 .text.tu_fifo_full
                0x10006c3c       0x28 CMakeFiles/pwmAdcC.dir/C_/Program_Files/Raspberry_Pi/Pico_SDK_v1.5.1/pico-sdk/lib/tinyusb/src/common/tusb_fifo.c.obj
                0x10006c3c                tu_fifo_full
 .text.tu_fifo_remaining
                0x10006c64       0x2c CMakeFiles/pwmAdcC.dir/C_/Program_Files/Raspberry_Pi/Pico_SDK_v1.5.1/pico-sdk/lib/tinyusb/src/common/tusb_fifo.c.obj
                0x10006c64                tu_fifo_remaining
 .text.tu_fifo_read
                0x10006c90       0x42 CMakeFiles/pwmAdcC.dir/C_/Program_Files/Raspberry_Pi/Pico_SDK_v1.5.1/pico-sdk/lib/tinyusb/src/common/tusb_fifo.c.obj
                0x10006c90                tu_fifo_read
 .text.tu_fifo_read_n
                0x10006cd2        0xa CMakeFiles/pwmAdcC.dir/C_/Program_Files/Raspberry_Pi/Pico_SDK_v1.5.1/pico-sdk/lib/tinyusb/src/common/tusb_fifo.c.obj
                0x10006cd2                tu_fifo_read_n
 .text.tu_fifo_write
                0x10006cdc       0x64 CMakeFiles/pwmAdcC.dir/C_/Program_Files/Raspberry_Pi/Pico_SDK_v1.5.1/pico-sdk/lib/tinyusb/src/common/tusb_fifo.c.obj
                0x10006cdc                tu_fifo_write
 .text.tu_fifo_write_n
                0x10006d40        0xa CMakeFiles/pwmAdcC.dir/C_/Program_Files/Raspberry_Pi/Pico_SDK_v1.5.1/pico-sdk/lib/tinyusb/src/common/tusb_fifo.c.obj
                0x10006d40                tu_fifo_write_n
 .text.tu_fifo_clear
                0x10006d4a       0x3e CMakeFiles/pwmAdcC.dir/C_/Program_Files/Raspberry_Pi/Pico_SDK_v1.5.1/pico-sdk/lib/tinyusb/src/common/tusb_fifo.c.obj
                0x10006d4a                tu_fifo_clear
 .text.tu_fifo_set_overwritable
                0x10006d88       0x46 CMakeFiles/pwmAdcC.dir/C_/Program_Files/Raspberry_Pi/Pico_SDK_v1.5.1/pico-sdk/lib/tinyusb/src/common/tusb_fifo.c.obj
                0x10006d88                tu_fifo_set_overwritable
 *fill*         0x10006dce        0x2 
 .text.adc_init
                0x10006dd0       0x34 CMakeFiles/pwmAdcC.dir/C_/Program_Files/Raspberry_Pi/Pico_SDK_v1.5.1/pico-sdk/src/rp2_common/hardware_adc/adc.c.obj
                0x10006dd0                adc_init
 .text.strlen   0x10006e04       0x5c c:/progra~1/raspbe~1/picosd~1.1/gcc-ar~1/bin/../lib/gcc/arm-none-eabi/10.3.1/../../../../arm-none-eabi/lib/thumb/v6-m/nofp\libg.a(lib_a-strlen-stub.o)
                0x10006e04                strlen
 *(.fini)
 .fini          0x10006e60        0x4 c:/progra~1/raspbe~1/picosd~1.1/gcc-ar~1/bin/../lib/gcc/arm-none-eabi/10.3.1/thumb/v6-m/nofp/crti.o
                0x10006e60                _fini
 *fill*         0x10006e64        0x4 
 .fini.__stub   0x10006e68       0xe0 linker stubs
 *crtbegin.o(.ctors)
 *crtbegin?.o(.ctors)
 *(EXCLUDE_FILE(*crtend.o *crtend?.o) .ctors)
 *(SORT_BY_NAME(.ctors.*))
 *(.ctors)
 *crtbegin.o(.dtors)
 *crtbegin?.o(.dtors)
 *(EXCLUDE_FILE(*crtend.o *crtend?.o) .dtors)
 *(SORT_BY_NAME(.dtors.*))
 *(.dtors)
 *(.eh_frame*)
 .eh_frame      0x10006f48        0x0 c:/progra~1/raspbe~1/picosd~1.1/gcc-ar~1/bin/../lib/gcc/arm-none-eabi/10.3.1/thumb/v6-m/nofp/crtbegin.o
                0x10006f48                . = ALIGN (0x4)

.glue_7         0x10006f48        0x0
 .glue_7        0x10006f48        0x0 linker stubs

.glue_7t        0x10006f48        0x0
 .glue_7t       0x10006f48        0x0 linker stubs

.vfp11_veneer   0x10006f48        0x0
 .vfp11_veneer  0x10006f48        0x0 linker stubs

.v4_bx          0x10006f48        0x0
 .v4_bx         0x10006f48        0x0 linker stubs

.iplt           0x10006f48        0x0
 .iplt          0x10006f48        0x0 c:/progra~1/raspbe~1/picosd~1.1/gcc-ar~1/bin/../lib/gcc/arm-none-eabi/10.3.1/thumb/v6-m/nofp/crtbegin.o

.rodata         0x10006f48     0x16dc
 *(EXCLUDE_FILE(*libm.a: *libc.a:*lib_a-mem*.o *libgcc.a:) .rodata*)
 .rodata.spin_lock_claim_unused.str1.4
                0x10006f48       0x1b CMakeFiles/pwmAdcC.dir/C_/Program_Files/Raspberry_Pi/Pico_SDK_v1.5.1/pico-sdk/src/rp2_common/hardware_sync/sync.c.obj
 *fill*         0x10006f63        0x1 
 .rodata.make_branch.str1.4
                0x10006f64       0x89 CMakeFiles/pwmAdcC.dir/C_/Program_Files/Raspberry_Pi/Pico_SDK_v1.5.1/pico-sdk/src/rp2_common/hardware_irq/irq.c.obj
 *fill*         0x10006fed        0x3 
 .rodata.insert_branch_and_link.str1.4
                0x10006ff0       0x10 CMakeFiles/pwmAdcC.dir/C_/Program_Files/Raspberry_Pi/Pico_SDK_v1.5.1/pico-sdk/src/rp2_common/hardware_irq/irq.c.obj
 .rodata.irq_set_exclusive_handler.str1.4
                0x10007000       0x36 CMakeFiles/pwmAdcC.dir/C_/Program_Files/Raspberry_Pi/Pico_SDK_v1.5.1/pico-sdk/src/rp2_common/hardware_irq/irq.c.obj
 *fill*         0x10007036        0x2 
 .rodata.irq_add_shared_handler.str1.4
                0x10007038       0xd9 CMakeFiles/pwmAdcC.dir/C_/Program_Files/Raspberry_Pi/Pico_SDK_v1.5.1/pico-sdk/src/rp2_common/hardware_irq/irq.c.obj
 *fill*         0x10007111        0x3 
 .rodata.irq_remove_handler.str1.4
                0x10007114       0x3a CMakeFiles/pwmAdcC.dir/C_/Program_Files/Raspberry_Pi/Pico_SDK_v1.5.1/pico-sdk/src/rp2_common/hardware_irq/irq.c.obj
 *fill*         0x1000714e        0x2 
 .rodata.irq_add_tail_to_free_list.str1.4
                0x10007150       0x3a CMakeFiles/pwmAdcC.dir/C_/Program_Files/Raspberry_Pi/Pico_SDK_v1.5.1/pico-sdk/src/rp2_common/hardware_irq/irq.c.obj
 *fill*         0x1000718a        0x2 
 .rodata.user_irq_claim_unused.str1.4
                0x1000718c       0x1b CMakeFiles/pwmAdcC.dir/C_/Program_Files/Raspberry_Pi/Pico_SDK_v1.5.1/pico-sdk/src/rp2_common/hardware_irq/irq.c.obj
 *fill*         0x100071a7        0x1 
 .rodata.__func__.0
                0x100071a8       0x1a CMakeFiles/pwmAdcC.dir/C_/Program_Files/Raspberry_Pi/Pico_SDK_v1.5.1/pico-sdk/src/rp2_common/hardware_irq/irq.c.obj
 *fill*         0x100071c2        0x2 
 .rodata.__func__.1
                0x100071c4       0x17 CMakeFiles/pwmAdcC.dir/C_/Program_Files/Raspberry_Pi/Pico_SDK_v1.5.1/pico-sdk/src/rp2_common/hardware_irq/irq.c.obj
 *fill*         0x100071db        0x1 
 .rodata.__func__.2
                0x100071dc       0x13 CMakeFiles/pwmAdcC.dir/C_/Program_Files/Raspberry_Pi/Pico_SDK_v1.5.1/pico-sdk/src/rp2_common/hardware_irq/irq.c.obj
 *fill*         0x100071ef        0x1 
 .rodata.__func__.3
                0x100071f0        0xc CMakeFiles/pwmAdcC.dir/C_/Program_Files/Raspberry_Pi/Pico_SDK_v1.5.1/pico-sdk/src/rp2_common/hardware_irq/irq.c.obj
 .rodata.__func__.4
                0x100071fc        0xf CMakeFiles/pwmAdcC.dir/C_/Program_Files/Raspberry_Pi/Pico_SDK_v1.5.1/pico-sdk/src/rp2_common/hardware_irq/irq.c.obj
 *fill*         0x1000720b        0x1 
 .rodata.__func__.5
                0x1000720c       0x17 CMakeFiles/pwmAdcC.dir/C_/Program_Files/Raspberry_Pi/Pico_SDK_v1.5.1/pico-sdk/src/rp2_common/hardware_irq/irq.c.obj
 *fill*         0x10007223        0x1 
 .rodata.__func__.6
                0x10007224       0x1a CMakeFiles/pwmAdcC.dir/C_/Program_Files/Raspberry_Pi/Pico_SDK_v1.5.1/pico-sdk/src/rp2_common/hardware_irq/irq.c.obj
 *fill*         0x1000723e        0x2 
 .rodata.str1.4
                0x10007240      0x125 CMakeFiles/pwmAdcC.dir/C_/Program_Files/Raspberry_Pi/Pico_SDK_v1.5.1/pico-sdk/src/common/pico_sync/mutex.c.obj
 *fill*         0x10007365        0x3 
 .rodata.__func__.1
                0x10007368        0xb CMakeFiles/pwmAdcC.dir/C_/Program_Files/Raspberry_Pi/Pico_SDK_v1.5.1/pico-sdk/src/common/pico_sync/mutex.c.obj
 *fill*         0x10007373        0x1 
 .rodata.__func__.3
                0x10007374       0x18 CMakeFiles/pwmAdcC.dir/C_/Program_Files/Raspberry_Pi/Pico_SDK_v1.5.1/pico-sdk/src/common/pico_sync/mutex.c.obj
 .rodata.__func__.4
                0x1000738c       0x15 CMakeFiles/pwmAdcC.dir/C_/Program_Files/Raspberry_Pi/Pico_SDK_v1.5.1/pico-sdk/src/common/pico_sync/mutex.c.obj
 *fill*         0x100073a1        0x3 
 .rodata.repeating_timer_callback.str1.4
                0x100073a4       0x67 CMakeFiles/pwmAdcC.dir/C_/Program_Files/Raspberry_Pi/Pico_SDK_v1.5.1/pico-sdk/src/common/pico_time/time.c.obj
 *fill*         0x1000740b        0x1 
 .rodata.timer_pool_entry_comparator.str1.4
                0x1000740c       0x22 CMakeFiles/pwmAdcC.dir/C_/Program_Files/Raspberry_Pi/Pico_SDK_v1.5.1/pico-sdk/src/common/pico_time/time.c.obj
 *fill*         0x1000742e        0x2 
 .rodata.ph_add_child_node.str1.4
                0x10007430       0xb2 CMakeFiles/pwmAdcC.dir/C_/Program_Files/Raspberry_Pi/Pico_SDK_v1.5.1/pico-sdk/src/common/pico_time/time.c.obj
 *fill*         0x100074e2        0x2 
 .rodata.add_alarm_under_lock.str1.4
                0x100074e4       0x28 CMakeFiles/pwmAdcC.dir/C_/Program_Files/Raspberry_Pi/Pico_SDK_v1.5.1/pico-sdk/src/common/pico_time/time.c.obj
                                 0x2b (size before relaxing)
 .rodata.alarm_pool_alarm_callback.str1.4
                0x1000750c       0x98 CMakeFiles/pwmAdcC.dir/C_/Program_Files/Raspberry_Pi/Pico_SDK_v1.5.1/pico-sdk/src/common/pico_time/time.c.obj
                                0x118 (size before relaxing)
 .rodata.alarm_pool_get_default.str1.4
                0x100075a4       0x21 CMakeFiles/pwmAdcC.dir/C_/Program_Files/Raspberry_Pi/Pico_SDK_v1.5.1/pico-sdk/src/common/pico_time/time.c.obj
 *fill*         0x100075c5        0x3 
 .rodata.alarm_pool_cancel_alarm.str1.4
                0x100075c8       0x27 CMakeFiles/pwmAdcC.dir/C_/Program_Files/Raspberry_Pi/Pico_SDK_v1.5.1/pico-sdk/src/common/pico_time/time.c.obj
 *fill*         0x100075ef        0x1 
 .rodata.__func__.1
                0x100075f0       0x18 CMakeFiles/pwmAdcC.dir/C_/Program_Files/Raspberry_Pi/Pico_SDK_v1.5.1/pico-sdk/src/common/pico_time/time.c.obj
 .rodata.__func__.10
                0x10007608       0x15 CMakeFiles/pwmAdcC.dir/C_/Program_Files/Raspberry_Pi/Pico_SDK_v1.5.1/pico-sdk/src/common/pico_time/time.c.obj
 *fill*         0x1000761d        0x3 
 .rodata.__func__.11
                0x10007620       0x1a CMakeFiles/pwmAdcC.dir/C_/Program_Files/Raspberry_Pi/Pico_SDK_v1.5.1/pico-sdk/src/common/pico_time/time.c.obj
 *fill*         0x1000763a        0x2 
 .rodata.__func__.12
                0x1000763c        0xa CMakeFiles/pwmAdcC.dir/C_/Program_Files/Raspberry_Pi/Pico_SDK_v1.5.1/pico-sdk/src/common/pico_time/time.c.obj
 *fill*         0x10007646        0x2 
 .rodata.__func__.3
                0x10007648       0x17 CMakeFiles/pwmAdcC.dir/C_/Program_Files/Raspberry_Pi/Pico_SDK_v1.5.1/pico-sdk/src/common/pico_time/time.c.obj
 *fill*         0x1000765f        0x1 
 .rodata.__func__.4
                0x10007660       0x12 CMakeFiles/pwmAdcC.dir/C_/Program_Files/Raspberry_Pi/Pico_SDK_v1.5.1/pico-sdk/src/common/pico_time/time.c.obj
 *fill*         0x10007672        0x2 
 .rodata.__func__.5
                0x10007674        0xd CMakeFiles/pwmAdcC.dir/C_/Program_Files/Raspberry_Pi/Pico_SDK_v1.5.1/pico-sdk/src/common/pico_time/time.c.obj
 *fill*         0x10007681        0x3 
 .rodata.__func__.6
                0x10007684       0x12 CMakeFiles/pwmAdcC.dir/C_/Program_Files/Raspberry_Pi/Pico_SDK_v1.5.1/pico-sdk/src/common/pico_time/time.c.obj
 *fill*         0x10007696        0x2 
 .rodata.__func__.7
                0x10007698        0xf CMakeFiles/pwmAdcC.dir/C_/Program_Files/Raspberry_Pi/Pico_SDK_v1.5.1/pico-sdk/src/common/pico_time/time.c.obj
 *fill*         0x100076a7        0x1 
 .rodata.__func__.8
                0x100076a8        0xc CMakeFiles/pwmAdcC.dir/C_/Program_Files/Raspberry_Pi/Pico_SDK_v1.5.1/pico-sdk/src/common/pico_time/time.c.obj
 .rodata.__func__.9
                0x100076b4       0x15 CMakeFiles/pwmAdcC.dir/C_/Program_Files/Raspberry_Pi/Pico_SDK_v1.5.1/pico-sdk/src/common/pico_time/time.c.obj
 *fill*         0x100076c9        0x3 
 .rodata.hardware_alarm_claim.str1.4
                0x100076cc       0x22 CMakeFiles/pwmAdcC.dir/C_/Program_Files/Raspberry_Pi/Pico_SDK_v1.5.1/pico-sdk/src/rp2_common/hardware_timer/timer.c.obj
 *fill*         0x100076ee        0x2 
 .rodata.hardware_alarm_set_target.str1.4
                0x100076f0       0x81 CMakeFiles/pwmAdcC.dir/C_/Program_Files/Raspberry_Pi/Pico_SDK_v1.5.1/pico-sdk/src/rp2_common/hardware_timer/timer.c.obj
 *fill*         0x10007771        0x3 
 .rodata.__func__.0
                0x10007774       0x1a CMakeFiles/pwmAdcC.dir/C_/Program_Files/Raspberry_Pi/Pico_SDK_v1.5.1/pico-sdk/src/rp2_common/hardware_timer/timer.c.obj
 .rodata.ph_add_child_node.str1.4
                0x1000778e       0xb2 CMakeFiles/pwmAdcC.dir/C_/Program_Files/Raspberry_Pi/Pico_SDK_v1.5.1/pico-sdk/src/common/pico_util/pheap.c.obj
 *fill*         0x1000778e        0x2 
 .rodata.ph_remove_any_head.str1.4
                0x10007790       0xa8 CMakeFiles/pwmAdcC.dir/C_/Program_Files/Raspberry_Pi/Pico_SDK_v1.5.1/pico-sdk/src/common/pico_util/pheap.c.obj
                                 0xbc (size before relaxing)
 .rodata.ph_remove_and_free_node.str1.4
                0x10007838       0x1e CMakeFiles/pwmAdcC.dir/C_/Program_Files/Raspberry_Pi/Pico_SDK_v1.5.1/pico-sdk/src/common/pico_util/pheap.c.obj
                                 0x26 (size before relaxing)
 *fill*         0x10007856        0x2 
 .rodata.__func__.0
                0x10007858       0x18 CMakeFiles/pwmAdcC.dir/C_/Program_Files/Raspberry_Pi/Pico_SDK_v1.5.1/pico-sdk/src/common/pico_util/pheap.c.obj
 .rodata.__func__.1
                0x10007870       0x13 CMakeFiles/pwmAdcC.dir/C_/Program_Files/Raspberry_Pi/Pico_SDK_v1.5.1/pico-sdk/src/common/pico_util/pheap.c.obj
 *fill*         0x10007883        0x1 
 .rodata.__func__.2
                0x10007884       0x12 CMakeFiles/pwmAdcC.dir/C_/Program_Files/Raspberry_Pi/Pico_SDK_v1.5.1/pico-sdk/src/common/pico_util/pheap.c.obj
 *fill*         0x10007896        0x2 
 .rodata.__func__.3
                0x10007898        0xc CMakeFiles/pwmAdcC.dir/C_/Program_Files/Raspberry_Pi/Pico_SDK_v1.5.1/pico-sdk/src/common/pico_util/pheap.c.obj
 .rodata.clock_configure.str1.4
                0x100078a4       0x73 CMakeFiles/pwmAdcC.dir/C_/Program_Files/Raspberry_Pi/Pico_SDK_v1.5.1/pico-sdk/src/rp2_common/hardware_clocks/clocks.c.obj
 *fill*         0x10007917        0x1 
 .rodata.__func__.1
                0x10007918       0x10 CMakeFiles/pwmAdcC.dir/C_/Program_Files/Raspberry_Pi/Pico_SDK_v1.5.1/pico-sdk/src/rp2_common/hardware_clocks/clocks.c.obj
 .rodata.pll_init.str1.4
                0x10007928      0x140 CMakeFiles/pwmAdcC.dir/C_/Program_Files/Raspberry_Pi/Pico_SDK_v1.5.1/pico-sdk/src/rp2_common/hardware_pll/pll.c.obj
 .rodata.__func__.0
                0x10007a68        0x9 CMakeFiles/pwmAdcC.dir/C_/Program_Files/Raspberry_Pi/Pico_SDK_v1.5.1/pico-sdk/src/rp2_common/hardware_pll/pll.c.obj
 *fill*         0x10007a71        0x3 
 .rodata.__assert_func.str1.4
                0x10007a74       0x3f CMakeFiles/pwmAdcC.dir/C_/Program_Files/Raspberry_Pi/Pico_SDK_v1.5.1/pico-sdk/src/rp2_common/pico_runtime/runtime.c.obj
                                 0x43 (size before relaxing)
 *fill*         0x10007ab3        0x1 
 .rodata.runtime_init.str1.4
                0x10007ab4       0x7d CMakeFiles/pwmAdcC.dir/C_/Program_Files/Raspberry_Pi/Pico_SDK_v1.5.1/pico-sdk/src/rp2_common/pico_runtime/runtime.c.obj
 *fill*         0x10007b31        0x3 
 .rodata.panic.str1.4
                0x10007b34       0x12 CMakeFiles/pwmAdcC.dir/C_/Program_Files/Raspberry_Pi/Pico_SDK_v1.5.1/pico-sdk/src/rp2_common/pico_runtime/runtime.c.obj
 *fill*         0x10007b46        0x2 
 .rodata.__func__.2
                0x10007b48        0xd CMakeFiles/pwmAdcC.dir/C_/Program_Files/Raspberry_Pi/Pico_SDK_v1.5.1/pico-sdk/src/rp2_common/pico_runtime/runtime.c.obj
 *fill*         0x10007b55        0x3 
 .rodata._ftoa.str1.4
                0x10007b58       0x15 CMakeFiles/pwmAdcC.dir/C_/Program_Files/Raspberry_Pi/Pico_SDK_v1.5.1/pico-sdk/src/rp2_common/pico_printf/printf.c.obj
 *fill*         0x10007b6d        0x3 
 .rodata._vsnprintf
                0x10007b70      0x1e0 CMakeFiles/pwmAdcC.dir/C_/Program_Files/Raspberry_Pi/Pico_SDK_v1.5.1/pico-sdk/src/rp2_common/pico_printf/printf.c.obj
 .rodata.pow10.0
                0x10007d50       0x50 CMakeFiles/pwmAdcC.dir/C_/Program_Files/Raspberry_Pi/Pico_SDK_v1.5.1/pico-sdk/src/rp2_common/pico_printf/printf.c.obj
 .rodata.__aeabi_double_init.str1.4
                0x10007da0       0xb8 CMakeFiles/pwmAdcC.dir/C_/Program_Files/Raspberry_Pi/Pico_SDK_v1.5.1/pico-sdk/src/rp2_common/pico_double/double_init_rom.c.obj
 .rodata.__func__.0
                0x10007e58       0x14 CMakeFiles/pwmAdcC.dir/C_/Program_Files/Raspberry_Pi/Pico_SDK_v1.5.1/pico-sdk/src/rp2_common/pico_double/double_init_rom.c.obj
 .rodata.__aeabi_float_init.str1.4
                0x10007e6c       0x96 CMakeFiles/pwmAdcC.dir/C_/Program_Files/Raspberry_Pi/Pico_SDK_v1.5.1/pico-sdk/src/rp2_common/pico_float/float_init_rom.c.obj
                                 0x9a (size before relaxing)
 *fill*         0x10007f02        0x2 
 .rodata.__func__.0
                0x10007f04       0x13 CMakeFiles/pwmAdcC.dir/C_/Program_Files/Raspberry_Pi/Pico_SDK_v1.5.1/pico-sdk/src/rp2_common/pico_float/float_init_rom.c.obj
 *fill*         0x10007f17        0x1 
 .rodata.str1.4
                0x10007f18       0x3c CMakeFiles/pwmAdcC.dir/C_/Program_Files/Raspberry_Pi/Pico_SDK_v1.5.1/pico-sdk/src/rp2_common/pico_standard_link/binary_info.c.obj
 .rodata.__bi_44
                0x10007f54        0xc CMakeFiles/pwmAdcC.dir/C_/Program_Files/Raspberry_Pi/Pico_SDK_v1.5.1/pico-sdk/src/rp2_common/pico_standard_link/binary_info.c.obj
 .rodata.__bi_75
                0x10007f60        0xc CMakeFiles/pwmAdcC.dir/C_/Program_Files/Raspberry_Pi/Pico_SDK_v1.5.1/pico-sdk/src/rp2_common/pico_standard_link/binary_info.c.obj
 .rodata.__bi_81
                0x10007f6c        0xc CMakeFiles/pwmAdcC.dir/C_/Program_Files/Raspberry_Pi/Pico_SDK_v1.5.1/pico-sdk/src/rp2_common/pico_standard_link/binary_info.c.obj
 .rodata.stdout_serialize_begin.str1.4
                0x10007f78       0x7d CMakeFiles/pwmAdcC.dir/C_/Program_Files/Raspberry_Pi/Pico_SDK_v1.5.1/pico-sdk/src/rp2_common/pico_stdio/stdio.c.obj
 .rodata.__func__.3
                0x10007f78       0x15 CMakeFiles/pwmAdcC.dir/C_/Program_Files/Raspberry_Pi/Pico_SDK_v1.5.1/pico-sdk/src/rp2_common/pico_stdio/stdio.c.obj
 *fill*         0x10007f8d        0x3 
 .rodata.crlf_str.2
                0x10007f90        0x2 CMakeFiles/pwmAdcC.dir/C_/Program_Files/Raspberry_Pi/Pico_SDK_v1.5.1/pico-sdk/src/rp2_common/pico_stdio/stdio.c.obj
 *fill*         0x10007f92        0x2 
 .rodata._resetd_driver
                0x10007f94       0x18 CMakeFiles/pwmAdcC.dir/C_/Program_Files/Raspberry_Pi/Pico_SDK_v1.5.1/pico-sdk/src/rp2_common/pico_stdio_usb/reset_interface.c.obj
 .rodata.low_priority_worker_irq.str1.4
                0x10007fac       0x7d CMakeFiles/pwmAdcC.dir/C_/Program_Files/Raspberry_Pi/Pico_SDK_v1.5.1/pico-sdk/src/rp2_common/pico_stdio_usb/stdio_usb.c.obj
 .rodata.stdio_usb_init.str1.4
                0x10007fac       0x61 CMakeFiles/pwmAdcC.dir/C_/Program_Files/Raspberry_Pi/Pico_SDK_v1.5.1/pico-sdk/src/rp2_common/pico_stdio_usb/stdio_usb.c.obj
                                 0x69 (size before relaxing)
 *fill*         0x1000800d        0x3 
 .rodata.str1.4
                0x10008010       0x13 CMakeFiles/pwmAdcC.dir/C_/Program_Files/Raspberry_Pi/Pico_SDK_v1.5.1/pico-sdk/src/rp2_common/pico_stdio_usb/stdio_usb.c.obj
 *fill*         0x10008023        0x1 
 .rodata.__bi_182.0
                0x10008024        0xc CMakeFiles/pwmAdcC.dir/C_/Program_Files/Raspberry_Pi/Pico_SDK_v1.5.1/pico-sdk/src/rp2_common/pico_stdio_usb/stdio_usb.c.obj
 .rodata.__func__.1
                0x10008030        0xf CMakeFiles/pwmAdcC.dir/C_/Program_Files/Raspberry_Pi/Pico_SDK_v1.5.1/pico-sdk/src/rp2_common/pico_stdio_usb/stdio_usb.c.obj
 *fill*         0x1000803f        0x1 
 .rodata.__func__.3
                0x10008040       0x15 CMakeFiles/pwmAdcC.dir/C_/Program_Files/Raspberry_Pi/Pico_SDK_v1.5.1/pico-sdk/src/rp2_common/pico_stdio_usb/stdio_usb.c.obj
 *fill*         0x10008055        0x3 
 .rodata.str1.4
                0x10008058       0x2a CMakeFiles/pwmAdcC.dir/C_/Program_Files/Raspberry_Pi/Pico_SDK_v1.5.1/pico-sdk/src/rp2_common/pico_stdio_usb/stdio_usb_descriptors.c.obj
 *fill*         0x10008082        0x2 
 .rodata.usbd_desc_cfg
                0x10008084       0x54 CMakeFiles/pwmAdcC.dir/C_/Program_Files/Raspberry_Pi/Pico_SDK_v1.5.1/pico-sdk/src/rp2_common/pico_stdio_usb/stdio_usb_descriptors.c.obj
 .rodata.usbd_desc_device
                0x100080d8       0x12 CMakeFiles/pwmAdcC.dir/C_/Program_Files/Raspberry_Pi/Pico_SDK_v1.5.1/pico-sdk/src/rp2_common/pico_stdio_usb/stdio_usb_descriptors.c.obj
 *fill*         0x100080ea        0x2 
 .rodata.usbd_desc_str
                0x100080ec       0x18 CMakeFiles/pwmAdcC.dir/C_/Program_Files/Raspberry_Pi/Pico_SDK_v1.5.1/pico-sdk/src/rp2_common/pico_stdio_usb/stdio_usb_descriptors.c.obj
 .rodata.pico_get_unique_board_id_string.str1.4
                0x10008104       0x69 CMakeFiles/pwmAdcC.dir/C_/Program_Files/Raspberry_Pi/Pico_SDK_v1.5.1/pico-sdk/src/rp2_common/pico_unique_id/unique_id.c.obj
 *fill*         0x1000816d        0x3 
 .rodata.__func__.0
                0x10008170       0x20 CMakeFiles/pwmAdcC.dir/C_/Program_Files/Raspberry_Pi/Pico_SDK_v1.5.1/pico-sdk/src/rp2_common/pico_unique_id/unique_id.c.obj
 .rodata.str1.4
                0x10008190      0x176 CMakeFiles/pwmAdcC.dir/C_/Program_Files/Raspberry_Pi/Pico_SDK_v1.5.1/pico-sdk/src/rp2_common/hardware_flash/flash.c.obj
 *fill*         0x10008306        0x2 
 .rodata.__func__.0
                0x10008308        0xd CMakeFiles/pwmAdcC.dir/C_/Program_Files/Raspberry_Pi/Pico_SDK_v1.5.1/pico-sdk/src/rp2_common/hardware_flash/flash.c.obj
 *fill*         0x10008315        0x3 
 .rodata._hw_endpoint_alloc.str1.4
                0x10008318       0xd1 CMakeFiles/pwmAdcC.dir/C_/Program_Files/Raspberry_Pi/Pico_SDK_v1.5.1/pico-sdk/lib/tinyusb/src/portable/raspberrypi/rp2040/dcd_rp2040.c.obj
 *fill*         0x100083e9        0x3 
 .rodata.str1.4
                0x100083ec       0x14 CMakeFiles/pwmAdcC.dir/C_/Program_Files/Raspberry_Pi/Pico_SDK_v1.5.1/pico-sdk/lib/tinyusb/src/portable/raspberrypi/rp2040/dcd_rp2040.c.obj
 .rodata.dcd_int_enable.str1.4
                0x10008400        0xc CMakeFiles/pwmAdcC.dir/C_/Program_Files/Raspberry_Pi/Pico_SDK_v1.5.1/pico-sdk/lib/tinyusb/src/portable/raspberrypi/rp2040/dcd_rp2040.c.obj
 .rodata.__func__.0
                0x1000840c        0xe CMakeFiles/pwmAdcC.dir/C_/Program_Files/Raspberry_Pi/Pico_SDK_v1.5.1/pico-sdk/lib/tinyusb/src/portable/raspberrypi/rp2040/dcd_rp2040.c.obj
 *fill*         0x1000841a        0x2 
 .rodata.__func__.1
                0x1000841c        0xe CMakeFiles/pwmAdcC.dir/C_/Program_Files/Raspberry_Pi/Pico_SDK_v1.5.1/pico-sdk/lib/tinyusb/src/portable/raspberrypi/rp2040/dcd_rp2040.c.obj
 *fill*         0x1000842a        0x2 
 .rodata.__func__.3
                0x1000842c       0x10 CMakeFiles/pwmAdcC.dir/C_/Program_Files/Raspberry_Pi/Pico_SDK_v1.5.1/pico-sdk/lib/tinyusb/src/portable/raspberrypi/rp2040/dcd_rp2040.c.obj
 .rodata.__func__.5
                0x1000843c        0xf CMakeFiles/pwmAdcC.dir/C_/Program_Files/Raspberry_Pi/Pico_SDK_v1.5.1/pico-sdk/lib/tinyusb/src/portable/raspberrypi/rp2040/dcd_rp2040.c.obj
 *fill*         0x1000844b        0x1 
 .rodata.__func__.6
                0x1000844c       0x13 CMakeFiles/pwmAdcC.dir/C_/Program_Files/Raspberry_Pi/Pico_SDK_v1.5.1/pico-sdk/lib/tinyusb/src/portable/raspberrypi/rp2040/dcd_rp2040.c.obj
 *fill*         0x1000845f        0x1 
 .rodata.__func__.7
                0x10008460        0x9 CMakeFiles/pwmAdcC.dir/C_/Program_Files/Raspberry_Pi/Pico_SDK_v1.5.1/pico-sdk/lib/tinyusb/src/portable/raspberrypi/rp2040/dcd_rp2040.c.obj
 *fill*         0x10008469        0x3 
 .rodata.str1.4
                0x1000846c      0x103 CMakeFiles/pwmAdcC.dir/C_/Program_Files/Raspberry_Pi/Pico_SDK_v1.5.1/pico-sdk/lib/tinyusb/src/portable/raspberrypi/rp2040/rp2040_usb.c.obj
 *fill*         0x1000856f        0x1 
 .rodata.__func__.0
                0x10008570        0xf CMakeFiles/pwmAdcC.dir/C_/Program_Files/Raspberry_Pi/Pico_SDK_v1.5.1/pico-sdk/lib/tinyusb/src/portable/raspberrypi/rp2040/rp2040_usb.c.obj
 *fill*         0x1000857f        0x1 
 .rodata.process_get_descriptor
                0x10008580       0x40 CMakeFiles/pwmAdcC.dir/C_/Program_Files/Raspberry_Pi/Pico_SDK_v1.5.1/pico-sdk/lib/tinyusb/src/device/usbd.c.obj
 .rodata.process_control_request
                0x100085c0       0x28 CMakeFiles/pwmAdcC.dir/C_/Program_Files/Raspberry_Pi/Pico_SDK_v1.5.1/pico-sdk/lib/tinyusb/src/device/usbd.c.obj
 .rodata.tud_task_ext
                0x100085e8       0x24 CMakeFiles/pwmAdcC.dir/C_/Program_Files/Raspberry_Pi/Pico_SDK_v1.5.1/pico-sdk/lib/tinyusb/src/device/usbd.c.obj
 .rodata._usbd_driver
                0x1000860c       0x18 CMakeFiles/pwmAdcC.dir/C_/Program_Files/Raspberry_Pi/Pico_SDK_v1.5.1/pico-sdk/lib/tinyusb/src/device/usbd.c.obj
                0x10008624                . = ALIGN (0x4)
 *(SORT_BY_ALIGNMENT(SORT_BY_NAME(.flashdata*)))
                0x10008624                . = ALIGN (0x4)

.ARM.extab
 *(.ARM.extab* .gnu.linkonce.armextab.*)
                0x10008624                __exidx_start = .

.ARM.exidx
 *(.ARM.exidx* .gnu.linkonce.armexidx.*)
                0x10008624                __exidx_end = .
                0x10008624                . = ALIGN (0x4)
                0x10008624                __binary_info_start = .

.binary_info    0x10008624       0x20
 *(.binary_info.keep.*)
 .binary_info.keep.__bi_ptr22
                0x10008624        0x4 CMakeFiles/pwmAdcC.dir/C_/Program_Files/Raspberry_Pi/Pico_SDK_v1.5.1/pico-sdk/src/rp2_common/pico_standard_link/binary_info.c.obj
 .binary_info.keep.__bi_ptr30
                0x10008628        0x4 CMakeFiles/pwmAdcC.dir/C_/Program_Files/Raspberry_Pi/Pico_SDK_v1.5.1/pico-sdk/src/rp2_common/pico_standard_link/binary_info.c.obj
 .binary_info.keep.__bi_ptr38
                0x1000862c        0x4 CMakeFiles/pwmAdcC.dir/C_/Program_Files/Raspberry_Pi/Pico_SDK_v1.5.1/pico-sdk/src/rp2_common/pico_standard_link/binary_info.c.obj
 .binary_info.keep.__bi_ptr44
                0x10008630        0x4 CMakeFiles/pwmAdcC.dir/C_/Program_Files/Raspberry_Pi/Pico_SDK_v1.5.1/pico-sdk/src/rp2_common/pico_standard_link/binary_info.c.obj
 .binary_info.keep.__bi_ptr50
                0x10008634        0x4 CMakeFiles/pwmAdcC.dir/C_/Program_Files/Raspberry_Pi/Pico_SDK_v1.5.1/pico-sdk/src/rp2_common/pico_standard_link/binary_info.c.obj
 .binary_info.keep.__bi_ptr75
                0x10008638        0x4 CMakeFiles/pwmAdcC.dir/C_/Program_Files/Raspberry_Pi/Pico_SDK_v1.5.1/pico-sdk/src/rp2_common/pico_standard_link/binary_info.c.obj
 .binary_info.keep.__bi_ptr81
                0x1000863c        0x4 CMakeFiles/pwmAdcC.dir/C_/Program_Files/Raspberry_Pi/Pico_SDK_v1.5.1/pico-sdk/src/rp2_common/pico_standard_link/binary_info.c.obj
 *(.binary_info.*)
 .binary_info.__bi_ptr182
                0x10008640        0x4 CMakeFiles/pwmAdcC.dir/C_/Program_Files/Raspberry_Pi/Pico_SDK_v1.5.1/pico-sdk/src/rp2_common/pico_stdio_usb/stdio_usb.c.obj
                0x10008644                __binary_info_end = .

.rel.dyn        0x10008644        0x0
 .rel.iplt      0x10008644        0x0 c:/progra~1/raspbe~1/picosd~1.1/gcc-ar~1/bin/../lib/gcc/arm-none-eabi/10.3.1/thumb/v6-m/nofp/crtbegin.o
                0x10008644                . = ALIGN (0x4)

.ram_vector_table
                0x20000000       0xc0
 *(.ram_vector_table)
 .ram_vector_table
                0x20000000       0xc0 CMakeFiles/pwmAdcC.dir/C_/Program_Files/Raspberry_Pi/Pico_SDK_v1.5.1/pico-sdk/src/rp2_common/pico_runtime/runtime.c.obj
                0x20000000                ram_vector_table

.data           0x200000c0      0xbf0 load address 0x10008644
                0x200000c0                __data_start__ = .
 *(vtable)
 *(.time_critical*)
 .time_critical.mutex_try_enter
                0x200000c0       0x46 CMakeFiles/pwmAdcC.dir/C_/Program_Files/Raspberry_Pi/Pico_SDK_v1.5.1/pico-sdk/src/common/pico_sync/mutex.c.obj
                0x200000c0                mutex_try_enter
 *fill*         0x20000106        0x2 
 .time_critical.mutex_enter_block_until
                0x20000108       0x8c CMakeFiles/pwmAdcC.dir/C_/Program_Files/Raspberry_Pi/Pico_SDK_v1.5.1/pico-sdk/src/common/pico_sync/mutex.c.obj
                0x20000108                mutex_enter_block_until
 .time_critical.mutex_try_enter_block_until
                0x20000194       0x34 CMakeFiles/pwmAdcC.dir/C_/Program_Files/Raspberry_Pi/Pico_SDK_v1.5.1/pico-sdk/src/common/pico_sync/mutex.c.obj
                0x20000194                mutex_try_enter_block_until
 .time_critical.mutex_enter_timeout_ms
                0x200001c8       0x68 CMakeFiles/pwmAdcC.dir/C_/Program_Files/Raspberry_Pi/Pico_SDK_v1.5.1/pico-sdk/src/common/pico_sync/mutex.c.obj
                0x200001c8                mutex_enter_timeout_ms
 .time_critical.mutex_exit
                0x20000230       0x4c CMakeFiles/pwmAdcC.dir/C_/Program_Files/Raspberry_Pi/Pico_SDK_v1.5.1/pico-sdk/src/common/pico_sync/mutex.c.obj
                0x20000230                mutex_exit
 .time_critical.flash_init_boot2_copyout
                0x2000027c       0x30 CMakeFiles/pwmAdcC.dir/C_/Program_Files/Raspberry_Pi/Pico_SDK_v1.5.1/pico-sdk/src/rp2_common/hardware_flash/flash.c.obj
 .time_critical.flash_enable_xip_via_boot2
                0x200002ac       0x10 CMakeFiles/pwmAdcC.dir/C_/Program_Files/Raspberry_Pi/Pico_SDK_v1.5.1/pico-sdk/src/rp2_common/hardware_flash/flash.c.obj
 .time_critical.flash_cs_force
                0x200002bc       0x28 CMakeFiles/pwmAdcC.dir/C_/Program_Files/Raspberry_Pi/Pico_SDK_v1.5.1/pico-sdk/src/rp2_common/hardware_flash/flash.c.obj
 .time_critical.flash_do_cmd
                0x200002e4       0xd8 CMakeFiles/pwmAdcC.dir/C_/Program_Files/Raspberry_Pi/Pico_SDK_v1.5.1/pico-sdk/src/rp2_common/hardware_flash/flash.c.obj
                0x200002e4                flash_do_cmd
 .time_critical.reset_non_control_endpoints
                0x200003bc       0x40 CMakeFiles/pwmAdcC.dir/C_/Program_Files/Raspberry_Pi/Pico_SDK_v1.5.1/pico-sdk/lib/tinyusb/src/portable/raspberrypi/rp2040/dcd_rp2040.c.obj
 .time_critical.hw_handle_buff_status
                0x200003fc       0xa4 CMakeFiles/pwmAdcC.dir/C_/Program_Files/Raspberry_Pi/Pico_SDK_v1.5.1/pico-sdk/lib/tinyusb/src/portable/raspberrypi/rp2040/dcd_rp2040.c.obj
 .time_critical.dcd_rp2040_irq
                0x200004a0      0x1cc CMakeFiles/pwmAdcC.dir/C_/Program_Files/Raspberry_Pi/Pico_SDK_v1.5.1/pico-sdk/lib/tinyusb/src/portable/raspberrypi/rp2040/dcd_rp2040.c.obj
 .time_critical.e15_is_bulkin_ep
                0x2000066c       0x2c CMakeFiles/pwmAdcC.dir/C_/Program_Files/Raspberry_Pi/Pico_SDK_v1.5.1/pico-sdk/lib/tinyusb/src/portable/raspberrypi/rp2040/rp2040_usb.c.obj
 .time_critical.e15_is_critical_frame_period
                0x20000698       0x30 CMakeFiles/pwmAdcC.dir/C_/Program_Files/Raspberry_Pi/Pico_SDK_v1.5.1/pico-sdk/lib/tinyusb/src/portable/raspberrypi/rp2040/rp2040_usb.c.obj
 .time_critical.prepare_ep_buffer
                0x200006c8       0x70 CMakeFiles/pwmAdcC.dir/C_/Program_Files/Raspberry_Pi/Pico_SDK_v1.5.1/pico-sdk/lib/tinyusb/src/portable/raspberrypi/rp2040/rp2040_usb.c.obj
 .time_critical.sync_ep_buffer
                0x20000738       0x80 CMakeFiles/pwmAdcC.dir/C_/Program_Files/Raspberry_Pi/Pico_SDK_v1.5.1/pico-sdk/lib/tinyusb/src/portable/raspberrypi/rp2040/rp2040_usb.c.obj
 .time_critical._hw_endpoint_xfer_sync
                0x200007b8       0x28 CMakeFiles/pwmAdcC.dir/C_/Program_Files/Raspberry_Pi/Pico_SDK_v1.5.1/pico-sdk/lib/tinyusb/src/portable/raspberrypi/rp2040/rp2040_usb.c.obj
 .time_critical.hw_endpoint_reset_transfer
                0x200007e0        0xc CMakeFiles/pwmAdcC.dir/C_/Program_Files/Raspberry_Pi/Pico_SDK_v1.5.1/pico-sdk/lib/tinyusb/src/portable/raspberrypi/rp2040/rp2040_usb.c.obj
                0x200007e0                hw_endpoint_reset_transfer
 .time_critical._hw_endpoint_buffer_control_update32
                0x200007ec       0x58 CMakeFiles/pwmAdcC.dir/C_/Program_Files/Raspberry_Pi/Pico_SDK_v1.5.1/pico-sdk/lib/tinyusb/src/portable/raspberrypi/rp2040/rp2040_usb.c.obj
                0x200007ec                _hw_endpoint_buffer_control_update32
 .time_critical.hw_endpoint_start_next_buffer
                0x20000844       0x88 CMakeFiles/pwmAdcC.dir/C_/Program_Files/Raspberry_Pi/Pico_SDK_v1.5.1/pico-sdk/lib/tinyusb/src/portable/raspberrypi/rp2040/rp2040_usb.c.obj
                0x20000844                hw_endpoint_start_next_buffer
 .time_critical.hw_endpoint_xfer_continue
                0x200008cc       0x50 CMakeFiles/pwmAdcC.dir/C_/Program_Files/Raspberry_Pi/Pico_SDK_v1.5.1/pico-sdk/lib/tinyusb/src/portable/raspberrypi/rp2040/rp2040_usb.c.obj
                0x200008cc                hw_endpoint_xfer_continue
 .time_critical.tinyusb
                0x2000091c      0x200 CMakeFiles/pwmAdcC.dir/C_/Program_Files/Raspberry_Pi/Pico_SDK_v1.5.1/pico-sdk/lib/tinyusb/src/device/usbd.c.obj
                0x2000091c                dcd_event_handler
 *(.text*)
 .text          0x20000b1c        0x4 c:/progra~1/raspbe~1/picosd~1.1/gcc-ar~1/bin/../lib/gcc/arm-none-eabi/10.3.1/thumb/v6-m/nofp\libgcc.a(_dvmd_tls.o)
                0x20000b1c                __aeabi_idiv0
                0x20000b1c                __aeabi_ldiv0
 .text.__stub   0x20000b20       0x90 linker stubs
                0x20000bb0                . = ALIGN (0x4)
 *(.rodata*)
                0x20000bb0                . = ALIGN (0x4)
 *(.data*)
 .data          0x20000bb0        0x4 CMakeFiles/pwmAdcC.dir/src/pwm.s.obj
 .data.striped_spin_lock_num
                0x20000bb4        0x1 CMakeFiles/pwmAdcC.dir/C_/Program_Files/Raspberry_Pi/Pico_SDK_v1.5.1/pico-sdk/src/rp2_common/hardware_sync/sync.c.obj
 *fill*         0x20000bb5        0x3 
 .data          0x20000bb8       0x48 CMakeFiles/pwmAdcC.dir/C_/Program_Files/Raspberry_Pi/Pico_SDK_v1.5.1/pico-sdk/src/rp2_common/hardware_irq/irq_handler_chain.S.obj
                0x20000bb8                irq_handler_chain_slots
                0x20000be8                irq_handler_chain_first_slot
                0x20000bf2                irq_handler_chain_remove_tail
 .data.default_alarm_pool
                0x20000c00       0x18 CMakeFiles/pwmAdcC.dir/C_/Program_Files/Raspberry_Pi/Pico_SDK_v1.5.1/pico-sdk/src/common/pico_time/time.c.obj
 .data.default_alarm_pool_heap
                0x20000c18       0x10 CMakeFiles/pwmAdcC.dir/C_/Program_Files/Raspberry_Pi/Pico_SDK_v1.5.1/pico-sdk/src/common/pico_time/time.c.obj
 *fill*         0x20000c28        0x8 
 .data.aeabi_bits_funcs
                0x20000c30       0x10 CMakeFiles/pwmAdcC.dir/C_/Program_Files/Raspberry_Pi/Pico_SDK_v1.5.1/pico-sdk/src/rp2_common/pico_bit_ops/bit_ops_aeabi.S.obj