Archive member included to satisfy reference by file (symbol)

c:/progra~1/raspbe~1/picosd~1.1/gcc-ar~1/bin/../lib/gcc/arm-none-eabi/10.3.1/thumb/v6-m/nofp\libgcc.a(_dvmd_tls.o)
                              CMakeFiles/pwmAdcC.dir/C_/Program_Files/Raspberry_Pi/Pico_SDK_v1.5.1/pico-sdk/src/rp2_common/pico_divider/divider.S.obj (__aeabi_idiv0)
c:/progra~1/raspbe~1/picosd~1.1/gcc-ar~1/bin/../lib/gcc/arm-none-eabi/10.3.1/../../../../arm-none-eabi/lib/thumb/v6-m/nofp\libg.a(lib_a-calloc.o)
                              CMakeFiles/pwmAdcC.dir/C_/Program_Files/Raspberry_Pi/Pico_SDK_v1.5.1/pico-sdk/src/rp2_common/pico_malloc/pico_malloc.c.obj (calloc)
c:/progra~1/raspbe~1/picosd~1.1/gcc-ar~1/bin/../lib/gcc/arm-none-eabi/10.3.1/../../../../arm-none-eabi/lib/thumb/v6-m/nofp\libg.a(lib_a-callocr.o)
                              c:/progra~1/raspbe~1/picosd~1.1/gcc-ar~1/bin/../lib/gcc/arm-none-eabi/10.3.1/../../../../arm-none-eabi/lib/thumb/v6-m/nofp\libg.a(lib_a-calloc.o) (_calloc_r)
c:/progra~1/raspbe~1/picosd~1.1/gcc-ar~1/bin/../lib/gcc/arm-none-eabi/10.3.1/../../../../arm-none-eabi/lib/thumb/v6-m/nofp\libg.a(lib_a-errno.o)
                              c:/progra~1/raspbe~1/picosd~1.1/gcc-ar~1/bin/../lib/gcc/arm-none-eabi/10.3.1/../../../../arm-none-eabi/lib/thumb/v6-m/nofp\libg.a(lib_a-callocr.o) (__errno)
c:/progra~1/raspbe~1/picosd~1.1/gcc-ar~1/bin/../lib/gcc/arm-none-eabi/10.3.1/../../../../arm-none-eabi/lib/thumb/v6-m/nofp\libg.a(lib_a-impure.o)
                              c:/progra~1/raspbe~1/picosd~1.1/gcc-ar~1/bin/../lib/gcc/arm-none-eabi/10.3.1/../../../../arm-none-eabi/lib/thumb/v6-m/nofp\libg.a(lib_a-calloc.o) (_impure_ptr)
c:/progra~1/raspbe~1/picosd~1.1/gcc-ar~1/bin/../lib/gcc/arm-none-eabi/10.3.1/../../../../arm-none-eabi/lib/thumb/v6-m/nofp\libg.a(lib_a-init.o)
                              c:/progra~1/raspbe~1/picosd~1.1/gcc-ar~1/bin/../lib/gcc/arm-none-eabi/10.3.1/../../../../arm-none-eabi/lib/thumb/v6-m/nofp/crt0.o (__libc_init_array)
c:/progra~1/raspbe~1/picosd~1.1/gcc-ar~1/bin/../lib/gcc/arm-none-eabi/10.3.1/../../../../arm-none-eabi/lib/thumb/v6-m/nofp\libg.a(lib_a-malloc.o)
                              CMakeFiles/pwmAdcC.dir/C_/Program_Files/Raspberry_Pi/Pico_SDK_v1.5.1/pico-sdk/src/rp2_common/pico_malloc/pico_malloc.c.obj (malloc)
c:/progra~1/raspbe~1/picosd~1.1/gcc-ar~1/bin/../lib/gcc/arm-none-eabi/10.3.1/../../../../arm-none-eabi/lib/thumb/v6-m/nofp\libg.a(lib_a-mallocr.o)
                              c:/progra~1/raspbe~1/picosd~1.1/gcc-ar~1/bin/../lib/gcc/arm-none-eabi/10.3.1/../../../../arm-none-eabi/lib/thumb/v6-m/nofp\libg.a(lib_a-callocr.o) (_malloc_r)
c:/progra~1/raspbe~1/picosd~1.1/gcc-ar~1/bin/../lib/gcc/arm-none-eabi/10.3.1/../../../../arm-none-eabi/lib/thumb/v6-m/nofp\libg.a(lib_a-mlock.o)
                              c:/progra~1/raspbe~1/picosd~1.1/gcc-ar~1/bin/../lib/gcc/arm-none-eabi/10.3.1/../../../../arm-none-eabi/lib/thumb/v6-m/nofp\libg.a(lib_a-mallocr.o) (__malloc_lock)
c:/progra~1/raspbe~1/picosd~1.1/gcc-ar~1/bin/../lib/gcc/arm-none-eabi/10.3.1/../../../../arm-none-eabi/lib/thumb/v6-m/nofp\libg.a(lib_a-realloc.o)
                              CMakeFiles/pwmAdcC.dir/C_/Program_Files/Raspberry_Pi/Pico_SDK_v1.5.1/pico-sdk/src/rp2_common/pico_malloc/pico_malloc.c.obj (realloc)
c:/progra~1/raspbe~1/picosd~1.1/gcc-ar~1/bin/../lib/gcc/arm-none-eabi/10.3.1/../../../../arm-none-eabi/lib/thumb/v6-m/nofp\libg.a(lib_a-reallocr.o)
                              c:/progra~1/raspbe~1/picosd~1.1/gcc-ar~1/bin/../lib/gcc/arm-none-eabi/10.3.1/../../../../arm-none-eabi/lib/thumb/v6-m/nofp\libg.a(lib_a-realloc.o) (_realloc_r)
c:/progra~1/raspbe~1/picosd~1.1/gcc-ar~1/bin/../lib/gcc/arm-none-eabi/10.3.1/../../../../arm-none-eabi/lib/thumb/v6-m/nofp\libg.a(lib_a-sbrkr.o)
                              c:/progra~1/raspbe~1/picosd~1.1/gcc-ar~1/bin/../lib/gcc/arm-none-eabi/10.3.1/../../../../arm-none-eabi/lib/thumb/v6-m/nofp\libg.a(lib_a-mallocr.o) (_sbrk_r)
c:/progra~1/raspbe~1/picosd~1.1/gcc-ar~1/bin/../lib/gcc/arm-none-eabi/10.3.1/../../../../arm-none-eabi/lib/thumb/v6-m/nofp\libg.a(lib_a-strlen-stub.o)
                              CMakeFiles/pwmAdcC.dir/C_/Program_Files/Raspberry_Pi/Pico_SDK_v1.5.1/pico-sdk/src/rp2_common/pico_stdio/stdio.c.obj (strlen)
c:/progra~1/raspbe~1/picosd~1.1/gcc-ar~1/bin/../lib/gcc/arm-none-eabi/10.3.1/../../../../arm-none-eabi/lib/thumb/v6-m/nofp\libg.a(lib_a-freer.o)
                              c:/progra~1/raspbe~1/picosd~1.1/gcc-ar~1/bin/../lib/gcc/arm-none-eabi/10.3.1/../../../../arm-none-eabi/lib/thumb/v6-m/nofp\libg.a(lib_a-malloc.o) (_free_r)
c:/progra~1/raspbe~1/picosd~1.1/gcc-ar~1/bin/../lib/gcc/arm-none-eabi/10.3.1/../../../../arm-none-eabi/lib/thumb/v6-m/nofp\libg.a(lib_a-lock.o)
                              c:/progra~1/raspbe~1/picosd~1.1/gcc-ar~1/bin/../lib/gcc/arm-none-eabi/10.3.1/../../../../arm-none-eabi/lib/thumb/v6-m/nofp\libg.a(lib_a-mlock.o) (__retarget_lock_acquire_recursive)
[...]
Memory Configuration

Name             Origin             Length             Attributes
FLASH            0x10000000         0x00200000         xr
RAM              0x20000000         0x00040000         xrw
SCRATCH_X        0x20040000         0x00001000         xrw
SCRATCH_Y        0x20041000         0x00001000         xrw
*default*        0x00000000         0xffffffff

Linker script and memory map

LOAD c:/progra~1/raspbe~1/picosd~1.1/gcc-ar~1/bin/../lib/gcc/arm-none-eabi/10.3.1/thumb/v6-m/nofp/crti.o
LOAD c:/progra~1/raspbe~1/picosd~1.1/gcc-ar~1/bin/../lib/gcc/arm-none-eabi/10.3.1/thumb/v6-m/nofp/crtbegin.o
LOAD c:/progra~1/raspbe~1/picosd~1.1/gcc-ar~1/bin/../lib/gcc/arm-none-eabi/10.3.1/../../../../arm-none-eabi/lib/thumb/v6-m/nofp/crt0.o

.flash_begin    0x10000000        0x0
                0x10000000                __flash_binary_start = .

.boot2          0x10000000      0x100
                0x10000000                __boot2_start__ = .
 *(.boot2)
 .boot2         0x10000000      0x100 C:\Users\DAVINC~1\AppData\Local\Temp\ccQ0qMXU.o
                0x10000100                __boot2_end__ = .
                0x00000001                ASSERT (((__boot2_end__ - __boot2_start__) == 0x100), ERROR: Pico second stage bootloader must be 256 bytes in size)

.text           0x10000100     0x6ec8
                0x10000100                __logical_binary_start = .
 *(.vectors)
 .vectors       0x10000100       0xd4 CMakeFiles/pwmAdcC.dir/C_/Program_Files/Raspberry_Pi/Pico_SDK_v1.5.1/pico-sdk/src/rp2_common/pico_standard_link/crt0.S.obj
                0x10000100                __VECTOR_TABLE
                0x10000100                __vectors
                0x100001c0                isr_invalid
                0x100001c0                __default_isrs_start
                0x100001c2                isr_nmi
                0x100001c4                isr_hardfault
                0x100001c6                isr_svcall
                0x100001c8                isr_pendsv
                0x100001ca                isr_systick
                0x100001cc                isr_irq23
                0x100001cc                isr_irq18
                0x100001cc                isr_irq11
                0x100001cc                isr_irq28
                0x100001cc                isr_irq19
                0x100001cc                isr_irq0
                0x100001cc                isr_irq6
                0x100001cc                isr_irq5
                0x100001cc                isr_irq12
                0x100001cc                isr_irq22
                0x100001cc                isr_irq31
                0x100001cc                isr_irq17
                0x100001cc                isr_irq27
                0x100001cc                isr_irq30
                0x100001cc                isr_irq2
                0x100001cc                isr_irq10
                0x100001cc                isr_irq8
                0x100001cc                isr_irq24
                0x100001cc                isr_irq1
                0x100001cc                isr_irq7
                0x100001cc                isr_irq21
                0x100001cc                isr_irq20
                0x100001cc                isr_irq15
                0x100001cc                isr_irq25
                0x100001cc                isr_irq13
                0x100001cc                __unhandled_user_irq
                0x100001cc                isr_irq4
                0x100001cc                isr_irq16
                0x100001cc                isr_irq29
                0x100001cc                isr_irq26
                0x100001cc                __default_isrs_end
                0x100001cc                isr_irq3
                0x100001cc                isr_irq14
                0x100001cc                isr_irq9
                0x100001d2                unhandled_user_irq_num_in_r0
 *(.binary_info_header)
 .binary_info_header
                0x100001d4       0x14 CMakeFiles/pwmAdcC.dir/C_/Program_Files/Raspberry_Pi/Pico_SDK_v1.5.1/pico-sdk/src/rp2_common/pico_standard_link/crt0.S.obj
                0x100001e8                __binary_info_header_end = .
 *(.reset)
 .reset         0x100001e8       0xa0 CMakeFiles/pwmAdcC.dir/C_/Program_Files/Raspberry_Pi/Pico_SDK_v1.5.1/pico-sdk/src/rp2_common/pico_standard_link/crt0.S.obj
                0x100001e8                _entry_point
 .reset         0x10000288       0x30 CMakeFiles/pwmAdcC.dir/C_/Program_Files/Raspberry_Pi/Pico_SDK_v1.5.1/pico-sdk/src/rp2_common/pico_standard_link/binary_info.c.obj
 *(.init)
 .init          0x100002b8        0x4 c:/progra~1/raspbe~1/picosd~1.1/gcc-ar~1/bin/../lib/gcc/arm-none-eabi/10.3.1/thumb/v6-m/nofp/crti.o
                0x100002b8                _init
 *(EXCLUDE_FILE(*libm.a: *libc.a:*lib_a-mem*.o *libgcc.a:) .text*)
 .text          0x100002bc       0x48 c:/progra~1/raspbe~1/picosd~1.1/gcc-ar~1/bin/../lib/gcc/arm-none-eabi/10.3.1/thumb/v6-m/nofp/crtbegin.o
 .text.main     0x10000304       0x74 CMakeFiles/pwmAdcC.dir/src/main.c.obj
                0x10000304                main
 .text          0x10000378       0x20 CMakeFiles/pwmAdcC.dir/src/adc.s.obj
                0x10000378                project_adc_init_asm
                0x1000038c                project_adc_read_asm
 .text.adc_init_wrapper
                0x10000398        0x8 CMakeFiles/pwmAdcC.dir/src/adc.c.obj
                0x10000398                adc_init_wrapper
 .text.adc_gpio_init_wrapper
                0x100003a0       0x1e CMakeFiles/pwmAdcC.dir/src/adc.c.obj
                0x100003a0                adc_gpio_init_wrapper
 *fill*         0x100003be        0x2 
 .text.adc_select_input_wrapper
                0x100003c0       0x1c CMakeFiles/pwmAdcC.dir/src/adc.c.obj
                0x100003c0                adc_select_input_wrapper
 .text.adc_read_wrapper
                0x100003dc       0x20 CMakeFiles/pwmAdcC.dir/src/adc.c.obj
                0x100003dc                adc_read_wrapper
 .text.project_pwm_init
                0x100003fc       0x3c CMakeFiles/pwmAdcC.dir/src/pwm.c.obj
                0x100003fc                project_pwm_init
 .text.project_pwm_set_chan_level
                0x10000438       0x14 CMakeFiles/pwmAdcC.dir/src/pwm.c.obj
                0x10000438                project_pwm_set_chan_level
 .text          0x1000044c       0x9c CMakeFiles/pwmAdcC.dir/src/pwm.s.obj
                0x1000046c                setFunction_pwm_asm
                0x10000476                Cal_slices_asm
                0x1000047e                Config_div_asm
                0x10000494                Config_CC_asm
                0x100004ac                Config_TOP_asm
                0x100004c0                Enable_PWM_asm
 .text.gpio_set_function
                0x100004e8       0x30 CMakeFiles/pwmAdcC.dir/C_/Program_Files/Raspberry_Pi/Pico_SDK_v1.5.1/pico-sdk/src/rp2_common/hardware_gpio/gpio.c.obj
                0x100004e8                gpio_set_function
 .text.gpio_set_pulls
                0x10000518       0x34 CMakeFiles/pwmAdcC.dir/C_/Program_Files/Raspberry_Pi/Pico_SDK_v1.5.1/pico-sdk/src/rp2_common/hardware_gpio/gpio.c.obj
                0x10000518                gpio_set_pulls
 .text.gpio_set_input_enabled
                0x1000054c       0x30 CMakeFiles/pwmAdcC.dir/C_/Program_Files/Raspberry_Pi/Pico_SDK_v1.5.1/pico-sdk/src/rp2_common/hardware_gpio/gpio.c.obj
                0x1000054c                gpio_set_input_enabled
 .text.running_on_fpga
                0x1000057c       0x14 CMakeFiles/pwmAdcC.dir/C_/Program_Files/Raspberry_Pi/Pico_SDK_v1.5.1/pico-sdk/src/rp2_common/pico_platform/platform.c.obj
                0x1000057c                running_on_fpga
 .text.hw_claim_lock
                0x10000590       0x18 CMakeFiles/pwmAdcC.dir/C_/Program_Files/Raspberry_Pi/Pico_SDK_v1.5.1/pico-sdk/src/rp2_common/hardware_claim/claim.c.obj
                0x10000590                hw_claim_lock
 .text.hw_claim_unlock
                0x100005a8       0x14 CMakeFiles/pwmAdcC.dir/C_/Program_Files/Raspberry_Pi/Pico_SDK_v1.5.1/pico-sdk/src/rp2_common/hardware_claim/claim.c.obj
                0x100005a8                hw_claim_unlock
 .text.hw_claim_or_assert
                0x100005bc       0x32 CMakeFiles/pwmAdcC.dir/C_/Program_Files/Raspberry_Pi/Pico_SDK_v1.5.1/pico-sdk/src/rp2_common/hardware_claim/claim.c.obj
                0x100005bc                hw_claim_or_assert
 .text.hw_claim_unused_from_range
                0x100005ee       0x50 CMakeFiles/pwmAdcC.dir/C_/Program_Files/Raspberry_Pi/Pico_SDK_v1.5.1/pico-sdk/src/rp2_common/hardware_claim/claim.c.obj
                0x100005ee                hw_claim_unused_from_range
 *fill*         0x1000063e        0x2 
 .text.spin_locks_reset
                0x10000640       0x20 CMakeFiles/pwmAdcC.dir/C_/Program_Files/Raspberry_Pi/Pico_SDK_v1.5.1/pico-sdk/src/rp2_common/hardware_sync/sync.c.obj
                0x10000640                spin_locks_reset
 .text.next_striped_spin_lock_num
                0x10000660       0x1c CMakeFiles/pwmAdcC.dir/C_/Program_Files/Raspberry_Pi/Pico_SDK_v1.5.1/pico-sdk/src/rp2_common/hardware_sync/sync.c.obj
                0x10000660                next_striped_spin_lock_num
 .text.spin_lock_claim_unused
                0x1000067c       0x20 CMakeFiles/pwmAdcC.dir/C_/Program_Files/Raspberry_Pi/Pico_SDK_v1.5.1/pico-sdk/src/rp2_common/hardware_sync/sync.c.obj
                0x1000067c                spin_lock_claim_unused
 .text.set_raw_irq_handler_and_unlock
                0x1000069c       0x28 CMakeFiles/pwmAdcC.dir/C_/Program_Files/Raspberry_Pi/Pico_SDK_v1.5.1/pico-sdk/src/rp2_common/hardware_irq/irq.c.obj
 .text.make_branch
                0x100006c4       0x48 CMakeFiles/pwmAdcC.dir/C_/Program_Files/Raspberry_Pi/Pico_SDK_v1.5.1/pico-sdk/src/rp2_common/hardware_irq/irq.c.obj
 .text.insert_branch_and_link
                0x1000070c       0x40 CMakeFiles/pwmAdcC.dir/C_/Program_Files/Raspberry_Pi/Pico_SDK_v1.5.1/pico-sdk/src/rp2_common/hardware_irq/irq.c.obj
 .text.irq_is_enabled
                0x1000074c       0x18 CMakeFiles/pwmAdcC.dir/C_/Program_Files/Raspberry_Pi/Pico_SDK_v1.5.1/pico-sdk/src/rp2_common/hardware_irq/irq.c.obj
                0x1000074c                irq_is_enabled
 .text.irq_set_mask_enabled
                0x10000764       0x20 CMakeFiles/pwmAdcC.dir/C_/Program_Files/Raspberry_Pi/Pico_SDK_v1.5.1/pico-sdk/src/rp2_common/hardware_irq/irq.c.obj
                0x10000764                irq_set_mask_enabled
 .text.irq_set_enabled
                0x10000784        0xe CMakeFiles/pwmAdcC.dir/C_/Program_Files/Raspberry_Pi/Pico_SDK_v1.5.1/pico-sdk/src/rp2_common/hardware_irq/irq.c.obj
                0x10000784                irq_set_enabled
 *fill*         0x10000792        0x2 
 .text.irq_set_pending
                0x10000794       0x10 CMakeFiles/pwmAdcC.dir/C_/Program_Files/Raspberry_Pi/Pico_SDK_v1.5.1/pico-sdk/src/rp2_common/hardware_irq/irq.c.obj
                0x10000794                irq_set_pending
 .text.irq_get_vtable_handler
                0x100007a4       0x10 CMakeFiles/pwmAdcC.dir/C_/Program_Files/Raspberry_Pi/Pico_SDK_v1.5.1/pico-sdk/src/rp2_common/hardware_irq/irq.c.obj
                0x100007a4                irq_get_vtable_handler
 .text.irq_has_shared_handler
                0x100007b4       0x24 CMakeFiles/pwmAdcC.dir/C_/Program_Files/Raspberry_Pi/Pico_SDK_v1.5.1/pico-sdk/src/rp2_common/hardware_irq/irq.c.obj
                0x100007b4                irq_has_shared_handler
 .text.irq_set_exclusive_handler
                0x100007d8       0x54 CMakeFiles/pwmAdcC.dir/C_/Program_Files/Raspberry_Pi/Pico_SDK_v1.5.1/pico-sdk/src/rp2_common/hardware_irq/irq.c.obj
                0x100007d8                irq_set_exclusive_handler
 .text.irq_add_shared_handler
                0x1000082c      0x234 CMakeFiles/pwmAdcC.dir/C_/Program_Files/Raspberry_Pi/Pico_SDK_v1.5.1/pico-sdk/src/rp2_common/hardware_irq/irq.c.obj
                0x1000082c                irq_add_shared_handler
 .text.irq_remove_handler
                0x10000a60      0x1ac CMakeFiles/pwmAdcC.dir/C_/Program_Files/Raspberry_Pi/Pico_SDK_v1.5.1/pico-sdk/src/rp2_common/hardware_irq/irq.c.obj
                0x10000a60                irq_remove_handler
 .text.irq_add_tail_to_free_list
                0x10000c0c       0xf0 CMakeFiles/pwmAdcC.dir/C_/Program_Files/Raspberry_Pi/Pico_SDK_v1.5.1/pico-sdk/src/rp2_common/hardware_irq/irq.c.obj
                0x10000c0c                irq_add_tail_to_free_list
 .text.irq_init_priorities
                0x10000cfc       0x1c CMakeFiles/pwmAdcC.dir/C_/Program_Files/Raspberry_Pi/Pico_SDK_v1.5.1/pico-sdk/src/rp2_common/hardware_irq/irq.c.obj
                0x10000cfc                irq_init_priorities
 .text.user_irq_claim_unused
                0x10000d18       0x28 CMakeFiles/pwmAdcC.dir/C_/Program_Files/Raspberry_Pi/Pico_SDK_v1.5.1/pico-sdk/src/rp2_common/hardware_irq/irq.c.obj
                0x10000d18                user_irq_claim_unused
 .text.lock_init
                0x10000d40       0x10 CMakeFiles/pwmAdcC.dir/C_/Program_Files/Raspberry_Pi/Pico_SDK_v1.5.1/pico-sdk/src/common/pico_sync/lock_core.c.obj
                0x10000d40                lock_init
 .text.mutex_init
                0x10000d50       0x1a CMakeFiles/pwmAdcC.dir/C_/Program_Files/Raspberry_Pi/Pico_SDK_v1.5.1/pico-sdk/src/common/pico_sync/mutex.c.obj
                0x10000d50                mutex_init
 .text.recursive_mutex_init
                0x10000d6a       0x1e CMakeFiles/pwmAdcC.dir/C_/Program_Files/Raspberry_Pi/Pico_SDK_v1.5.1/pico-sdk/src/common/pico_sync/mutex.c.obj
                0x10000d6a                recursive_mutex_init
 .text.critical_section_init_with_lock_num
                0x10000d88       0x14 CMakeFiles/pwmAdcC.dir/C_/Program_Files/Raspberry_Pi/Pico_SDK_v1.5.1/pico-sdk/src/common/pico_sync/critical_section.c.obj
                0x10000d88                critical_section_init_with_lock_num
 .text.critical_section_init
                0x10000d9c       0x14 CMakeFiles/pwmAdcC.dir/C_/Program_Files/Raspberry_Pi/Pico_SDK_v1.5.1/pico-sdk/src/common/pico_sync/critical_section.c.obj
                0x10000d9c                critical_section_init
 .text.alarm_pool_post_alloc_init
                0x10000db0       0x40 CMakeFiles/pwmAdcC.dir/C_/Program_Files/Raspberry_Pi/Pico_SDK_v1.5.1/pico-sdk/src/common/pico_time/time.c.obj
 .text.sleep_until_callback
                0x10000df0       0x30 CMakeFiles/pwmAdcC.dir/C_/Program_Files/Raspberry_Pi/Pico_SDK_v1.5.1/pico-sdk/src/common/pico_time/time.c.obj
 .text.timer_pool_entry_comparator
                0x10000e20       0x7c CMakeFiles/pwmAdcC.dir/C_/Program_Files/Raspberry_Pi/Pico_SDK_v1.5.1/pico-sdk/src/common/pico_time/time.c.obj
                0x10000e20                timer_pool_entry_comparator
 .text.ph_add_child_node
                0x10000e9c       0xa4 CMakeFiles/pwmAdcC.dir/C_/Program_Files/Raspberry_Pi/Pico_SDK_v1.5.1/pico-sdk/src/common/pico_time/time.c.obj
 .text.ph_merge_nodes
                0x10000f40       0x3e CMakeFiles/pwmAdcC.dir/C_/Program_Files/Raspberry_Pi/Pico_SDK_v1.5.1/pico-sdk/src/common/pico_time/time.c.obj
 *fill*         0x10000f7e        0x2 
 .text.add_alarm_under_lock
                0x10000f80      0x174 CMakeFiles/pwmAdcC.dir/C_/Program_Files/Raspberry_Pi/Pico_SDK_v1.5.1/pico-sdk/src/common/pico_time/time.c.obj
 .text.alarm_pool_alarm_callback
                0x100010f4      0x33c CMakeFiles/pwmAdcC.dir/C_/Program_Files/Raspberry_Pi/Pico_SDK_v1.5.1/pico-sdk/src/common/pico_time/time.c.obj
 .text.alarm_pool_init_default
                0x10001430       0x40 CMakeFiles/pwmAdcC.dir/C_/Program_Files/Raspberry_Pi/Pico_SDK_v1.5.1/pico-sdk/src/common/pico_time/time.c.obj
                0x10001430                alarm_pool_init_default
 .text.alarm_pool_get_default
                0x10001470       0x2c CMakeFiles/pwmAdcC.dir/C_/Program_Files/Raspberry_Pi/Pico_SDK_v1.5.1/pico-sdk/src/common/pico_time/time.c.obj
                0x10001470                alarm_pool_get_default
 .text.alarm_pool_add_alarm_at
                0x1000149c      0x168 CMakeFiles/pwmAdcC.dir/C_/Program_Files/Raspberry_Pi/Pico_SDK_v1.5.1/pico-sdk/src/common/pico_time/time.c.obj
                0x1000149c                alarm_pool_add_alarm_at
 .text.alarm_pool_cancel_alarm
                0x10001604       0xf8 CMakeFiles/pwmAdcC.dir/C_/Program_Files/Raspberry_Pi/Pico_SDK_v1.5.1/pico-sdk/src/common/pico_time/time.c.obj
                0x10001604                alarm_pool_cancel_alarm
 .text.alarm_pool_core_num
                0x100016fc        0x4 CMakeFiles/pwmAdcC.dir/C_/Program_Files/Raspberry_Pi/Pico_SDK_v1.5.1/pico-sdk/src/common/pico_time/time.c.obj
                0x100016fc                alarm_pool_core_num
 .text.sleep_until
                0x10001700       0xfc CMakeFiles/pwmAdcC.dir/C_/Program_Files/Raspberry_Pi/Pico_SDK_v1.5.1/pico-sdk/src/common/pico_time/time.c.obj
                0x10001700                sleep_until
 .text.sleep_us
                0x100017fc       0x58 CMakeFiles/pwmAdcC.dir/C_/Program_Files/Raspberry_Pi/Pico_SDK_v1.5.1/pico-sdk/src/common/pico_time/time.c.obj
                0x100017fc                sleep_us
 .text.sleep_ms
                0x10001854       0x14 CMakeFiles/pwmAdcC.dir/C_/Program_Files/Raspberry_Pi/Pico_SDK_v1.5.1/pico-sdk/src/common/pico_time/time.c.obj
                0x10001854                sleep_ms
 .text.best_effort_wfe_or_timeout
                0x10001868       0xac CMakeFiles/pwmAdcC.dir/C_/Program_Files/Raspberry_Pi/Pico_SDK_v1.5.1/pico-sdk/src/common/pico_time/time.c.obj
                0x10001868                best_effort_wfe_or_timeout
 .text.hardware_alarm_irq_handler
                0x10001914       0x90 CMakeFiles/pwmAdcC.dir/C_/Program_Files/Raspberry_Pi/Pico_SDK_v1.5.1/pico-sdk/src/rp2_common/hardware_timer/timer.c.obj
 .text.hardware_alarm_claim
                0x100019a4       0x18 CMakeFiles/pwmAdcC.dir/C_/Program_Files/Raspberry_Pi/Pico_SDK_v1.5.1/pico-sdk/src/rp2_common/hardware_timer/timer.c.obj
                0x100019a4                hardware_alarm_claim
 .text.time_us_64
                0x100019bc       0x18 CMakeFiles/pwmAdcC.dir/C_/Program_Files/Raspberry_Pi/Pico_SDK_v1.5.1/pico-sdk/src/rp2_common/hardware_timer/timer.c.obj
                0x100019bc                time_us_64
 .text.busy_wait_until
                0x100019d4       0x28 CMakeFiles/pwmAdcC.dir/C_/Program_Files/Raspberry_Pi/Pico_SDK_v1.5.1/pico-sdk/src/rp2_common/hardware_timer/timer.c.obj
                0x100019d4                busy_wait_until
 .text.hardware_alarm_set_callback
                0x100019fc       0x90 CMakeFiles/pwmAdcC.dir/C_/Program_Files/Raspberry_Pi/Pico_SDK_v1.5.1/pico-sdk/src/rp2_common/hardware_timer/timer.c.obj
                0x100019fc                hardware_alarm_set_callback
 .text.hardware_alarm_set_target
                0x10001a8c       0xe8 CMakeFiles/pwmAdcC.dir/C_/Program_Files/Raspberry_Pi/Pico_SDK_v1.5.1/pico-sdk/src/rp2_common/hardware_timer/timer.c.obj
                0x10001a8c                hardware_alarm_set_target
 .text.hardware_alarm_cancel
                0x10001b74       0x40 CMakeFiles/pwmAdcC.dir/C_/Program_Files/Raspberry_Pi/Pico_SDK_v1.5.1/pico-sdk/src/rp2_common/hardware_timer/timer.c.obj
                0x10001b74                hardware_alarm_cancel
 .text.ph_add_child_node
                0x10001bb4       0xa4 CMakeFiles/pwmAdcC.dir/C_/Program_Files/Raspberry_Pi/Pico_SDK_v1.5.1/pico-sdk/src/common/pico_util/pheap.c.obj
 .text.ph_merge_nodes
                0x10001c58       0x3e CMakeFiles/pwmAdcC.dir/C_/Program_Files/Raspberry_Pi/Pico_SDK_v1.5.1/pico-sdk/src/common/pico_util/pheap.c.obj
 *fill*         0x10001c96        0x2 
 .text.ph_clear
                0x10001c98       0x70 CMakeFiles/pwmAdcC.dir/C_/Program_Files/Raspberry_Pi/Pico_SDK_v1.5.1/pico-sdk/src/common/pico_util/pheap.c.obj
                0x10001c98                ph_clear
 .text.ph_post_alloc_init
                0x10001d08        0xe CMakeFiles/pwmAdcC.dir/C_/Program_Files/Raspberry_Pi/Pico_SDK_v1.5.1/pico-sdk/src/common/pico_util/pheap.c.obj
                0x10001d08                ph_post_alloc_init
 *fill*         0x10001d16        0x2 
 .text.ph_merge_two_pass
                0x10001d18       0xa8 CMakeFiles/pwmAdcC.dir/C_/Program_Files/Raspberry_Pi/Pico_SDK_v1.5.1/pico-sdk/src/common/pico_util/pheap.c.obj
                0x10001d18                ph_merge_two_pass
 .text.ph_remove_any_head
                0x10001dc0      0x128 CMakeFiles/pwmAdcC.dir/C_/Program_Files/Raspberry_Pi/Pico_SDK_v1.5.1/pico-sdk/src/common/pico_util/pheap.c.obj
 .text.ph_remove_head
                0x10001ee8       0x14 CMakeFiles/pwmAdcC.dir/C_/Program_Files/Raspberry_Pi/Pico_SDK_v1.5.1/pico-sdk/src/common/pico_util/pheap.c.obj
                0x10001ee8                ph_remove_head
 .text.ph_remove_and_free_node
                0x10001efc       0xf8 CMakeFiles/pwmAdcC.dir/C_/Program_Files/Raspberry_Pi/Pico_SDK_v1.5.1/pico-sdk/src/common/pico_util/pheap.c.obj
                0x10001efc                ph_remove_and_free_node
 .text.clock_configure
                0x10001ff4      0x108 CMakeFiles/pwmAdcC.dir/C_/Program_Files/Raspberry_Pi/Pico_SDK_v1.5.1/pico-sdk/src/rp2_common/hardware_clocks/clocks.c.obj
                0x10001ff4                clock_configure
 .text.clocks_init
                0x100020fc      0x100 CMakeFiles/pwmAdcC.dir/C_/Program_Files/Raspberry_Pi/Pico_SDK_v1.5.1/pico-sdk/src/rp2_common/hardware_clocks/clocks.c.obj
                0x100020fc                clocks_init
 .text.pll_init
                0x100021fc      0x120 CMakeFiles/pwmAdcC.dir/C_/Program_Files/Raspberry_Pi/Pico_SDK_v1.5.1/pico-sdk/src/rp2_common/hardware_pll/pll.c.obj
                0x100021fc                pll_init
 .text.watchdog_start_tick
                0x1000231c       0x10 CMakeFiles/pwmAdcC.dir/C_/Program_Files/Raspberry_Pi/Pico_SDK_v1.5.1/pico-sdk/src/rp2_common/hardware_watchdog/watchdog.c.obj
                0x1000231c                watchdog_start_tick
 .text.watchdog_update
                0x1000232c       0x14 CMakeFiles/pwmAdcC.dir/C_/Program_Files/Raspberry_Pi/Pico_SDK_v1.5.1/pico-sdk/src/rp2_common/hardware_watchdog/watchdog.c.obj
                0x1000232c                watchdog_update
 .text._watchdog_enable
                0x10002340       0x78 CMakeFiles/pwmAdcC.dir/C_/Program_Files/Raspberry_Pi/Pico_SDK_v1.5.1/pico-sdk/src/rp2_common/hardware_watchdog/watchdog.c.obj
                0x10002340                _watchdog_enable
 .text.watchdog_reboot
                0x100023b8       0x48 CMakeFiles/pwmAdcC.dir/C_/Program_Files/Raspberry_Pi/Pico_SDK_v1.5.1/pico-sdk/src/rp2_common/hardware_watchdog/watchdog.c.obj
                0x100023b8                watchdog_reboot
 .text.xosc_init
                0x10002400       0x28 CMakeFiles/pwmAdcC.dir/C_/Program_Files/Raspberry_Pi/Pico_SDK_v1.5.1/pico-sdk/src/rp2_common/hardware_xosc/xosc.c.obj
                0x10002400                xosc_init
 .text._exit    0x10002428        0x4 CMakeFiles/pwmAdcC.dir/C_/Program_Files/Raspberry_Pi/Pico_SDK_v1.5.1/pico-sdk/src/rp2_common/pico_runtime/runtime.c.obj
                0x10002428                _exit
 .text.exit     0x1000242c        0x6 CMakeFiles/pwmAdcC.dir/C_/Program_Files/Raspberry_Pi/Pico_SDK_v1.5.1/pico-sdk/src/rp2_common/pico_runtime/runtime.c.obj
                0x1000242c                exit
 *fill*         0x10002432        0x2 
 .text.__assert_func
                0x10002434       0x3c CMakeFiles/pwmAdcC.dir/C_/Program_Files/Raspberry_Pi/Pico_SDK_v1.5.1/pico-sdk/src/rp2_common/pico_runtime/runtime.c.obj
                0x10002434                __assert_func
 .text.runtime_init
                0x10002470       0xf8 CMakeFiles/pwmAdcC.dir/C_/Program_Files/Raspberry_Pi/Pico_SDK_v1.5.1/pico-sdk/src/rp2_common/pico_runtime/runtime.c.obj
                0x10002470                runtime_init
 .text.panic    0x10002568       0x30 CMakeFiles/pwmAdcC.dir/C_/Program_Files/Raspberry_Pi/Pico_SDK_v1.5.1/pico-sdk/src/rp2_common/pico_runtime/runtime.c.obj
                0x10002568                panic
 .text._out_null
                0x10002598        0x2 CMakeFiles/pwmAdcC.dir/C_/Program_Files/Raspberry_Pi/Pico_SDK_v1.5.1/pico-sdk/src/rp2_common/pico_printf/printf.c.obj
 .text._out_fct
                0x1000259a        0xe CMakeFiles/pwmAdcC.dir/C_/Program_Files/Raspberry_Pi/Pico_SDK_v1.5.1/pico-sdk/src/rp2_common/pico_printf/printf.c.obj
 .text._atoi    0x100025a8       0x24 CMakeFiles/pwmAdcC.dir/C_/Program_Files/Raspberry_Pi/Pico_SDK_v1.5.1/pico-sdk/src/rp2_common/pico_printf/printf.c.obj
 .text._out_rev
                0x100025cc       0xae CMakeFiles/pwmAdcC.dir/C_/Program_Files/Raspberry_Pi/Pico_SDK_v1.5.1/pico-sdk/src/rp2_common/pico_printf/printf.c.obj
 .text._ntoa_format
                0x1000267a      0x112 CMakeFiles/pwmAdcC.dir/C_/Program_Files/Raspberry_Pi/Pico_SDK_v1.5.1/pico-sdk/src/rp2_common/pico_printf/printf.c.obj
 .text._ntoa_long
                0x1000278c       0xbc CMakeFiles/pwmAdcC.dir/C_/Program_Files/Raspberry_Pi/Pico_SDK_v1.5.1/pico-sdk/src/rp2_common/pico_printf/printf.c.obj
 .text._ntoa_long_long
                0x10002848       0xe2 CMakeFiles/pwmAdcC.dir/C_/Program_Files/Raspberry_Pi/Pico_SDK_v1.5.1/pico-sdk/src/rp2_common/pico_printf/printf.c.obj
 *fill*         0x1000292a        0x2 
 .text._etoa    0x1000292c      0x414 CMakeFiles/pwmAdcC.dir/C_/Program_Files/Raspberry_Pi/Pico_SDK_v1.5.1/pico-sdk/src/rp2_common/pico_printf/printf.c.obj
 .text._ftoa    0x10002d40      0x354 CMakeFiles/pwmAdcC.dir/C_/Program_Files/Raspberry_Pi/Pico_SDK_v1.5.1/pico-sdk/src/rp2_common/pico_printf/printf.c.obj
 .text._vsnprintf
                0x10003094      0x624 CMakeFiles/pwmAdcC.dir/C_/Program_Files/Raspberry_Pi/Pico_SDK_v1.5.1/pico-sdk/src/rp2_common/pico_printf/printf.c.obj
 .text.vfctprintf
                0x100036b8       0x20 CMakeFiles/pwmAdcC.dir/C_/Program_Files/Raspberry_Pi/Pico_SDK_v1.5.1/pico-sdk/src/rp2_common/pico_printf/printf.c.obj
                0x100036b8                vfctprintf
 .text          0x100036d8       0x10 CMakeFiles/pwmAdcC.dir/C_/Program_Files/Raspberry_Pi/Pico_SDK_v1.5.1/pico-sdk/src/rp2_common/pico_bit_ops/bit_ops_aeabi.S.obj
 .text.rom_func_lookup
                0x100036e8       0x10 CMakeFiles/pwmAdcC.dir/C_/Program_Files/Raspberry_Pi/Pico_SDK_v1.5.1/pico-sdk/src/rp2_common/pico_bootrom/bootrom.c.obj
                0x100036e8                rom_func_lookup
 .text.rom_data_lookup
                0x100036f8       0x10 CMakeFiles/pwmAdcC.dir/C_/Program_Files/Raspberry_Pi/Pico_SDK_v1.5.1/pico-sdk/src/rp2_common/pico_bootrom/bootrom.c.obj
                0x100036f8                rom_data_lookup
 .text.rom_funcs_lookup
                0x10003708       0x36 CMakeFiles/pwmAdcC.dir/C_/Program_Files/Raspberry_Pi/Pico_SDK_v1.5.1/pico-sdk/src/rp2_common/pico_bootrom/bootrom.c.obj
                0x10003708                rom_funcs_lookup
 *fill*         0x1000373e        0x2 
 .text.__wrap___aeabi_idiv
                0x10003740       0x50 CMakeFiles/pwmAdcC.dir/C_/Program_Files/Raspberry_Pi/Pico_SDK_v1.5.1/pico-sdk/src/rp2_common/pico_divider/divider.S.obj
                0x10003740                __wrap___aeabi_idivmod
                0x10003740                divmod_s32s32
                0x10003740                div_s32s32
                0x10003740                __wrap___aeabi_idiv
                0x10003748                divmod_s32s32_unsafe
                0x10003774                divmod_s32s32_savestate
 .text.__wrap___aeabi_uidiv
                0x10003790       0x4c CMakeFiles/pwmAdcC.dir/C_/Program_Files/Raspberry_Pi/Pico_SDK_v1.5.1/pico-sdk/src/rp2_common/pico_divider/divider.S.obj
                0x10003790                __wrap___aeabi_uidiv
                0x10003790                __wrap___aeabi_uidivmod
                0x10003790                div_u32u32
                0x10003790                divmod_u32u32
                0x10003798                divmod_u32u32_unsafe
                0x100037c0                divmod_u32u32_savestate
 .text.__wrap___aeabi_ldiv
                0x100037dc      0x424 CMakeFiles/pwmAdcC.dir/C_/Program_Files/Raspberry_Pi/Pico_SDK_v1.5.1/pico-sdk/src/rp2_common/pico_divider/divider.S.obj
                0x100037dc                div_s64s64
                0x100037dc                divmod_s64s64
                0x100037dc                __wrap___aeabi_ldivmod
                0x1000380c                divmod_u64u64
                0x1000380c                div_u64u64
                0x1000380c                __wrap___aeabi_uldivmod
                0x1000381c                divmod_u64u64_savestate
                0x1000383c                divmod_s64s64_unsafe
                0x100038c4                divmod_u64u64_unsafe
 .text.__wrap___aeabi_darithmetic
                0x10003c00       0x80 CMakeFiles/pwmAdcC.dir/C_/Program_Files/Raspberry_Pi/Pico_SDK_v1.5.1/pico-sdk/src/rp2_common/pico_double/double_aeabi.S.obj
                0x10003c00                __wrap___aeabi_drsub
                0x10003c06                __wrap___aeabi_dsub
                0x10003c18                __wrap___aeabi_dadd
                0x10003c2a                __wrap___aeabi_ddiv
                0x10003c66                __wrap___aeabi_dmul
 .text.__wrap___aeabi_cdcmple
                0x10003c80       0x6c CMakeFiles/pwmAdcC.dir/C_/Program_Files/Raspberry_Pi/Pico_SDK_v1.5.1/pico-sdk/src/rp2_common/pico_double/double_aeabi.S.obj
                0x10003c80                __wrap___aeabi_cdrcmple
                0x10003c90                __wrap___aeabi_cdcmpeq
                0x10003c90                __wrap___aeabi_cdcmple
 .text.__wrap___aeabi_dcmplt
                0x10003cec        0xc CMakeFiles/pwmAdcC.dir/C_/Program_Files/Raspberry_Pi/Pico_SDK_v1.5.1/pico-sdk/src/rp2_common/pico_double/double_aeabi.S.obj
                0x10003cec                __wrap___aeabi_dcmplt
 .text.__wrap___aeabi_dcmple
                0x10003cf8       0x10 CMakeFiles/pwmAdcC.dir/C_/Program_Files/Raspberry_Pi/Pico_SDK_v1.5.1/pico-sdk/src/rp2_common/pico_double/double_aeabi.S.obj
                0x10003cf8                __wrap___aeabi_dcmple
 .text.__wrap___aeabi_dcmpge
                0x10003d08       0x10 CMakeFiles/pwmAdcC.dir/C_/Program_Files/Raspberry_Pi/Pico_SDK_v1.5.1/pico-sdk/src/rp2_common/pico_double/double_aeabi.S.obj
                0x10003d08                __wrap___aeabi_dcmpge
 .text.__wrap___aeabi_dcmpgt
                0x10003d18        0xa CMakeFiles/pwmAdcC.dir/C_/Program_Files/Raspberry_Pi/Pico_SDK_v1.5.1/pico-sdk/src/rp2_common/pico_double/double_aeabi.S.obj
                0x10003d18                __wrap___aeabi_dcmpgt
 .text.__wrap___aeabi_dcmpun
                0x10003d22       0x1c CMakeFiles/pwmAdcC.dir/C_/Program_Files/Raspberry_Pi/Pico_SDK_v1.5.1/pico-sdk/src/rp2_common/pico_double/double_aeabi.S.obj
                0x10003d22                __wrap___aeabi_dcmpun
 *fill*         0x10003d3e        0x2 
 .text.__wrap___aeabi_i2d
                0x10003d40       0x38 CMakeFiles/pwmAdcC.dir/C_/Program_Files/Raspberry_Pi/Pico_SDK_v1.5.1/pico-sdk/src/rp2_common/pico_double/double_aeabi.S.obj
                0x10003d40                __wrap___aeabi_ui2d
                0x10003d48                __wrap___aeabi_i2d
 .text.__wrap___aeabi_d2iz
                0x10003d78       0x48 CMakeFiles/pwmAdcC.dir/C_/Program_Files/Raspberry_Pi/Pico_SDK_v1.5.1/pico-sdk/src/rp2_common/pico_double/double_aeabi.S.obj
                0x10003d78                double2int_z
                0x10003d78                __wrap___aeabi_d2iz
 .text.__wrap___aeabi_d2uiz
                0x10003dc0       0x18 CMakeFiles/pwmAdcC.dir/C_/Program_Files/Raspberry_Pi/Pico_SDK_v1.5.1/pico-sdk/src/rp2_common/pico_double/double_aeabi.S.obj
                0x10003dc0                __wrap___aeabi_d2uiz
                0x10003dc0                double2uint
 .text.__aeabi_double_init
                0x10003dd8       0xc8 CMakeFiles/pwmAdcC.dir/C_/Program_Files/Raspberry_Pi/Pico_SDK_v1.5.1/pico-sdk/src/rp2_common/pico_double/double_init_rom.c.obj
                0x10003dd8                __aeabi_double_init
 .text.double_table_shim_on_use_helper
                0x10003ea0       0x34 CMakeFiles/pwmAdcC.dir/C_/Program_Files/Raspberry_Pi/Pico_SDK_v1.5.1/pico-sdk/src/rp2_common/pico_double/double_v1_rom_shim.S.obj
                0x10003ea0                double_table_shim_on_use_helper
 .text.__wrap___aeabi_dsub
                0x10003ed4       0x10 CMakeFiles/pwmAdcC.dir/C_/Program_Files/Raspberry_Pi/Pico_SDK_v1.5.1/pico-sdk/src/rp2_common/pico_double/double_v1_rom_shim.S.obj
                0x10003ed4                drsub_shim
                0x10003eda                dsub_shim
 .text.dadd_shim
                0x10003ee4      0x15c CMakeFiles/pwmAdcC.dir/C_/Program_Files/Raspberry_Pi/Pico_SDK_v1.5.1/pico-sdk/src/rp2_common/pico_double/double_v1_rom_shim.S.obj
                0x10003ee4                dadd_shim
 .text.dmul_shim
                0x10004040      0x15c CMakeFiles/pwmAdcC.dir/C_/Program_Files/Raspberry_Pi/Pico_SDK_v1.5.1/pico-sdk/src/rp2_common/pico_double/double_v1_rom_shim.S.obj
                0x10004040                dmul_shim
 .text.ddiv_shim
                0x1000419c      0x1b0 CMakeFiles/pwmAdcC.dir/C_/Program_Files/Raspberry_Pi/Pico_SDK_v1.5.1/pico-sdk/src/rp2_common/pico_double/double_v1_rom_shim.S.obj
                0x1000419c                ddiv_shim
 .text.double2uint_shim
                0x1000434c        0xe CMakeFiles/pwmAdcC.dir/C_/Program_Files/Raspberry_Pi/Pico_SDK_v1.5.1/pico-sdk/src/rp2_common/pico_double/double_v1_rom_shim.S.obj
                0x1000434c                double2uint_shim
                0x1000434e                double2ufix_shim
 *fill*         0x1000435a        0x2 
 .text.double2uint64_shim
                0x1000435c       0x70 CMakeFiles/pwmAdcC.dir/C_/Program_Files/Raspberry_Pi/Pico_SDK_v1.5.1/pico-sdk/src/rp2_common/pico_double/double_v1_rom_shim.S.obj
                0x1000435c                double2uint64_shim
                0x1000435e                double2ufix64_shim
                0x1000437e                d2fix_a
 .text.dunpacks
                0x100043cc       0x3c CMakeFiles/pwmAdcC.dir/C_/Program_Files/Raspberry_Pi/Pico_SDK_v1.5.1/pico-sdk/src/rp2_common/pico_double/double_v1_rom_shim.S.obj
                0x100043cc                dunpacks
 .text.__aeabi_lmul
                0x10004408       0x32 CMakeFiles/pwmAdcC.dir/C_/Program_Files/Raspberry_Pi/Pico_SDK_v1.5.1/pico-sdk/src/rp2_common/pico_int64_ops/pico_int64_ops_aeabi.S.obj
                0x10004408                __wrap___aeabi_lmul
 *fill*         0x1000443a        0x2 
 .text.__aeabi_float_init
                0x1000443c       0xfc CMakeFiles/pwmAdcC.dir/C_/Program_Files/Raspberry_Pi/Pico_SDK_v1.5.1/pico-sdk/src/rp2_common/pico_float/float_init_rom.c.obj
                0x1000443c                __aeabi_float_init
 .text.float_table_shim_on_use_helper
                0x10004538       0x34 CMakeFiles/pwmAdcC.dir/C_/Program_Files/Raspberry_Pi/Pico_SDK_v1.5.1/pico-sdk/src/rp2_common/pico_float/float_v1_rom_shim.S.obj
                0x10004538                float_table_shim_on_use_helper
 .text          0x1000456c       0x10 CMakeFiles/pwmAdcC.dir/C_/Program_Files/Raspberry_Pi/Pico_SDK_v1.5.1/pico-sdk/src/rp2_common/pico_mem_ops/mem_ops_aeabi.S.obj
                0x1000456c                __aeabi_mem_init
 .text.memset   0x1000457c        0xc CMakeFiles/pwmAdcC.dir/C_/Program_Files/Raspberry_Pi/Pico_SDK_v1.5.1/pico-sdk/src/rp2_common/pico_mem_ops/mem_ops_aeabi.S.obj
                0x1000457c                __wrap_memset
 .text.memcpy   0x10004588        0xc CMakeFiles/pwmAdcC.dir/C_/Program_Files/Raspberry_Pi/Pico_SDK_v1.5.1/pico-sdk/src/rp2_common/pico_mem_ops/mem_ops_aeabi.S.obj
                0x10004588                __wrap_memcpy
                0x10004588                __wrap___aeabi_memcpy
 .text.stdio_out_chars_no_crlf
                0x10004594        0xe CMakeFiles/pwmAdcC.dir/C_/Program_Files/Raspberry_Pi/Pico_SDK_v1.5.1/pico-sdk/src/rp2_common/pico_stdio/stdio.c.obj
 *fill*         0x100045a2        0x2 
 .text.stdio_out_chars_crlf
                0x100045a4       0x80 CMakeFiles/pwmAdcC.dir/C_/Program_Files/Raspberry_Pi/Pico_SDK_v1.5.1/pico-sdk/src/rp2_common/pico_stdio/stdio.c.obj
 .text.stdio_stack_buffer_flush
                0x10004624       0x44 CMakeFiles/pwmAdcC.dir/C_/Program_Files/Raspberry_Pi/Pico_SDK_v1.5.1/pico-sdk/src/rp2_common/pico_stdio/stdio.c.obj
 .text.stdio_buffered_printer
                0x10004668       0x20 CMakeFiles/pwmAdcC.dir/C_/Program_Files/Raspberry_Pi/Pico_SDK_v1.5.1/pico-sdk/src/rp2_common/pico_stdio/stdio.c.obj
 .text.stdout_serialize_begin
                0x10004688       0x5c CMakeFiles/pwmAdcC.dir/C_/Program_Files/Raspberry_Pi/Pico_SDK_v1.5.1/pico-sdk/src/rp2_common/pico_stdio/stdio.c.obj
                0x10004688                stdout_serialize_begin
 .text.stdout_serialize_end
                0x100046e4       0x10 CMakeFiles/pwmAdcC.dir/C_/Program_Files/Raspberry_Pi/Pico_SDK_v1.5.1/pico-sdk/src/rp2_common/pico_stdio/stdio.c.obj
                0x100046e4                stdout_serialize_end
 .text.stdio_put_string
                0x100046f4       0x98 CMakeFiles/pwmAdcC.dir/C_/Program_Files/Raspberry_Pi/Pico_SDK_v1.5.1/pico-sdk/src/rp2_common/pico_stdio/stdio.c.obj
 .text.stdio_set_driver_enabled
                0x1000478c       0x2c CMakeFiles/pwmAdcC.dir/C_/Program_Files/Raspberry_Pi/Pico_SDK_v1.5.1/pico-sdk/src/rp2_common/pico_stdio/stdio.c.obj
                0x1000478c                stdio_set_driver_enabled
 .text.stdio_flush
                0x100047b8       0x20 CMakeFiles/pwmAdcC.dir/C_/Program_Files/Raspberry_Pi/Pico_SDK_v1.5.1/pico-sdk/src/rp2_common/pico_stdio/stdio.c.obj
                0x100047b8                stdio_flush
 .text.__wrap_puts
                0x100047d8       0x1e CMakeFiles/pwmAdcC.dir/C_/Program_Files/Raspberry_Pi/Pico_SDK_v1.5.1/pico-sdk/src/rp2_common/pico_stdio/stdio.c.obj
                0x100047d8                __wrap_puts
 *fill*         0x100047f6        0x2 
 .text.__wrap_vprintf
                0x100047f8       0x40 CMakeFiles/pwmAdcC.dir/C_/Program_Files/Raspberry_Pi/Pico_SDK_v1.5.1/pico-sdk/src/rp2_common/pico_stdio/stdio.c.obj
                0x100047f8                __wrap_vprintf
 .text.__wrap_printf
                0x10004838       0x18 CMakeFiles/pwmAdcC.dir/C_/Program_Files/Raspberry_Pi/Pico_SDK_v1.5.1/pico-sdk/src/rp2_common/pico_stdio/stdio.c.obj
                0x10004838                __wrap_printf
 .text.stdio_init_all
                0x10004850        0x8 CMakeFiles/pwmAdcC.dir/C_/Program_Files/Raspberry_Pi/Pico_SDK_v1.5.1/pico-sdk/src/rp2_common/pico_stdio/stdio.c.obj
                0x10004850                stdio_init_all
 .text.resetd_init
                0x10004858        0x2 CMakeFiles/pwmAdcC.dir/C_/Program_Files/Raspberry_Pi/Pico_SDK_v1.5.1/pico-sdk/src/rp2_common/pico_stdio_usb/reset_interface.c.obj
 *fill*         0x1000485a        0x2 
 .text.resetd_reset
                0x1000485c        0xc CMakeFiles/pwmAdcC.dir/C_/Program_Files/Raspberry_Pi/Pico_SDK_v1.5.1/pico-sdk/src/rp2_common/pico_stdio_usb/reset_interface.c.obj
 .text.resetd_open
                0x10004868       0x34 CMakeFiles/pwmAdcC.dir/C_/Program_Files/Raspberry_Pi/Pico_SDK_v1.5.1/pico-sdk/src/rp2_common/pico_stdio_usb/reset_interface.c.obj
 .text.resetd_xfer_cb
                0x1000489c        0x4 CMakeFiles/pwmAdcC.dir/C_/Program_Files/Raspberry_Pi/Pico_SDK_v1.5.1/pico-sdk/src/rp2_common/pico_stdio_usb/reset_interface.c.obj
 .text.reset_usb_boot
                0x100048a0       0x18 CMakeFiles/pwmAdcC.dir/C_/Program_Files/Raspberry_Pi/Pico_SDK_v1.5.1/pico-sdk/src/rp2_common/pico_stdio_usb/reset_interface.c.obj
 .text.resetd_control_xfer_cb
                0x100048b8       0x5c CMakeFiles/pwmAdcC.dir/C_/Program_Files/Raspberry_Pi/Pico_SDK_v1.5.1/pico-sdk/src/rp2_common/pico_stdio_usb/reset_interface.c.obj
 .text.usbd_app_driver_get_cb
                0x10004914        0xc CMakeFiles/pwmAdcC.dir/C_/Program_Files/Raspberry_Pi/Pico_SDK_v1.5.1/pico-sdk/src/rp2_common/pico_stdio_usb/reset_interface.c.obj
                0x10004914                usbd_app_driver_get_cb
 .text.tud_cdc_line_coding_cb
                0x10004920       0x28 CMakeFiles/pwmAdcC.dir/C_/Program_Files/Raspberry_Pi/Pico_SDK_v1.5.1/pico-sdk/src/rp2_common/pico_stdio_usb/reset_interface.c.obj
                0x10004920                tud_cdc_line_coding_cb
 .text.stdio_usb_set_chars_available_callback
                0x10004948       0x14 CMakeFiles/pwmAdcC.dir/C_/Program_Files/Raspberry_Pi/Pico_SDK_v1.5.1/pico-sdk/src/rp2_common/pico_stdio_usb/stdio_usb.c.obj
                0x10004948                stdio_usb_set_chars_available_callback
 .text.usb_irq  0x1000495c       0x10 CMakeFiles/pwmAdcC.dir/C_/Program_Files/Raspberry_Pi/Pico_SDK_v1.5.1/pico-sdk/src/rp2_common/pico_stdio_usb/stdio_usb.c.obj
 .text.timer_task
                0x1000496c       0x5c CMakeFiles/pwmAdcC.dir/C_/Program_Files/Raspberry_Pi/Pico_SDK_v1.5.1/pico-sdk/src/rp2_common/pico_stdio_usb/stdio_usb.c.obj
 .text.low_priority_worker_irq
                0x100049c8       0xdc CMakeFiles/pwmAdcC.dir/C_/Program_Files/Raspberry_Pi/Pico_SDK_v1.5.1/pico-sdk/src/rp2_common/pico_stdio_usb/stdio_usb.c.obj
 .text.tud_cdc_rx_cb
                0x10004aa4       0x20 CMakeFiles/pwmAdcC.dir/C_/Program_Files/Raspberry_Pi/Pico_SDK_v1.5.1/pico-sdk/src/rp2_common/pico_stdio_usb/stdio_usb.c.obj
                0x10004aa4                tud_cdc_rx_cb
 .text.stdio_usb_init
                0x10004ac4      0x11c CMakeFiles/pwmAdcC.dir/C_/Program_Files/Raspberry_Pi/Pico_SDK_v1.5.1/pico-sdk/src/rp2_common/pico_stdio_usb/stdio_usb.c.obj
                0x10004ac4                stdio_usb_init
 .text.stdio_usb_connected
                0x10004be0        0xa CMakeFiles/pwmAdcC.dir/C_/Program_Files/Raspberry_Pi/Pico_SDK_v1.5.1/pico-sdk/src/rp2_common/pico_stdio_usb/stdio_usb.c.obj
                0x10004be0                stdio_usb_connected
 *fill*         0x10004bea        0x2 
 .text.stdio_usb_in_chars
                0x10004bec       0xc4 CMakeFiles/pwmAdcC.dir/C_/Program_Files/Raspberry_Pi/Pico_SDK_v1.5.1/pico-sdk/src/rp2_common/pico_stdio_usb/stdio_usb.c.obj
                0x10004bec                stdio_usb_in_chars
 .text.stdio_usb_out_chars
                0x10004cb0      0x114 CMakeFiles/pwmAdcC.dir/C_/Program_Files/Raspberry_Pi/Pico_SDK_v1.5.1/pico-sdk/src/rp2_common/pico_stdio_usb/stdio_usb.c.obj
 .text.tud_descriptor_device_cb
                0x10004dc4        0x8 CMakeFiles/pwmAdcC.dir/C_/Program_Files/Raspberry_Pi/Pico_SDK_v1.5.1/pico-sdk/src/rp2_common/pico_stdio_usb/stdio_usb_descriptors.c.obj
                0x10004dc4                tud_descriptor_device_cb
 .text.tud_descriptor_configuration_cb
                0x10004dcc        0x8 CMakeFiles/pwmAdcC.dir/C_/Program_Files/Raspberry_Pi/Pico_SDK_v1.5.1/pico-sdk/src/rp2_common/pico_stdio_usb/stdio_usb_descriptors.c.obj
                0x10004dcc                tud_descriptor_configuration_cb
 .text.tud_descriptor_string_cb
                0x10004dd4       0x6c CMakeFiles/pwmAdcC.dir/C_/Program_Files/Raspberry_Pi/Pico_SDK_v1.5.1/pico-sdk/src/rp2_common/pico_stdio_usb/stdio_usb_descriptors.c.obj
                0x10004dd4                tud_descriptor_string_cb
 .text._retrieve_unique_id_on_boot
                0x10004e40       0x10 CMakeFiles/pwmAdcC.dir/C_/Program_Files/Raspberry_Pi/Pico_SDK_v1.5.1/pico-sdk/src/rp2_common/pico_unique_id/unique_id.c.obj
 .text.pico_get_unique_board_id_string
                0x10004e50       0x60 CMakeFiles/pwmAdcC.dir/C_/Program_Files/Raspberry_Pi/Pico_SDK_v1.5.1/pico-sdk/src/rp2_common/pico_unique_id/unique_id.c.obj
                0x10004e50                pico_get_unique_board_id_string
 .text.flash_get_unique_id
                0x10004eb0       0x46 CMakeFiles/pwmAdcC.dir/C_/Program_Files/Raspberry_Pi/Pico_SDK_v1.5.1/pico-sdk/src/rp2_common/hardware_flash/flash.c.obj
                0x10004eb0                flash_get_unique_id
 *fill*         0x10004ef6        0x2 
 .text.hw_endpoint_get_by_addr
                0x10004ef8       0x18 CMakeFiles/pwmAdcC.dir/C_/Program_Files/Raspberry_Pi/Pico_SDK_v1.5.1/pico-sdk/lib/tinyusb/src/portable/raspberrypi/rp2040/dcd_rp2040.c.obj
 .text._hw_endpoint_alloc
                0x10004f10       0x70 CMakeFiles/pwmAdcC.dir/C_/Program_Files/Raspberry_Pi/Pico_SDK_v1.5.1/pico-sdk/lib/tinyusb/src/portable/raspberrypi/rp2040/dcd_rp2040.c.obj
 .text.hw_endpoint_init
                0x10004f80       0x88 CMakeFiles/pwmAdcC.dir/C_/Program_Files/Raspberry_Pi/Pico_SDK_v1.5.1/pico-sdk/lib/tinyusb/src/portable/raspberrypi/rp2040/dcd_rp2040.c.obj
 .text.hw_endpoint_xfer
                0x10005008       0x14 CMakeFiles/pwmAdcC.dir/C_/Program_Files/Raspberry_Pi/Pico_SDK_v1.5.1/pico-sdk/lib/tinyusb/src/portable/raspberrypi/rp2040/dcd_rp2040.c.obj
 .text.dcd_int_enable
                0x1000501c       0x2c CMakeFiles/pwmAdcC.dir/C_/Program_Files/Raspberry_Pi/Pico_SDK_v1.5.1/pico-sdk/lib/tinyusb/src/portable/raspberrypi/rp2040/dcd_rp2040.c.obj
                0x1000501c                dcd_int_enable
 .text.dcd_set_address
                0x10005048       0x2c CMakeFiles/pwmAdcC.dir/C_/Program_Files/Raspberry_Pi/Pico_SDK_v1.5.1/pico-sdk/lib/tinyusb/src/portable/raspberrypi/rp2040/dcd_rp2040.c.obj
                0x10005048                dcd_set_address
 .text.dcd_connect
                0x10005074       0x10 CMakeFiles/pwmAdcC.dir/C_/Program_Files/Raspberry_Pi/Pico_SDK_v1.5.1/pico-sdk/lib/tinyusb/src/portable/raspberrypi/rp2040/dcd_rp2040.c.obj
                0x10005074                dcd_connect
 .text.dcd_init
                0x10005084       0x80 CMakeFiles/pwmAdcC.dir/C_/Program_Files/Raspberry_Pi/Pico_SDK_v1.5.1/pico-sdk/lib/tinyusb/src/portable/raspberrypi/rp2040/dcd_rp2040.c.obj
                0x10005084                dcd_init
 .text.dcd_edpt0_status_complete
                0x10005104       0x1c CMakeFiles/pwmAdcC.dir/C_/Program_Files/Raspberry_Pi/Pico_SDK_v1.5.1/pico-sdk/lib/tinyusb/src/portable/raspberrypi/rp2040/dcd_rp2040.c.obj
                0x10005104                dcd_edpt0_status_complete
 .text.dcd_edpt_open
                0x10005120       0x40 CMakeFiles/pwmAdcC.dir/C_/Program_Files/Raspberry_Pi/Pico_SDK_v1.5.1/pico-sdk/lib/tinyusb/src/portable/raspberrypi/rp2040/dcd_rp2040.c.obj
                0x10005120                dcd_edpt_open
 .text.dcd_edpt_close_all
                0x10005160        0x8 CMakeFiles/pwmAdcC.dir/C_/Program_Files/Raspberry_Pi/Pico_SDK_v1.5.1/pico-sdk/lib/tinyusb/src/portable/raspberrypi/rp2040/dcd_rp2040.c.obj
                0x10005160                dcd_edpt_close_all
 .text.dcd_edpt_xfer
                0x10005168       0x34 CMakeFiles/pwmAdcC.dir/C_/Program_Files/Raspberry_Pi/Pico_SDK_v1.5.1/pico-sdk/lib/tinyusb/src/portable/raspberrypi/rp2040/dcd_rp2040.c.obj
                0x10005168                dcd_edpt_xfer
 .text.dcd_edpt_stall
                0x1000519c       0x2c CMakeFiles/pwmAdcC.dir/C_/Program_Files/Raspberry_Pi/Pico_SDK_v1.5.1/pico-sdk/lib/tinyusb/src/portable/raspberrypi/rp2040/dcd_rp2040.c.obj
                0x1000519c                dcd_edpt_stall
 .text.dcd_edpt_clear_stall
                0x100051c8       0x20 CMakeFiles/pwmAdcC.dir/C_/Program_Files/Raspberry_Pi/Pico_SDK_v1.5.1/pico-sdk/lib/tinyusb/src/portable/raspberrypi/rp2040/dcd_rp2040.c.obj
                0x100051c8                dcd_edpt_clear_stall
 .text.rp2040_usb_init
                0x100051e8       0x4c CMakeFiles/pwmAdcC.dir/C_/Program_Files/Raspberry_Pi/Pico_SDK_v1.5.1/pico-sdk/lib/tinyusb/src/portable/raspberrypi/rp2040/rp2040_usb.c.obj
                0x100051e8                rp2040_usb_init
 .text.hw_endpoint_xfer_start
                0x10005234       0x50 CMakeFiles/pwmAdcC.dir/C_/Program_Files/Raspberry_Pi/Pico_SDK_v1.5.1/pico-sdk/lib/tinyusb/src/portable/raspberrypi/rp2040/rp2040_usb.c.obj
                0x10005234                hw_endpoint_xfer_start
 .text.configuration_reset
                0x10005284       0x84 CMakeFiles/pwmAdcC.dir/C_/Program_Files/Raspberry_Pi/Pico_SDK_v1.5.1/pico-sdk/lib/tinyusb/src/device/usbd.c.obj
 .text.usbd_reset
                0x10005308        0xc CMakeFiles/pwmAdcC.dir/C_/Program_Files/Raspberry_Pi/Pico_SDK_v1.5.1/pico-sdk/lib/tinyusb/src/device/usbd.c.obj
 .text.invoke_class_control
                0x10005314       0x1a CMakeFiles/pwmAdcC.dir/C_/Program_Files/Raspberry_Pi/Pico_SDK_v1.5.1/pico-sdk/lib/tinyusb/src/device/usbd.c.obj
 *fill*         0x1000532e        0x2 
 .text.process_set_config
                0x10005330      0x178 CMakeFiles/pwmAdcC.dir/C_/Program_Files/Raspberry_Pi/Pico_SDK_v1.5.1/pico-sdk/lib/tinyusb/src/device/usbd.c.obj
 .text.process_get_descriptor
                0x100054a8       0xdc CMakeFiles/pwmAdcC.dir/C_/Program_Files/Raspberry_Pi/Pico_SDK_v1.5.1/pico-sdk/lib/tinyusb/src/device/usbd.c.obj
 .text.tud_mounted
                0x10005584       0x10 CMakeFiles/pwmAdcC.dir/C_/Program_Files/Raspberry_Pi/Pico_SDK_v1.5.1/pico-sdk/lib/tinyusb/src/device/usbd.c.obj
                0x10005584                tud_mounted
 .text.tud_suspended
                0x10005594       0x10 CMakeFiles/pwmAdcC.dir/C_/Program_Files/Raspberry_Pi/Pico_SDK_v1.5.1/pico-sdk/lib/tinyusb/src/device/usbd.c.obj
                0x10005594                tud_suspended
 .text.tud_inited
                0x100055a4       0x14 CMakeFiles/pwmAdcC.dir/C_/Program_Files/Raspberry_Pi/Pico_SDK_v1.5.1/pico-sdk/lib/tinyusb/src/device/usbd.c.obj
                0x100055a4                tud_inited
 .text.tud_init
                0x100055b8       0xcc CMakeFiles/pwmAdcC.dir/C_/Program_Files/Raspberry_Pi/Pico_SDK_v1.5.1/pico-sdk/lib/tinyusb/src/device/usbd.c.obj
                0x100055b8                tud_init
 .text.usbd_defer_func
                0x10005684       0x2a CMakeFiles/pwmAdcC.dir/C_/Program_Files/Raspberry_Pi/Pico_SDK_v1.5.1/pico-sdk/lib/tinyusb/src/device/usbd.c.obj
                0x10005684                usbd_defer_func
 *fill*         0x100056ae        0x2 
 .text.usbd_edpt_open
                0x100056b0       0x34 CMakeFiles/pwmAdcC.dir/C_/Program_Files/Raspberry_Pi/Pico_SDK_v1.5.1/pico-sdk/lib/tinyusb/src/device/usbd.c.obj
                0x100056b0                usbd_edpt_open
 .text.usbd_open_edpt_pair
                0x100056e4       0x62 CMakeFiles/pwmAdcC.dir/C_/Program_Files/Raspberry_Pi/Pico_SDK_v1.5.1/pico-sdk/lib/tinyusb/src/device/usbd.c.obj
                0x100056e4                usbd_open_edpt_pair
 *fill*         0x10005746        0x2 
 .text.usbd_edpt_claim
                0x10005748       0x28 CMakeFiles/pwmAdcC.dir/C_/Program_Files/Raspberry_Pi/Pico_SDK_v1.5.1/pico-sdk/lib/tinyusb/src/device/usbd.c.obj
                0x10005748                usbd_edpt_claim
 .text.usbd_edpt_release
                0x10005770       0x28 CMakeFiles/pwmAdcC.dir/C_/Program_Files/Raspberry_Pi/Pico_SDK_v1.5.1/pico-sdk/lib/tinyusb/src/device/usbd.c.obj
                0x10005770                usbd_edpt_release
 .text.usbd_edpt_xfer
                0x10005798       0x78 CMakeFiles/pwmAdcC.dir/C_/Program_Files/Raspberry_Pi/Pico_SDK_v1.5.1/pico-sdk/lib/tinyusb/src/device/usbd.c.obj
                0x10005798                usbd_edpt_xfer
 .text.usbd_edpt_stall
                0x10005810       0x48 CMakeFiles/pwmAdcC.dir/C_/Program_Files/Raspberry_Pi/Pico_SDK_v1.5.1/pico-sdk/lib/tinyusb/src/device/usbd.c.obj
                0x10005810                usbd_edpt_stall
 .text.usbd_edpt_clear_stall
                0x10005858       0x48 CMakeFiles/pwmAdcC.dir/C_/Program_Files/Raspberry_Pi/Pico_SDK_v1.5.1/pico-sdk/lib/tinyusb/src/device/usbd.c.obj
                0x10005858                usbd_edpt_clear_stall
 .text.usbd_edpt_stalled
                0x100058a0       0x1c CMakeFiles/pwmAdcC.dir/C_/Program_Files/Raspberry_Pi/Pico_SDK_v1.5.1/pico-sdk/lib/tinyusb/src/device/usbd.c.obj
                0x100058a0                usbd_edpt_stalled
 .text.process_control_request
                0x100058bc      0x37c CMakeFiles/pwmAdcC.dir/C_/Program_Files/Raspberry_Pi/Pico_SDK_v1.5.1/pico-sdk/lib/tinyusb/src/device/usbd.c.obj
 .text.tud_task_ext
                0x10005c38      0x1b8 CMakeFiles/pwmAdcC.dir/C_/Program_Files/Raspberry_Pi/Pico_SDK_v1.5.1/pico-sdk/lib/tinyusb/src/device/usbd.c.obj
                0x10005c38                tud_task_ext
 .text._data_stage_xact
                0x10005df0       0x58 CMakeFiles/pwmAdcC.dir/C_/Program_Files/Raspberry_Pi/Pico_SDK_v1.5.1/pico-sdk/lib/tinyusb/src/device/usbd_control.c.obj
 .text.tud_control_status
                0x10005e48       0x38 CMakeFiles/pwmAdcC.dir/C_/Program_Files/Raspberry_Pi/Pico_SDK_v1.5.1/pico-sdk/lib/tinyusb/src/device/usbd_control.c.obj
                0x10005e48                tud_control_status
 .text.tud_control_xfer
                0x10005e80       0x74 CMakeFiles/pwmAdcC.dir/C_/Program_Files/Raspberry_Pi/Pico_SDK_v1.5.1/pico-sdk/lib/tinyusb/src/device/usbd_control.c.obj
                0x10005e80                tud_control_xfer
 .text.usbd_control_reset
                0x10005ef4       0x14 CMakeFiles/pwmAdcC.dir/C_/Program_Files/Raspberry_Pi/Pico_SDK_v1.5.1/pico-sdk/lib/tinyusb/src/device/usbd_control.c.obj
                0x10005ef4                usbd_control_reset
 .text.usbd_control_set_complete_callback
                0x10005f08        0xc CMakeFiles/pwmAdcC.dir/C_/Program_Files/Raspberry_Pi/Pico_SDK_v1.5.1/pico-sdk/lib/tinyusb/src/device/usbd_control.c.obj
                0x10005f08                usbd_control_set_complete_callback
 .text.usbd_control_set_request
                0x10005f14       0x1c CMakeFiles/pwmAdcC.dir/C_/Program_Files/Raspberry_Pi/Pico_SDK_v1.5.1/pico-sdk/lib/tinyusb/src/device/usbd_control.c.obj
                0x10005f14                usbd_control_set_request
 .text.usbd_control_xfer_cb
                0x10005f30       0xcc CMakeFiles/pwmAdcC.dir/C_/Program_Files/Raspberry_Pi/Pico_SDK_v1.5.1/pico-sdk/lib/tinyusb/src/device/usbd_control.c.obj
                0x10005f30                usbd_control_xfer_cb
 .text._prep_out_transaction
                0x10005ffc       0x4a CMakeFiles/pwmAdcC.dir/C_/Program_Files/Raspberry_Pi/Pico_SDK_v1.5.1/pico-sdk/lib/tinyusb/src/class/cdc/cdc_device.c.obj
 *fill*         0x10006046        0x2 
 .text.tud_cdc_n_connected
                0x10006048       0x44 CMakeFiles/pwmAdcC.dir/C_/Program_Files/Raspberry_Pi/Pico_SDK_v1.5.1/pico-sdk/lib/tinyusb/src/class/cdc/cdc_device.c.obj
                0x10006048                tud_cdc_n_connected
 .text.tud_cdc_n_available
                0x1000608c       0x18 CMakeFiles/pwmAdcC.dir/C_/Program_Files/Raspberry_Pi/Pico_SDK_v1.5.1/pico-sdk/lib/tinyusb/src/class/cdc/cdc_device.c.obj
                0x1000608c                tud_cdc_n_available
 .text.tud_cdc_n_read
                0x100060a4       0x28 CMakeFiles/pwmAdcC.dir/C_/Program_Files/Raspberry_Pi/Pico_SDK_v1.5.1/pico-sdk/lib/tinyusb/src/class/cdc/cdc_device.c.obj
                0x100060a4                tud_cdc_n_read
 .text.tud_cdc_n_write_flush
                0x100060cc       0xb8 CMakeFiles/pwmAdcC.dir/C_/Program_Files/Raspberry_Pi/Pico_SDK_v1.5.1/pico-sdk/lib/tinyusb/src/class/cdc/cdc_device.c.obj
                0x100060cc                tud_cdc_n_write_flush
 .text.tud_cdc_n_write
                0x10006184       0x38 CMakeFiles/pwmAdcC.dir/C_/Program_Files/Raspberry_Pi/Pico_SDK_v1.5.1/pico-sdk/lib/tinyusb/src/class/cdc/cdc_device.c.obj
                0x10006184                tud_cdc_n_write
 .text.tud_cdc_n_write_available
                0x100061bc       0x1c CMakeFiles/pwmAdcC.dir/C_/Program_Files/Raspberry_Pi/Pico_SDK_v1.5.1/pico-sdk/lib/tinyusb/src/class/cdc/cdc_device.c.obj
                0x100061bc                tud_cdc_n_write_available
 .text.cdcd_init
                0x100061d8       0xbc CMakeFiles/pwmAdcC.dir/C_/Program_Files/Raspberry_Pi/Pico_SDK_v1.5.1/pico-sdk/lib/tinyusb/src/class/cdc/cdc_device.c.obj
                0x100061d8                cdcd_init
 .text.cdcd_reset
                0x10006294       0x44 CMakeFiles/pwmAdcC.dir/C_/Program_Files/Raspberry_Pi/Pico_SDK_v1.5.1/pico-sdk/lib/tinyusb/src/class/cdc/cdc_device.c.obj
                0x10006294                cdcd_reset
 .text.cdcd_open
                0x100062d8       0xcc CMakeFiles/pwmAdcC.dir/C_/Program_Files/Raspberry_Pi/Pico_SDK_v1.5.1/pico-sdk/lib/tinyusb/src/class/cdc/cdc_device.c.obj
                0x100062d8                cdcd_open
 .text.cdcd_control_xfer_cb
                0x100063a4      0x134 CMakeFiles/pwmAdcC.dir/C_/Program_Files/Raspberry_Pi/Pico_SDK_v1.5.1/pico-sdk/lib/tinyusb/src/class/cdc/cdc_device.c.obj
                0x100063a4                cdcd_control_xfer_cb
 .text.cdcd_xfer_cb
                0x100064d8      0x130 CMakeFiles/pwmAdcC.dir/C_/Program_Files/Raspberry_Pi/Pico_SDK_v1.5.1/pico-sdk/lib/tinyusb/src/class/cdc/cdc_device.c.obj
                0x100064d8                cdcd_xfer_cb
 .text.tusb_init
                0x10006608        0xa CMakeFiles/pwmAdcC.dir/C_/Program_Files/Raspberry_Pi/Pico_SDK_v1.5.1/pico-sdk/lib/tinyusb/src/tusb.c.obj
                0x10006608                tusb_init
 .text.tusb_inited
                0x10006612        0xe CMakeFiles/pwmAdcC.dir/C_/Program_Files/Raspberry_Pi/Pico_SDK_v1.5.1/pico-sdk/lib/tinyusb/src/tusb.c.obj
                0x10006612                tusb_inited
 .text.tu_edpt_claim
                0x10006620       0x50 CMakeFiles/pwmAdcC.dir/C_/Program_Files/Raspberry_Pi/Pico_SDK_v1.5.1/pico-sdk/lib/tinyusb/src/tusb.c.obj
                0x10006620                tu_edpt_claim
 .text.tu_edpt_release
                0x10006670       0x3c CMakeFiles/pwmAdcC.dir/C_/Program_Files/Raspberry_Pi/Pico_SDK_v1.5.1/pico-sdk/lib/tinyusb/src/tusb.c.obj
                0x10006670                tu_edpt_release
 .text.tu_edpt_validate
                0x100066ac       0x78 CMakeFiles/pwmAdcC.dir/C_/Program_Files/Raspberry_Pi/Pico_SDK_v1.5.1/pico-sdk/lib/tinyusb/src/tusb.c.obj
                0x100066ac                tu_edpt_validate
 .text.tu_edpt_bind_driver
                0x10006724       0x26 CMakeFiles/pwmAdcC.dir/C_/Program_Files/Raspberry_Pi/Pico_SDK_v1.5.1/pico-sdk/lib/tinyusb/src/tusb.c.obj
                0x10006724                tu_edpt_bind_driver
 .text.advance_index
                0x1000674a       0x1a CMakeFiles/pwmAdcC.dir/C_/Program_Files/Raspberry_Pi/Pico_SDK_v1.5.1/pico-sdk/lib/tinyusb/src/common/tusb_fifo.c.obj
 .text._tu_fifo_peek
                0x10006764       0x56 CMakeFiles/pwmAdcC.dir/C_/Program_Files/Raspberry_Pi/Pico_SDK_v1.5.1/pico-sdk/lib/tinyusb/src/common/tusb_fifo.c.obj
 .text._ff_pull_const_addr
                0x100067ba       0x4c CMakeFiles/pwmAdcC.dir/C_/Program_Files/Raspberry_Pi/Pico_SDK_v1.5.1/pico-sdk/lib/tinyusb/src/common/tusb_fifo.c.obj
 .text._ff_pull_n
                0x10006806      0x110 CMakeFiles/pwmAdcC.dir/C_/Program_Files/Raspberry_Pi/Pico_SDK_v1.5.1/pico-sdk/lib/tinyusb/src/common/tusb_fifo.c.obj
 .text._tu_fifo_peek_n
                0x10006916       0x6a CMakeFiles/pwmAdcC.dir/C_/Program_Files/Raspberry_Pi/Pico_SDK_v1.5.1/pico-sdk/lib/tinyusb/src/common/tusb_fifo.c.obj
 .text._tu_fifo_read_n
                0x10006980       0x4e CMakeFiles/pwmAdcC.dir/C_/Program_Files/Raspberry_Pi/Pico_SDK_v1.5.1/pico-sdk/lib/tinyusb/src/common/tusb_fifo.c.obj
 .text._ff_push_const_addr
                0x100069ce       0x40 CMakeFiles/pwmAdcC.dir/C_/Program_Files/Raspberry_Pi/Pico_SDK_v1.5.1/pico-sdk/lib/tinyusb/src/common/tusb_fifo.c.obj
 .text._ff_push_n
                0x10006a0e      0x10c CMakeFiles/pwmAdcC.dir/C_/Program_Files/Raspberry_Pi/Pico_SDK_v1.5.1/pico-sdk/lib/tinyusb/src/common/tusb_fifo.c.obj
 .text._tu_fifo_write_n
                0x10006b1a       0xf0 CMakeFiles/pwmAdcC.dir/C_/Program_Files/Raspberry_Pi/Pico_SDK_v1.5.1/pico-sdk/lib/tinyusb/src/common/tusb_fifo.c.obj
 .text.tu_fifo_config
                0x10006c0a       0x7c CMakeFiles/pwmAdcC.dir/C_/Program_Files/Raspberry_Pi/Pico_SDK_v1.5.1/pico-sdk/lib/tinyusb/src/common/tusb_fifo.c.obj
                0x10006c0a                tu_fifo_config
 .text.tu_fifo_count
                0x10006c86       0x2a CMakeFiles/pwmAdcC.dir/C_/Program_Files/Raspberry_Pi/Pico_SDK_v1.5.1/pico-sdk/lib/tinyusb/src/common/tusb_fifo.c.obj
                0x10006c86                tu_fifo_count
 .text.tu_fifo_empty
                0x10006cb0       0x10 CMakeFiles/pwmAdcC.dir/C_/Program_Files/Raspberry_Pi/Pico_SDK_v1.5.1/pico-sdk/lib/tinyusb/src/common/tusb_fifo.c.obj
                0x10006cb0                tu_fifo_empty
 .text.tu_fifo_full
                0x10006cc0       0x28 CMakeFiles/pwmAdcC.dir/C_/Program_Files/Raspberry_Pi/Pico_SDK_v1.5.1/pico-sdk/lib/tinyusb/src/common/tusb_fifo.c.obj
                0x10006cc0                tu_fifo_full
 .text.tu_fifo_remaining
                0x10006ce8       0x2c CMakeFiles/pwmAdcC.dir/C_/Program_Files/Raspberry_Pi/Pico_SDK_v1.5.1/pico-sdk/lib/tinyusb/src/common/tusb_fifo.c.obj
                0x10006ce8                tu_fifo_remaining
 .text.tu_fifo_read
                0x10006d14       0x42 CMakeFiles/pwmAdcC.dir/C_/Program_Files/Raspberry_Pi/Pico_SDK_v1.5.1/pico-sdk/lib/tinyusb/src/common/tusb_fifo.c.obj
                0x10006d14                tu_fifo_read
 .text.tu_fifo_read_n
                0x10006d56        0xa CMakeFiles/pwmAdcC.dir/C_/Program_Files/Raspberry_Pi/Pico_SDK_v1.5.1/pico-sdk/lib/tinyusb/src/common/tusb_fifo.c.obj
                0x10006d56                tu_fifo_read_n
 .text.tu_fifo_write
                0x10006d60       0x64 CMakeFiles/pwmAdcC.dir/C_/Program_Files/Raspberry_Pi/Pico_SDK_v1.5.1/pico-sdk/lib/tinyusb/src/common/tusb_fifo.c.obj
                0x10006d60                tu_fifo_write
 .text.tu_fifo_write_n
                0x10006dc4        0xa CMakeFiles/pwmAdcC.dir/C_/Program_Files/Raspberry_Pi/Pico_SDK_v1.5.1/pico-sdk/lib/tinyusb/src/common/tusb_fifo.c.obj
                0x10006dc4                tu_fifo_write_n
 .text.tu_fifo_clear
                0x10006dce       0x3e CMakeFiles/pwmAdcC.dir/C_/Program_Files/Raspberry_Pi/Pico_SDK_v1.5.1/pico-sdk/lib/tinyusb/src/common/tusb_fifo.c.obj
                0x10006dce                tu_fifo_clear
 .text.tu_fifo_set_overwritable
                0x10006e0c       0x46 CMakeFiles/pwmAdcC.dir/C_/Program_Files/Raspberry_Pi/Pico_SDK_v1.5.1/pico-sdk/lib/tinyusb/src/common/tusb_fifo.c.obj
                0x10006e0c                tu_fifo_set_overwritable
 *fill*         0x10006e52        0x2 
 .text.adc_init
                0x10006e54       0x34 CMakeFiles/pwmAdcC.dir/C_/Program_Files/Raspberry_Pi/Pico_SDK_v1.5.1/pico-sdk/src/rp2_common/hardware_adc/adc.c.obj
                0x10006e54                adc_init
 .text.strlen   0x10006e88       0x5c c:/progra~1/raspbe~1/picosd~1.1/gcc-ar~1/bin/../lib/gcc/arm-none-eabi/10.3.1/../../../../arm-none-eabi/lib/thumb/v6-m/nofp\libg.a(lib_a-strlen-stub.o)
                0x10006e88                strlen
 *(.fini)
 .fini          0x10006ee4        0x4 c:/progra~1/raspbe~1/picosd~1.1/gcc-ar~1/bin/../lib/gcc/arm-none-eabi/10.3.1/thumb/v6-m/nofp/crti.o
                0x10006ee4                _fini
 .fini.__stub   0x10006ee8       0xe0 linker stubs
 *crtbegin.o(.ctors)
 *crtbegin?.o(.ctors)
 *(EXCLUDE_FILE(*crtend.o *crtend?.o) .ctors)
 *(SORT_BY_NAME(.ctors.*))
 *(.ctors)
 *crtbegin.o(.dtors)
 *crtbegin?.o(.dtors)
 *(EXCLUDE_FILE(*crtend.o *crtend?.o) .dtors)
 *(SORT_BY_NAME(.dtors.*))
 *(.dtors)
 *(.eh_frame*)
 .eh_frame      0x10006fc8        0x0 c:/progra~1/raspbe~1/picosd~1.1/gcc-ar~1/bin/../lib/gcc/arm-none-eabi/10.3.1/thumb/v6-m/nofp/crtbegin.o
                0x10006fc8                . = ALIGN (0x4)

.glue_7         0x10006fc8        0x0
 .glue_7        0x10006fc8        0x0 linker stubs

.glue_7t        0x10006fc8        0x0
 .glue_7t       0x10006fc8        0x0 linker stubs

.vfp11_veneer   0x10006fc8        0x0
 .vfp11_veneer  0x10006fc8        0x0 linker stubs

.v4_bx          0x10006fc8        0x0
 .v4_bx         0x10006fc8        0x0 linker stubs

.iplt           0x10006fc8        0x0
 .iplt          0x10006fc8        0x0 c:/progra~1/raspbe~1/picosd~1.1/gcc-ar~1/bin/../lib/gcc/arm-none-eabi/10.3.1/thumb/v6-m/nofp/crtbegin.o

.rodata         0x10006fc8     0x175c
 *(EXCLUDE_FILE(*libm.a: *libc.a:*lib_a-mem*.o *libgcc.a:) .rodata*)
 .rodata.main.str1.4
                0x10006fc8       0x2b CMakeFiles/pwmAdcC.dir/src/main.c.obj
 *fill*         0x10006ff3        0x1 
 .rodata.spin_lock_claim_unused.str1.4
                0x10006ff4       0x1b CMakeFiles/pwmAdcC.dir/C_/Program_Files/Raspberry_Pi/Pico_SDK_v1.5.1/pico-sdk/src/rp2_common/hardware_sync/sync.c.obj
 *fill*         0x1000700f        0x1 
 .rodata.make_branch.str1.4
                0x10007010       0x89 CMakeFiles/pwmAdcC.dir/C_/Program_Files/Raspberry_Pi/Pico_SDK_v1.5.1/pico-sdk/src/rp2_common/hardware_irq/irq.c.obj
 *fill*         0x10007099        0x3 
 .rodata.insert_branch_and_link.str1.4
                0x1000709c       0x10 CMakeFiles/pwmAdcC.dir/C_/Program_Files/Raspberry_Pi/Pico_SDK_v1.5.1/pico-sdk/src/rp2_common/hardware_irq/irq.c.obj
 .rodata.irq_set_exclusive_handler.str1.4
                0x100070ac       0x36 CMakeFiles/pwmAdcC.dir/C_/Program_Files/Raspberry_Pi/Pico_SDK_v1.5.1/pico-sdk/src/rp2_common/hardware_irq/irq.c.obj
 *fill*         0x100070e2        0x2 
 .rodata.irq_add_shared_handler.str1.4
                0x100070e4       0xd9 CMakeFiles/pwmAdcC.dir/C_/Program_Files/Raspberry_Pi/Pico_SDK_v1.5.1/pico-sdk/src/rp2_common/hardware_irq/irq.c.obj
 *fill*         0x100071bd        0x3 
 .rodata.irq_remove_handler.str1.4
                0x100071c0       0x3a CMakeFiles/pwmAdcC.dir/C_/Program_Files/Raspberry_Pi/Pico_SDK_v1.5.1/pico-sdk/src/rp2_common/hardware_irq/irq.c.obj
 *fill*         0x100071fa        0x2 
 .rodata.irq_add_tail_to_free_list.str1.4
                0x100071fc       0x3a CMakeFiles/pwmAdcC.dir/C_/Program_Files/Raspberry_Pi/Pico_SDK_v1.5.1/pico-sdk/src/rp2_common/hardware_irq/irq.c.obj
 *fill*         0x10007236        0x2 
 .rodata.user_irq_claim_unused.str1.4
                0x10007238       0x1b CMakeFiles/pwmAdcC.dir/C_/Program_Files/Raspberry_Pi/Pico_SDK_v1.5.1/pico-sdk/src/rp2_common/hardware_irq/irq.c.obj
 *fill*         0x10007253        0x1 
 .rodata.__func__.0
                0x10007254       0x1a CMakeFiles/pwmAdcC.dir/C_/Program_Files/Raspberry_Pi/Pico_SDK_v1.5.1/pico-sdk/src/rp2_common/hardware_irq/irq.c.obj
 *fill*         0x1000726e        0x2 
 .rodata.__func__.1
                0x10007270       0x17 CMakeFiles/pwmAdcC.dir/C_/Program_Files/Raspberry_Pi/Pico_SDK_v1.5.1/pico-sdk/src/rp2_common/hardware_irq/irq.c.obj
 *fill*         0x10007287        0x1 
 .rodata.__func__.2
                0x10007288       0x13 CMakeFiles/pwmAdcC.dir/C_/Program_Files/Raspberry_Pi/Pico_SDK_v1.5.1/pico-sdk/src/rp2_common/hardware_irq/irq.c.obj
 *fill*         0x1000729b        0x1 
 .rodata.__func__.3
                0x1000729c        0xc CMakeFiles/pwmAdcC.dir/C_/Program_Files/Raspberry_Pi/Pico_SDK_v1.5.1/pico-sdk/src/rp2_common/hardware_irq/irq.c.obj
 .rodata.__func__.4
                0x100072a8        0xf CMakeFiles/pwmAdcC.dir/C_/Program_Files/Raspberry_Pi/Pico_SDK_v1.5.1/pico-sdk/src/rp2_common/hardware_irq/irq.c.obj
 *fill*         0x100072b7        0x1 
 .rodata.__func__.5
                0x100072b8       0x17 CMakeFiles/pwmAdcC.dir/C_/Program_Files/Raspberry_Pi/Pico_SDK_v1.5.1/pico-sdk/src/rp2_common/hardware_irq/irq.c.obj
 *fill*         0x100072cf        0x1 
 .rodata.__func__.6
                0x100072d0       0x1a CMakeFiles/pwmAdcC.dir/C_/Program_Files/Raspberry_Pi/Pico_SDK_v1.5.1/pico-sdk/src/rp2_common/hardware_irq/irq.c.obj
 *fill*         0x100072ea        0x2 
 .rodata.str1.4
                0x100072ec      0x125 CMakeFiles/pwmAdcC.dir/C_/Program_Files/Raspberry_Pi/Pico_SDK_v1.5.1/pico-sdk/src/common/pico_sync/mutex.c.obj
 *fill*         0x10007411        0x3 
 .rodata.__func__.1
                0x10007414        0xb CMakeFiles/pwmAdcC.dir/C_/Program_Files/Raspberry_Pi/Pico_SDK_v1.5.1/pico-sdk/src/common/pico_sync/mutex.c.obj
 *fill*         0x1000741f        0x1 
 .rodata.__func__.3
                0x10007420       0x18 CMakeFiles/pwmAdcC.dir/C_/Program_Files/Raspberry_Pi/Pico_SDK_v1.5.1/pico-sdk/src/common/pico_sync/mutex.c.obj
 .rodata.__func__.4
                0x10007438       0x15 CMakeFiles/pwmAdcC.dir/C_/Program_Files/Raspberry_Pi/Pico_SDK_v1.5.1/pico-sdk/src/common/pico_sync/mutex.c.obj
 *fill*         0x1000744d        0x3 
 .rodata.repeating_timer_callback.str1.4
                0x10007450       0x67 CMakeFiles/pwmAdcC.dir/C_/Program_Files/Raspberry_Pi/Pico_SDK_v1.5.1/pico-sdk/src/common/pico_time/time.c.obj
 *fill*         0x100074b7        0x1 
 .rodata.timer_pool_entry_comparator.str1.4
                0x100074b8       0x22 CMakeFiles/pwmAdcC.dir/C_/Program_Files/Raspberry_Pi/Pico_SDK_v1.5.1/pico-sdk/src/common/pico_time/time.c.obj
 *fill*         0x100074da        0x2 
 .rodata.ph_add_child_node.str1.4
                0x100074dc       0xb2 CMakeFiles/pwmAdcC.dir/C_/Program_Files/Raspberry_Pi/Pico_SDK_v1.5.1/pico-sdk/src/common/pico_time/time.c.obj
 *fill*         0x1000758e        0x2 
 .rodata.add_alarm_under_lock.str1.4
                0x10007590       0x28 CMakeFiles/pwmAdcC.dir/C_/Program_Files/Raspberry_Pi/Pico_SDK_v1.5.1/pico-sdk/src/common/pico_time/time.c.obj
                                 0x2b (size before relaxing)
 .rodata.alarm_pool_alarm_callback.str1.4
                0x100075b8       0x98 CMakeFiles/pwmAdcC.dir/C_/Program_Files/Raspberry_Pi/Pico_SDK_v1.5.1/pico-sdk/src/common/pico_time/time.c.obj
                                0x118 (size before relaxing)
 .rodata.alarm_pool_get_default.str1.4
                0x10007650       0x21 CMakeFiles/pwmAdcC.dir/C_/Program_Files/Raspberry_Pi/Pico_SDK_v1.5.1/pico-sdk/src/common/pico_time/time.c.obj
 *fill*         0x10007671        0x3 
 .rodata.alarm_pool_cancel_alarm.str1.4
                0x10007674       0x27 CMakeFiles/pwmAdcC.dir/C_/Program_Files/Raspberry_Pi/Pico_SDK_v1.5.1/pico-sdk/src/common/pico_time/time.c.obj
 *fill*         0x1000769b        0x1 
 .rodata.sleep_until.str1.4
                0x1000769c       0x4d CMakeFiles/pwmAdcC.dir/C_/Program_Files/Raspberry_Pi/Pico_SDK_v1.5.1/pico-sdk/src/common/pico_time/time.c.obj
 *fill*         0x100076e9        0x3 
 .rodata.__func__.1
                0x100076ec       0x18 CMakeFiles/pwmAdcC.dir/C_/Program_Files/Raspberry_Pi/Pico_SDK_v1.5.1/pico-sdk/src/common/pico_time/time.c.obj
 .rodata.__func__.10
                0x10007704       0x15 CMakeFiles/pwmAdcC.dir/C_/Program_Files/Raspberry_Pi/Pico_SDK_v1.5.1/pico-sdk/src/common/pico_time/time.c.obj
 *fill*         0x10007719        0x3 
 .rodata.__func__.11
                0x1000771c       0x1a CMakeFiles/pwmAdcC.dir/C_/Program_Files/Raspberry_Pi/Pico_SDK_v1.5.1/pico-sdk/src/common/pico_time/time.c.obj
 *fill*         0x10007736        0x2 
 .rodata.__func__.12
                0x10007738        0xa CMakeFiles/pwmAdcC.dir/C_/Program_Files/Raspberry_Pi/Pico_SDK_v1.5.1/pico-sdk/src/common/pico_time/time.c.obj
 *fill*         0x10007742        0x2 
 .rodata.__func__.3
                0x10007744       0x17 CMakeFiles/pwmAdcC.dir/C_/Program_Files/Raspberry_Pi/Pico_SDK_v1.5.1/pico-sdk/src/common/pico_time/time.c.obj
 *fill*         0x1000775b        0x1 
 .rodata.__func__.4
                0x1000775c       0x12 CMakeFiles/pwmAdcC.dir/C_/Program_Files/Raspberry_Pi/Pico_SDK_v1.5.1/pico-sdk/src/common/pico_time/time.c.obj
 *fill*         0x1000776e        0x2 
 .rodata.__func__.5
                0x10007770        0xd CMakeFiles/pwmAdcC.dir/C_/Program_Files/Raspberry_Pi/Pico_SDK_v1.5.1/pico-sdk/src/common/pico_time/time.c.obj
 *fill*         0x1000777d        0x3 
 .rodata.__func__.6
                0x10007780       0x12 CMakeFiles/pwmAdcC.dir/C_/Program_Files/Raspberry_Pi/Pico_SDK_v1.5.1/pico-sdk/src/common/pico_time/time.c.obj
 *fill*         0x10007792        0x2 
 .rodata.__func__.7
                0x10007794        0xf CMakeFiles/pwmAdcC.dir/C_/Program_Files/Raspberry_Pi/Pico_SDK_v1.5.1/pico-sdk/src/common/pico_time/time.c.obj
 *fill*         0x100077a3        0x1 
 .rodata.__func__.8
                0x100077a4        0xc CMakeFiles/pwmAdcC.dir/C_/Program_Files/Raspberry_Pi/Pico_SDK_v1.5.1/pico-sdk/src/common/pico_time/time.c.obj
 .rodata.__func__.9
                0x100077b0       0x15 CMakeFiles/pwmAdcC.dir/C_/Program_Files/Raspberry_Pi/Pico_SDK_v1.5.1/pico-sdk/src/common/pico_time/time.c.obj
 *fill*         0x100077c5        0x3 
 .rodata.hardware_alarm_claim.str1.4
                0x100077c8       0x22 CMakeFiles/pwmAdcC.dir/C_/Program_Files/Raspberry_Pi/Pico_SDK_v1.5.1/pico-sdk/src/rp2_common/hardware_timer/timer.c.obj
 *fill*         0x100077ea        0x2 
 .rodata.hardware_alarm_set_target.str1.4
                0x100077ec       0x81 CMakeFiles/pwmAdcC.dir/C_/Program_Files/Raspberry_Pi/Pico_SDK_v1.5.1/pico-sdk/src/rp2_common/hardware_timer/timer.c.obj
 *fill*         0x1000786d        0x3 
 .rodata.__func__.0
                0x10007870       0x1a CMakeFiles/pwmAdcC.dir/C_/Program_Files/Raspberry_Pi/Pico_SDK_v1.5.1/pico-sdk/src/rp2_common/hardware_timer/timer.c.obj
 .rodata.ph_add_child_node.str1.4
                0x1000788a       0xb2 CMakeFiles/pwmAdcC.dir/C_/Program_Files/Raspberry_Pi/Pico_SDK_v1.5.1/pico-sdk/src/common/pico_util/pheap.c.obj
 *fill*         0x1000788a        0x2 
 .rodata.ph_remove_any_head.str1.4
                0x1000788c       0xa8 CMakeFiles/pwmAdcC.dir/C_/Program_Files/Raspberry_Pi/Pico_SDK_v1.5.1/pico-sdk/src/common/pico_util/pheap.c.obj
                                 0xbc (size before relaxing)
 .rodata.ph_remove_and_free_node.str1.4
                0x10007934       0x1e CMakeFiles/pwmAdcC.dir/C_/Program_Files/Raspberry_Pi/Pico_SDK_v1.5.1/pico-sdk/src/common/pico_util/pheap.c.obj
                                 0x26 (size before relaxing)
 *fill*         0x10007952        0x2 
 .rodata.__func__.0
                0x10007954       0x18 CMakeFiles/pwmAdcC.dir/C_/Program_Files/Raspberry_Pi/Pico_SDK_v1.5.1/pico-sdk/src/common/pico_util/pheap.c.obj
 .rodata.__func__.1
                0x1000796c       0x13 CMakeFiles/pwmAdcC.dir/C_/Program_Files/Raspberry_Pi/Pico_SDK_v1.5.1/pico-sdk/src/common/pico_util/pheap.c.obj
 *fill*         0x1000797f        0x1 
 .rodata.__func__.2
                0x10007980       0x12 CMakeFiles/pwmAdcC.dir/C_/Program_Files/Raspberry_Pi/Pico_SDK_v1.5.1/pico-sdk/src/common/pico_util/pheap.c.obj
 *fill*         0x10007992        0x2 
 .rodata.__func__.3
                0x10007994        0xc CMakeFiles/pwmAdcC.dir/C_/Program_Files/Raspberry_Pi/Pico_SDK_v1.5.1/pico-sdk/src/common/pico_util/pheap.c.obj
 .rodata.clock_configure.str1.4
                0x100079a0       0x73 CMakeFiles/pwmAdcC.dir/C_/Program_Files/Raspberry_Pi/Pico_SDK_v1.5.1/pico-sdk/src/rp2_common/hardware_clocks/clocks.c.obj
 *fill*         0x10007a13        0x1 
 .rodata.__func__.1
                0x10007a14       0x10 CMakeFiles/pwmAdcC.dir/C_/Program_Files/Raspberry_Pi/Pico_SDK_v1.5.1/pico-sdk/src/rp2_common/hardware_clocks/clocks.c.obj
 .rodata.pll_init.str1.4
                0x10007a24      0x140 CMakeFiles/pwmAdcC.dir/C_/Program_Files/Raspberry_Pi/Pico_SDK_v1.5.1/pico-sdk/src/rp2_common/hardware_pll/pll.c.obj
 .rodata.__func__.0
                0x10007b64        0x9 CMakeFiles/pwmAdcC.dir/C_/Program_Files/Raspberry_Pi/Pico_SDK_v1.5.1/pico-sdk/src/rp2_common/hardware_pll/pll.c.obj
 *fill*         0x10007b6d        0x3 
 .rodata.__assert_func.str1.4
                0x10007b70       0x3f CMakeFiles/pwmAdcC.dir/C_/Program_Files/Raspberry_Pi/Pico_SDK_v1.5.1/pico-sdk/src/rp2_common/pico_runtime/runtime.c.obj
                                 0x43 (size before relaxing)
 *fill*         0x10007baf        0x1 
 .rodata.runtime_init.str1.4
                0x10007bb0       0x7d CMakeFiles/pwmAdcC.dir/C_/Program_Files/Raspberry_Pi/Pico_SDK_v1.5.1/pico-sdk/src/rp2_common/pico_runtime/runtime.c.obj
 *fill*         0x10007c2d        0x3 
 .rodata.panic.str1.4
                0x10007c30       0x12 CMakeFiles/pwmAdcC.dir/C_/Program_Files/Raspberry_Pi/Pico_SDK_v1.5.1/pico-sdk/src/rp2_common/pico_runtime/runtime.c.obj
 *fill*         0x10007c42        0x2 
 .rodata.__func__.2
                0x10007c44        0xd CMakeFiles/pwmAdcC.dir/C_/Program_Files/Raspberry_Pi/Pico_SDK_v1.5.1/pico-sdk/src/rp2_common/pico_runtime/runtime.c.obj
 *fill*         0x10007c51        0x3 
 .rodata._ftoa.str1.4
                0x10007c54       0x15 CMakeFiles/pwmAdcC.dir/C_/Program_Files/Raspberry_Pi/Pico_SDK_v1.5.1/pico-sdk/src/rp2_common/pico_printf/printf.c.obj
 *fill*         0x10007c69        0x3 
 .rodata._vsnprintf
                0x10007c6c      0x1e0 CMakeFiles/pwmAdcC.dir/C_/Program_Files/Raspberry_Pi/Pico_SDK_v1.5.1/pico-sdk/src/rp2_common/pico_printf/printf.c.obj
 *fill*         0x10007e4c        0x4 
 .rodata.pow10.0
                0x10007e50       0x50 CMakeFiles/pwmAdcC.dir/C_/Program_Files/Raspberry_Pi/Pico_SDK_v1.5.1/pico-sdk/src/rp2_common/pico_printf/printf.c.obj
 .rodata.__aeabi_double_init.str1.4
                0x10007ea0       0xb8 CMakeFiles/pwmAdcC.dir/C_/Program_Files/Raspberry_Pi/Pico_SDK_v1.5.1/pico-sdk/src/rp2_common/pico_double/double_init_rom.c.obj
 .rodata.__func__.0
                0x10007f58       0x14 CMakeFiles/pwmAdcC.dir/C_/Program_Files/Raspberry_Pi/Pico_SDK_v1.5.1/pico-sdk/src/rp2_common/pico_double/double_init_rom.c.obj
 .rodata.__aeabi_float_init.str1.4
                0x10007f6c       0x96 CMakeFiles/pwmAdcC.dir/C_/Program_Files/Raspberry_Pi/Pico_SDK_v1.5.1/pico-sdk/src/rp2_common/pico_float/float_init_rom.c.obj
                                 0x9a (size before relaxing)
 *fill*         0x10008002        0x2 
 .rodata.__func__.0
                0x10008004       0x13 CMakeFiles/pwmAdcC.dir/C_/Program_Files/Raspberry_Pi/Pico_SDK_v1.5.1/pico-sdk/src/rp2_common/pico_float/float_init_rom.c.obj
 *fill*         0x10008017        0x1 
 .rodata.str1.4
                0x10008018       0x3c CMakeFiles/pwmAdcC.dir/C_/Program_Files/Raspberry_Pi/Pico_SDK_v1.5.1/pico-sdk/src/rp2_common/pico_standard_link/binary_info.c.obj
 .rodata.__bi_44
                0x10008054        0xc CMakeFiles/pwmAdcC.dir/C_/Program_Files/Raspberry_Pi/Pico_SDK_v1.5.1/pico-sdk/src/rp2_common/pico_standard_link/binary_info.c.obj
 .rodata.__bi_75
                0x10008060        0xc CMakeFiles/pwmAdcC.dir/C_/Program_Files/Raspberry_Pi/Pico_SDK_v1.5.1/pico-sdk/src/rp2_common/pico_standard_link/binary_info.c.obj
 .rodata.__bi_81
                0x1000806c        0xc CMakeFiles/pwmAdcC.dir/C_/Program_Files/Raspberry_Pi/Pico_SDK_v1.5.1/pico-sdk/src/rp2_common/pico_standard_link/binary_info.c.obj
 .rodata.stdout_serialize_begin.str1.4
                0x10008078       0x7d CMakeFiles/pwmAdcC.dir/C_/Program_Files/Raspberry_Pi/Pico_SDK_v1.5.1/pico-sdk/src/rp2_common/pico_stdio/stdio.c.obj
 .rodata.__func__.3
                0x10008078       0x15 CMakeFiles/pwmAdcC.dir/C_/Program_Files/Raspberry_Pi/Pico_SDK_v1.5.1/pico-sdk/src/rp2_common/pico_stdio/stdio.c.obj
 *fill*         0x1000808d        0x3 
 .rodata.crlf_str.2
                0x10008090        0x2 CMakeFiles/pwmAdcC.dir/C_/Program_Files/Raspberry_Pi/Pico_SDK_v1.5.1/pico-sdk/src/rp2_common/pico_stdio/stdio.c.obj
 *fill*         0x10008092        0x2 
 .rodata._resetd_driver
                0x10008094       0x18 CMakeFiles/pwmAdcC.dir/C_/Program_Files/Raspberry_Pi/Pico_SDK_v1.5.1/pico-sdk/src/rp2_common/pico_stdio_usb/reset_interface.c.obj
 .rodata.low_priority_worker_irq.str1.4
                0x100080ac       0x7d CMakeFiles/pwmAdcC.dir/C_/Program_Files/Raspberry_Pi/Pico_SDK_v1.5.1/pico-sdk/src/rp2_common/pico_stdio_usb/stdio_usb.c.obj
 .rodata.stdio_usb_init.str1.4
                0x100080ac       0x61 CMakeFiles/pwmAdcC.dir/C_/Program_Files/Raspberry_Pi/Pico_SDK_v1.5.1/pico-sdk/src/rp2_common/pico_stdio_usb/stdio_usb.c.obj
                                 0x69 (size before relaxing)
 *fill*         0x1000810d        0x3 
 .rodata.str1.4
                0x10008110       0x13 CMakeFiles/pwmAdcC.dir/C_/Program_Files/Raspberry_Pi/Pico_SDK_v1.5.1/pico-sdk/src/rp2_common/pico_stdio_usb/stdio_usb.c.obj
 *fill*         0x10008123        0x1 
 .rodata.__bi_182.0
                0x10008124        0xc CMakeFiles/pwmAdcC.dir/C_/Program_Files/Raspberry_Pi/Pico_SDK_v1.5.1/pico-sdk/src/rp2_common/pico_stdio_usb/stdio_usb.c.obj
 .rodata.__func__.1
                0x10008130        0xf CMakeFiles/pwmAdcC.dir/C_/Program_Files/Raspberry_Pi/Pico_SDK_v1.5.1/pico-sdk/src/rp2_common/pico_stdio_usb/stdio_usb.c.obj
 *fill*         0x1000813f        0x1 
 .rodata.__func__.3
                0x10008140       0x15 CMakeFiles/pwmAdcC.dir/C_/Program_Files/Raspberry_Pi/Pico_SDK_v1.5.1/pico-sdk/src/rp2_common/pico_stdio_usb/stdio_usb.c.obj
 *fill*         0x10008155        0x3 
 .rodata.str1.4
                0x10008158       0x2a CMakeFiles/pwmAdcC.dir/C_/Program_Files/Raspberry_Pi/Pico_SDK_v1.5.1/pico-sdk/src/rp2_common/pico_stdio_usb/stdio_usb_descriptors.c.obj
 *fill*         0x10008182        0x2 
 .rodata.usbd_desc_cfg
                0x10008184       0x54 CMakeFiles/pwmAdcC.dir/C_/Program_Files/Raspberry_Pi/Pico_SDK_v1.5.1/pico-sdk/src/rp2_common/pico_stdio_usb/stdio_usb_descriptors.c.obj
 .rodata.usbd_desc_device
                0x100081d8       0x12 CMakeFiles/pwmAdcC.dir/C_/Program_Files/Raspberry_Pi/Pico_SDK_v1.5.1/pico-sdk/src/rp2_common/pico_stdio_usb/stdio_usb_descriptors.c.obj
 *fill*         0x100081ea        0x2 
 .rodata.usbd_desc_str
                0x100081ec       0x18 CMakeFiles/pwmAdcC.dir/C_/Program_Files/Raspberry_Pi/Pico_SDK_v1.5.1/pico-sdk/src/rp2_common/pico_stdio_usb/stdio_usb_descriptors.c.obj
 .rodata.pico_get_unique_board_id_string.str1.4
                0x10008204       0x69 CMakeFiles/pwmAdcC.dir/C_/Program_Files/Raspberry_Pi/Pico_SDK_v1.5.1/pico-sdk/src/rp2_common/pico_unique_id/unique_id.c.obj
 *fill*         0x1000826d        0x3 
 .rodata.__func__.0
                0x10008270       0x20 CMakeFiles/pwmAdcC.dir/C_/Program_Files/Raspberry_Pi/Pico_SDK_v1.5.1/pico-sdk/src/rp2_common/pico_unique_id/unique_id.c.obj
 .rodata.str1.4
                0x10008290      0x176 CMakeFiles/pwmAdcC.dir/C_/Program_Files/Raspberry_Pi/Pico_SDK_v1.5.1/pico-sdk/src/rp2_common/hardware_flash/flash.c.obj
 *fill*         0x10008406        0x2 
 .rodata.__func__.0
                0x10008408        0xd CMakeFiles/pwmAdcC.dir/C_/Program_Files/Raspberry_Pi/Pico_SDK_v1.5.1/pico-sdk/src/rp2_common/hardware_flash/flash.c.obj
 *fill*         0x10008415        0x3 
 .rodata._hw_endpoint_alloc.str1.4
                0x10008418       0xd1 CMakeFiles/pwmAdcC.dir/C_/Program_Files/Raspberry_Pi/Pico_SDK_v1.5.1/pico-sdk/lib/tinyusb/src/portable/raspberrypi/rp2040/dcd_rp2040.c.obj
 *fill*         0x100084e9        0x3 
 .rodata.str1.4
                0x100084ec       0x14 CMakeFiles/pwmAdcC.dir/C_/Program_Files/Raspberry_Pi/Pico_SDK_v1.5.1/pico-sdk/lib/tinyusb/src/portable/raspberrypi/rp2040/dcd_rp2040.c.obj
 .rodata.dcd_int_enable.str1.4
                0x10008500        0xc CMakeFiles/pwmAdcC.dir/C_/Program_Files/Raspberry_Pi/Pico_SDK_v1.5.1/pico-sdk/lib/tinyusb/src/portable/raspberrypi/rp2040/dcd_rp2040.c.obj
 .rodata.__func__.0
                0x1000850c        0xe CMakeFiles/pwmAdcC.dir/C_/Program_Files/Raspberry_Pi/Pico_SDK_v1.5.1/pico-sdk/lib/tinyusb/src/portable/raspberrypi/rp2040/dcd_rp2040.c.obj
 *fill*         0x1000851a        0x2 
 .rodata.__func__.1
                0x1000851c        0xe CMakeFiles/pwmAdcC.dir/C_/Program_Files/Raspberry_Pi/Pico_SDK_v1.5.1/pico-sdk/lib/tinyusb/src/portable/raspberrypi/rp2040/dcd_rp2040.c.obj
 *fill*         0x1000852a        0x2 
 .rodata.__func__.3
                0x1000852c       0x10 CMakeFiles/pwmAdcC.dir/C_/Program_Files/Raspberry_Pi/Pico_SDK_v1.5.1/pico-sdk/lib/tinyusb/src/portable/raspberrypi/rp2040/dcd_rp2040.c.obj
 .rodata.__func__.5
                0x1000853c        0xf CMakeFiles/pwmAdcC.dir/C_/Program_Files/Raspberry_Pi/Pico_SDK_v1.5.1/pico-sdk/lib/tinyusb/src/portable/raspberrypi/rp2040/dcd_rp2040.c.obj
 *fill*         0x1000854b        0x1 
 .rodata.__func__.6
                0x1000854c       0x13 CMakeFiles/pwmAdcC.dir/C_/Program_Files/Raspberry_Pi/Pico_SDK_v1.5.1/pico-sdk/lib/tinyusb/src/portable/raspberrypi/rp2040/dcd_rp2040.c.obj
 *fill*         0x1000855f        0x1 
 .rodata.__func__.7
                0x10008560        0x9 CMakeFiles/pwmAdcC.dir/C_/Program_Files/Raspberry_Pi/Pico_SDK_v1.5.1/pico-sdk/lib/tinyusb/src/portable/raspberrypi/rp2040/dcd_rp2040.c.obj
 *fill*         0x10008569        0x3 
 .rodata.str1.4
                0x1000856c      0x103 CMakeFiles/pwmAdcC.dir/C_/Program_Files/Raspberry_Pi/Pico_SDK_v1.5.1/pico-sdk/lib/tinyusb/src/portable/raspberrypi/rp2040/rp2040_usb.c.obj
 *fill*         0x1000866f        0x1 
 .rodata.__func__.0
                0x10008670        0xf CMakeFiles/pwmAdcC.dir/C_/Program_Files/Raspberry_Pi/Pico_SDK_v1.5.1/pico-sdk/lib/tinyusb/src/portable/raspberrypi/rp2040/rp2040_usb.c.obj
 *fill*         0x1000867f        0x1 
 .rodata.process_get_descriptor
                0x10008680       0x40 CMakeFiles/pwmAdcC.dir/C_/Program_Files/Raspberry_Pi/Pico_SDK_v1.5.1/pico-sdk/lib/tinyusb/src/device/usbd.c.obj
 .rodata.process_control_request
                0x100086c0       0x28 CMakeFiles/pwmAdcC.dir/C_/Program_Files/Raspberry_Pi/Pico_SDK_v1.5.1/pico-sdk/lib/tinyusb/src/device/usbd.c.obj
 .rodata.tud_task_ext
                0x100086e8       0x24 CMakeFiles/pwmAdcC.dir/C_/Program_Files/Raspberry_Pi/Pico_SDK_v1.5.1/pico-sdk/lib/tinyusb/src/device/usbd.c.obj
 .rodata._usbd_driver
                0x1000870c       0x18 CMakeFiles/pwmAdcC.dir/C_/Program_Files/Raspberry_Pi/Pico_SDK_v1.5.1/pico-sdk/lib/tinyusb/src/device/usbd.c.obj
                0x10008724                . = ALIGN (0x4)
 *(SORT_BY_ALIGNMENT(SORT_BY_NAME(.flashdata*)))
                0x10008724                . = ALIGN (0x4)

.ARM.extab
 *(.ARM.extab* .gnu.linkonce.armextab.*)
                0x10008724                __exidx_start = .

.ARM.exidx
 *(.ARM.exidx* .gnu.linkonce.armexidx.*)
                0x10008724                __exidx_end = .
                0x10008724                . = ALIGN (0x4)
                0x10008724                __binary_info_start = .

.binary_info    0x10008724       0x20
 *(.binary_info.keep.*)
 .binary_info.keep.__bi_ptr22
                0x10008724        0x4 CMakeFiles/pwmAdcC.dir/C_/Program_Files/Raspberry_Pi/Pico_SDK_v1.5.1/pico-sdk/src/rp2_common/pico_standard_link/binary_info.c.obj
 .binary_info.keep.__bi_ptr30
                0x10008728        0x4 CMakeFiles/pwmAdcC.dir/C_/Program_Files/Raspberry_Pi/Pico_SDK_v1.5.1/pico-sdk/src/rp2_common/pico_standard_link/binary_info.c.obj
 .binary_info.keep.__bi_ptr38
                0x1000872c        0x4 CMakeFiles/pwmAdcC.dir/C_/Program_Files/Raspberry_Pi/Pico_SDK_v1.5.1/pico-sdk/src/rp2_common/pico_standard_link/binary_info.c.obj
 .binary_info.keep.__bi_ptr44
                0x10008730        0x4 CMakeFiles/pwmAdcC.dir/C_/Program_Files/Raspberry_Pi/Pico_SDK_v1.5.1/pico-sdk/src/rp2_common/pico_standard_link/binary_info.c.obj
 .binary_info.keep.__bi_ptr50
                0x10008734        0x4 CMakeFiles/pwmAdcC.dir/C_/Program_Files/Raspberry_Pi/Pico_SDK_v1.5.1/pico-sdk/src/rp2_common/pico_standard_link/binary_info.c.obj
 .binary_info.keep.__bi_ptr75
                0x10008738        0x4 CMakeFiles/pwmAdcC.dir/C_/Program_Files/Raspberry_Pi/Pico_SDK_v1.5.1/pico-sdk/src/rp2_common/pico_standard_link/binary_info.c.obj
 .binary_info.keep.__bi_ptr81
                0x1000873c        0x4 CMakeFiles/pwmAdcC.dir/C_/Program_Files/Raspberry_Pi/Pico_SDK_v1.5.1/pico-sdk/src/rp2_common/pico_standard_link/binary_info.c.obj
 *(.binary_info.*)
 .binary_info.__bi_ptr182
                0x10008740        0x4 CMakeFiles/pwmAdcC.dir/C_/Program_Files/Raspberry_Pi/Pico_SDK_v1.5.1/pico-sdk/src/rp2_common/pico_stdio_usb/stdio_usb.c.obj
                0x10008744                __binary_info_end = .

.rel.dyn        0x10008744        0x0
 .rel.iplt      0x10008744        0x0 c:/progra~1/raspbe~1/picosd~1.1/gcc-ar~1/bin/../lib/gcc/arm-none-eabi/10.3.1/thumb/v6-m/nofp/crtbegin.o
                0x10008744                . = ALIGN (0x4)

.ram_vector_table
                0x20000000       0xc0
 *(.ram_vector_table)
 .ram_vector_table
                0x20000000       0xc0 CMakeFiles/pwmAdcC.dir/C_/Program_Files/Raspberry_Pi/Pico_SDK_v1.5.1/pico-sdk/src/rp2_common/pico_runtime/runtime.c.obj
                0x20000000                ram_vector_table

.data           0x200000c0      0xbf0 load address 0x10008744
                0x200000c0                __data_start__ = .
 *(vtable)
 *(.time_critical*)
 .time_critical.mutex_try_enter
                0x200000c0       0x46 CMakeFiles/pwmAdcC.dir/C_/Program_Files/Raspberry_Pi/Pico_SDK_v1.5.1/pico-sdk/src/common/pico_sync/mutex.c.obj
                0x200000c0                mutex_try_enter
 *fill*         0x20000106        0x2 
 .time_critical.mutex_enter_block_until
                0x20000108       0x8c CMakeFiles/pwmAdcC.dir/C_/Program_Files/Raspberry_Pi/Pico_SDK_v1.5.1/pico-sdk/src/common/pico_sync/mutex.c.obj
                0x20000108                mutex_enter_block_until
 .time_critical.mutex_try_enter_block_until
                0x20000194       0x34 CMakeFiles/pwmAdcC.dir/C_/Program_Files/Raspberry_Pi/Pico_SDK_v1.5.1/pico-sdk/src/common/pico_sync/mutex.c.obj
                0x20000194                mutex_try_enter_block_until
 .time_critical.mutex_enter_timeout_ms
                0x200001c8       0x68 CMakeFiles/pwmAdcC.dir/C_/Program_Files/Raspberry_Pi/Pico_SDK_v1.5.1/pico-sdk/src/common/pico_sync/mutex.c.obj
                0x200001c8                mutex_enter_timeout_ms
 .time_critical.mutex_exit
                0x20000230       0x4c CMakeFiles/pwmAdcC.dir/C_/Program_Files/Raspberry_Pi/Pico_SDK_v1.5.1/pico-sdk/src/common/pico_sync/mutex.c.obj
                0x20000230                mutex_exit
 .time_critical.flash_init_boot2_copyout
                0x2000027c       0x30 CMakeFiles/pwmAdcC.dir/C_/Program_Files/Raspberry_Pi/Pico_SDK_v1.5.1/pico-sdk/src/rp2_common/hardware_flash/flash.c.obj
 .time_critical.flash_enable_xip_via_boot2
                0x200002ac       0x10 CMakeFiles/pwmAdcC.dir/C_/Program_Files/Raspberry_Pi/Pico_SDK_v1.5.1/pico-sdk/src/rp2_common/hardware_flash/flash.c.obj
 .time_critical.flash_cs_force
                0x200002bc       0x28 CMakeFiles/pwmAdcC.dir/C_/Program_Files/Raspberry_Pi/Pico_SDK_v1.5.1/pico-sdk/src/rp2_common/hardware_flash/flash.c.obj
 .time_critical.flash_do_cmd
                0x200002e4       0xd8 CMakeFiles/pwmAdcC.dir/C_/Program_Files/Raspberry_Pi/Pico_SDK_v1.5.1/pico-sdk/src/rp2_common/hardware_flash/flash.c.obj
                0x200002e4                flash_do_cmd
 .time_critical.reset_non_control_endpoints
                0x200003bc       0x40 CMakeFiles/pwmAdcC.dir/C_/Program_Files/Raspberry_Pi/Pico_SDK_v1.5.1/pico-sdk/lib/tinyusb/src/portable/raspberrypi/rp2040/dcd_rp2040.c.obj
 .time_critical.hw_handle_buff_status
                0x200003fc       0xa4 CMakeFiles/pwmAdcC.dir/C_/Program_Files/Raspberry_Pi/Pico_SDK_v1.5.1/pico-sdk/lib/tinyusb/src/portable/raspberrypi/rp2040/dcd_rp2040.c.obj
 .time_critical.dcd_rp2040_irq
                0x200004a0      0x1cc CMakeFiles/pwmAdcC.dir/C_/Program_Files/Raspberry_Pi/Pico_SDK_v1.5.1/pico-sdk/lib/tinyusb/src/portable/raspberrypi/rp2040/dcd_rp2040.c.obj
 .time_critical.e15_is_bulkin_ep
                0x2000066c       0x2c CMakeFiles/pwmAdcC.dir/C_/Program_Files/Raspberry_Pi/Pico_SDK_v1.5.1/pico-sdk/lib/tinyusb/src/portable/raspberrypi/rp2040/rp2040_usb.c.obj
 .time_critical.e15_is_critical_frame_period
                0x20000698       0x30 CMakeFiles/pwmAdcC.dir/C_/Program_Files/Raspberry_Pi/Pico_SDK_v1.5.1/pico-sdk/lib/tinyusb/src/portable/raspberrypi/rp2040/rp2040_usb.c.obj
 .time_critical.prepare_ep_buffer
                0x200006c8       0x70 CMakeFiles/pwmAdcC.dir/C_/Program_Files/Raspberry_Pi/Pico_SDK_v1.5.1/pico-sdk/lib/tinyusb/src/portable/raspberrypi/rp2040/rp2040_usb.c.obj
 .time_critical.sync_ep_buffer
                0x20000738       0x80 CMakeFiles/pwmAdcC.dir/C_/Program_Files/Raspberry_Pi/Pico_SDK_v1.5.1/pico-sdk/lib/tinyusb/src/portable/raspberrypi/rp2040/rp2040_usb.c.obj
 .time_critical._hw_endpoint_xfer_sync
                0x200007b8       0x28 CMakeFiles/pwmAdcC.dir/C_/Program_Files/Raspberry_Pi/Pico_SDK_v1.5.1/pico-sdk/lib/tinyusb/src/portable/raspberrypi/rp2040/rp2040_usb.c.obj
 .time_critical.hw_endpoint_reset_transfer
                0x200007e0        0xc CMakeFiles/pwmAdcC.dir/C_/Program_Files/Raspberry_Pi/Pico_SDK_v1.5.1/pico-sdk/lib/tinyusb/src/portable/raspberrypi/rp2040/rp2040_usb.c.obj
                0x200007e0                hw_endpoint_reset_transfer
 .time_critical._hw_endpoint_buffer_control_update32
                0x200007ec       0x58 CMakeFiles/pwmAdcC.dir/C_/Program_Files/Raspberry_Pi/Pico_SDK_v1.5.1/pico-sdk/lib/tinyusb/src/portable/raspberrypi/rp2040/rp2040_usb.c.obj
                0x200007ec                _hw_endpoint_buffer_control_update32
 .time_critical.hw_endpoint_start_next_buffer
                0x20000844       0x88 CMakeFiles/pwmAdcC.dir/C_/Program_Files/Raspberry_Pi/Pico_SDK_v1.5.1/pico-sdk/lib/tinyusb/src/portable/raspberrypi/rp2040/rp2040_usb.c.obj
                0x20000844                hw_endpoint_start_next_buffer
 .time_critical.hw_endpoint_xfer_continue
                0x200008cc       0x50 CMakeFiles/pwmAdcC.dir/C_/Program_Files/Raspberry_Pi/Pico_SDK_v1.5.1/pico-sdk/lib/tinyusb/src/portable/raspberrypi/rp2040/rp2040_usb.c.obj
                0x200008cc                hw_endpoint_xfer_continue
 .time_critical.tinyusb
                0x2000091c      0x200 CMakeFiles/pwmAdcC.dir/C_/Program_Files/Raspberry_Pi/Pico_SDK_v1.5.1/pico-sdk/lib/tinyusb/src/device/usbd.c.obj
                0x2000091c                dcd_event_handler
 *(.text*)
 .text          0x20000b1c        0x4 c:/progra~1/raspbe~1/picosd~1.1/gcc-ar~1/bin/../lib/gcc/arm-none-eabi/10.3.1/thumb/v6-m/nofp\libgcc.a(_dvmd_tls.o)
                0x20000b1c                __aeabi_idiv0
                0x20000b1c                __aeabi_ldiv0
 .text.__stub   0x20000b20       0x90 linker stubs
                0x20000bb0                . = ALIGN (0x4)
 *(.rodata*)
                0x20000bb0                . = ALIGN (0x4)
 *(.data*)
 .data          0x20000bb0        0x4 CMakeFiles/pwmAdcC.dir/src/pwm.s.obj
 .data.striped_spin_lock_num
                0x20000bb4        0x1 CMakeFiles/pwmAdcC.dir/C_/Program_Files/Raspberry_Pi/Pico_SDK_v1.5.1/pico-sdk/src/rp2_common/hardware_sync/sync.c.obj
 *fill*         0x20000bb5        0x3 